Component: ARM Compiler 5.06 update 7 (build 960) Tool: armlink [4d3601]

==============================================================================

Section Cross References

    system_stm32f4xx.o(i.SystemCoreClockUpdate) refers to system_stm32f4xx.o(.data) for SystemCoreClock
    system_stm32f4xx.o(i.SystemCoreClockUpdate) refers to system_stm32f4xx.o(.constdata) for AHBPrescTable
    dhcp.o(i.dhcp_arp_reply) refers to dhcp.o(i.dhcp_decline) for dhcp_decline
    dhcp.o(i.dhcp_bind) refers to dhcp.o(i.dhcp_set_state) for dhcp_set_state
    dhcp.o(i.dhcp_bind) refers to netif.o(i.netif_set_addr) for netif_set_addr
    dhcp.o(i.dhcp_check) refers to dhcp.o(i.dhcp_set_state) for dhcp_set_state
    dhcp.o(i.dhcp_check) refers to etharp.o(i.etharp_query) for etharp_query
    dhcp.o(i.dhcp_cleanup) refers to mem.o(i.mem_free) for mem_free
    dhcp.o(i.dhcp_coarse_tmr) refers to dhcp.o(i.dhcp_release) for dhcp_release
    dhcp.o(i.dhcp_coarse_tmr) refers to dhcp.o(i.dhcp_discover) for dhcp_discover
    dhcp.o(i.dhcp_coarse_tmr) refers to dhcp.o(i.dhcp_t2_timeout) for dhcp_t2_timeout
    dhcp.o(i.dhcp_coarse_tmr) refers to dhcp.o(i.dhcp_t1_timeout) for dhcp_t1_timeout
    dhcp.o(i.dhcp_coarse_tmr) refers to netif.o(.data) for netif_list
    dhcp.o(i.dhcp_create_msg) refers to pbuf.o(i.pbuf_alloc) for pbuf_alloc
    dhcp.o(i.dhcp_create_msg) refers to rand.o(.text) for rand
    dhcp.o(i.dhcp_create_msg) refers to def.o(i.lwip_htonl) for lwip_htonl
    dhcp.o(i.dhcp_create_msg) refers to dhcp.o(i.dhcp_option) for dhcp_option
    dhcp.o(i.dhcp_create_msg) refers to dhcp.o(i.dhcp_option_byte) for dhcp_option_byte
    dhcp.o(i.dhcp_create_msg) refers to dhcp.o(.data) for xid
    dhcp.o(i.dhcp_dec_pcb_refcount) refers to udp.o(i.udp_remove) for udp_remove
    dhcp.o(i.dhcp_dec_pcb_refcount) refers to dhcp.o(.data) for dhcp_pcb_refcount
    dhcp.o(i.dhcp_decline) refers to dhcp.o(i.dhcp_set_state) for dhcp_set_state
    dhcp.o(i.dhcp_decline) refers to dhcp.o(i.dhcp_create_msg) for dhcp_create_msg
    dhcp.o(i.dhcp_decline) refers to dhcp.o(i.dhcp_option) for dhcp_option
    dhcp.o(i.dhcp_decline) refers to def.o(i.lwip_htonl) for lwip_htonl
    dhcp.o(i.dhcp_decline) refers to dhcp.o(i.dhcp_option_long) for dhcp_option_long
    dhcp.o(i.dhcp_decline) refers to dhcp.o(i.dhcp_option_trailer) for dhcp_option_trailer
    dhcp.o(i.dhcp_decline) refers to pbuf.o(i.pbuf_realloc) for pbuf_realloc
    dhcp.o(i.dhcp_decline) refers to udp.o(i.udp_sendto_if_src) for udp_sendto_if_src
    dhcp.o(i.dhcp_decline) refers to dhcp.o(i.dhcp_delete_msg) for dhcp_delete_msg
    dhcp.o(i.dhcp_decline) refers to ip4_addr.o(.constdata) for ip_addr_any
    dhcp.o(i.dhcp_decline) refers to dhcp.o(.data) for dhcp_pcb
    dhcp.o(i.dhcp_delete_msg) refers to pbuf.o(i.pbuf_free) for pbuf_free
    dhcp.o(i.dhcp_discover) refers to dhcp.o(i.dhcp_set_state) for dhcp_set_state
    dhcp.o(i.dhcp_discover) refers to dhcp.o(i.dhcp_create_msg) for dhcp_create_msg
    dhcp.o(i.dhcp_discover) refers to dhcp.o(i.dhcp_option) for dhcp_option
    dhcp.o(i.dhcp_discover) refers to dhcp.o(i.dhcp_option_short) for dhcp_option_short
    dhcp.o(i.dhcp_discover) refers to dhcp.o(i.dhcp_option_byte) for dhcp_option_byte
    dhcp.o(i.dhcp_discover) refers to dhcp.o(i.dhcp_option_trailer) for dhcp_option_trailer
    dhcp.o(i.dhcp_discover) refers to pbuf.o(i.pbuf_realloc) for pbuf_realloc
    dhcp.o(i.dhcp_discover) refers to udp.o(i.udp_sendto_if_src) for udp_sendto_if_src
    dhcp.o(i.dhcp_discover) refers to dhcp.o(i.dhcp_delete_msg) for dhcp_delete_msg
    dhcp.o(i.dhcp_discover) refers to dhcp.o(.data) for dhcp_discover_request_options
    dhcp.o(i.dhcp_discover) refers to ip4_addr.o(.constdata) for ip_addr_any
    dhcp.o(i.dhcp_fine_tmr) refers to dhcp.o(i.dhcp_timeout) for dhcp_timeout
    dhcp.o(i.dhcp_fine_tmr) refers to netif.o(.data) for netif_list
    dhcp.o(i.dhcp_handle_ack) refers to def.o(i.lwip_htonl) for lwip_htonl
    dhcp.o(i.dhcp_handle_ack) refers to dhcp.o(.bss) for dhcp_rx_options_given
    dhcp.o(i.dhcp_handle_nak) refers to dhcp.o(i.dhcp_set_state) for dhcp_set_state
    dhcp.o(i.dhcp_handle_nak) refers to netif.o(i.netif_set_addr) for netif_set_addr
    dhcp.o(i.dhcp_handle_nak) refers to dhcp.o(i.dhcp_discover) for dhcp_discover
    dhcp.o(i.dhcp_handle_nak) refers to ip4_addr.o(.constdata) for ip_addr_any
    dhcp.o(i.dhcp_handle_offer) refers to def.o(i.lwip_htonl) for lwip_htonl
    dhcp.o(i.dhcp_handle_offer) refers to dhcp.o(i.dhcp_select) for dhcp_select
    dhcp.o(i.dhcp_handle_offer) refers to dhcp.o(.bss) for dhcp_rx_options_given
    dhcp.o(i.dhcp_inc_pcb_refcount) refers to udp.o(i.udp_new) for udp_new
    dhcp.o(i.dhcp_inc_pcb_refcount) refers to udp.o(i.udp_bind) for udp_bind
    dhcp.o(i.dhcp_inc_pcb_refcount) refers to udp.o(i.udp_connect) for udp_connect
    dhcp.o(i.dhcp_inc_pcb_refcount) refers to udp.o(i.udp_recv) for udp_recv
    dhcp.o(i.dhcp_inc_pcb_refcount) refers to dhcp.o(.data) for dhcp_pcb_refcount
[...]
    lcd_log.o(i.LCD_LOG_ScrollForward) refers to lcd_log.o(.data) for LCD_ScrollBackStep
    lcd_log.o(i.LCD_LOG_SetFooter) refers to stm324xg_eval_lcd.o(i.BSP_LCD_SetFont) for BSP_LCD_SetFont
    lcd_log.o(i.LCD_LOG_SetFooter) refers to stm324xg_eval_lcd.o(i.BSP_LCD_SetTextColor) for BSP_LCD_SetTextColor
    lcd_log.o(i.LCD_LOG_SetFooter) refers to stm324xg_eval_lcd.o(i.BSP_LCD_GetXSize) for BSP_LCD_GetXSize
    lcd_log.o(i.LCD_LOG_SetFooter) refers to stm324xg_eval_lcd.o(i.BSP_LCD_GetYSize) for BSP_LCD_GetYSize
    lcd_log.o(i.LCD_LOG_SetFooter) refers to stm324xg_eval_lcd.o(i.BSP_LCD_FillRect) for BSP_LCD_FillRect
    lcd_log.o(i.LCD_LOG_SetFooter) refers to stm324xg_eval_lcd.o(i.BSP_LCD_SetBackColor) for BSP_LCD_SetBackColor
    lcd_log.o(i.LCD_LOG_SetFooter) refers to stm324xg_eval_lcd.o(i.BSP_LCD_DisplayStringAt) for BSP_LCD_DisplayStringAt
    lcd_log.o(i.LCD_LOG_SetFooter) refers to stm324xg_eval_lcd.o(.data) for Font12
    lcd_log.o(i.LCD_LOG_SetHeader) refers to stm324xg_eval_lcd.o(i.BSP_LCD_SetFont) for BSP_LCD_SetFont
    lcd_log.o(i.LCD_LOG_SetHeader) refers to stm324xg_eval_lcd.o(i.BSP_LCD_SetTextColor) for BSP_LCD_SetTextColor
    lcd_log.o(i.LCD_LOG_SetHeader) refers to stm324xg_eval_lcd.o(i.BSP_LCD_GetXSize) for BSP_LCD_GetXSize
    lcd_log.o(i.LCD_LOG_SetHeader) refers to stm324xg_eval_lcd.o(i.BSP_LCD_FillRect) for BSP_LCD_FillRect
    lcd_log.o(i.LCD_LOG_SetHeader) refers to stm324xg_eval_lcd.o(i.BSP_LCD_SetBackColor) for BSP_LCD_SetBackColor
    lcd_log.o(i.LCD_LOG_SetHeader) refers to stm324xg_eval_lcd.o(i.BSP_LCD_DisplayStringAt) for BSP_LCD_DisplayStringAt
    lcd_log.o(i.LCD_LOG_SetHeader) refers to stm324xg_eval_lcd.o(.data) for Font16
    lcd_log.o(i.LCD_LOG_UpdateDisplay) refers to stm324xg_eval_lcd.o(i.BSP_LCD_SetTextColor) for BSP_LCD_SetTextColor
    lcd_log.o(i.LCD_LOG_UpdateDisplay) refers to stm324xg_eval_lcd.o(i.BSP_LCD_DisplayStringAtLine) for BSP_LCD_DisplayStringAtLine
    lcd_log.o(i.LCD_LOG_UpdateDisplay) refers to lcd_log.o(.data) for LCD_CacheBuffer_yptr_bottom
    lcd_log.o(i.LCD_LOG_UpdateDisplay) refers to lcd_log.o(.bss) for LCD_CacheBuffer
    lcd_log.o(i.fputc) refers to stm324xg_eval_lcd.o(i.BSP_LCD_GetFont) for BSP_LCD_GetFont
    lcd_log.o(i.fputc) refers to stm324xg_eval_lcd.o(i.BSP_LCD_GetXSize) for BSP_LCD_GetXSize
    lcd_log.o(i.fputc) refers to lcd_log.o(i.LCD_LOG_UpdateDisplay) for LCD_LOG_UpdateDisplay
    lcd_log.o(i.fputc) refers to lcd_log.o(.data) for LCD_Lock
    lcd_log.o(i.fputc) refers to lcd_log.o(.bss) for LCD_CacheBuffer
    main.o(i.AUDIO_AMP_Boot_Set) refers to stm32f4xx_hal.o(i.HAL_Delay) for HAL_Delay
    main.o(i.AUDIO_AMP_Boot_Set) refers to usrat.o(i.MyPrintf_USART1) for MyPrintf_USART1
    main.o(i.BSP_Config) refers to stm32f4xx_hal_gpio.o(i.HAL_GPIO_Init) for HAL_GPIO_Init
    main.o(i.BSP_Config) refers to stm32f4xx_hal_cortex.o(i.HAL_NVIC_SetPriority) for HAL_NVIC_SetPriority
    main.o(i.BSP_Config) refers to stm32f4xx_hal_cortex.o(i.HAL_NVIC_EnableIRQ) for HAL_NVIC_EnableIRQ
    main.o(i.BSP_Config) refers to stm32f4xx_hal_gpio.o(i.HAL_GPIO_WritePin) for HAL_GPIO_WritePin
    main.o(i.HAL_ADC_ConvCpltCallback) refers to f2d.o(.text) for __aeabi_f2d
    main.o(i.HAL_ADC_ConvCpltCallback) refers to dmul.o(.text) for __aeabi_dmul
    main.o(i.HAL_ADC_ConvCpltCallback) refers to ddiv.o(.text) for __aeabi_ddiv
    main.o(i.HAL_ADC_ConvCpltCallback) refers to d2f.o(.text) for __aeabi_d2f
    main.o(i.HAL_ADC_ConvCpltCallback) refers to dadd.o(.text) for __aeabi_dsub
    main.o(i.HAL_ADC_ConvCpltCallback) refers to dfixui.o(.text) for __aeabi_d2uiz
    main.o(i.HAL_ADC_ConvCpltCallback) refers to main.o(.data) for uhADCxConvertedValue_Cnt
    main.o(i.HAL_ADC_ConvCpltCallback) refers to main.o(.bss) for ADCValue3
    main.o(i.HAL_GPIO_EXTI_Callback) refers to ethernetif.o(i.ethernetif_set_link) for ethernetif_set_link
    main.o(i.HAL_GPIO_EXTI_Callback) refers to main.o(.bss) for gnetif
    main.o(i.HAL_RTC_AlarmAEventCallback) refers to main.o(i.RTC_TimeShow) for RTC_TimeShow
    main.o(i.HAL_RTC_AlarmAEventCallback) refers to main.o(.data) for aShowTime
    main.o(i.MX_ADC1_Init) refers to main.o(i.Error_Handler) for Error_Handler
    main.o(i.MX_ADC1_Init) refers to spi_flash.o(i.Error_Handler) for Error_Handler
    main.o(i.MX_ADC1_Init) refers to main.o(.bss) for AdcHandle1
    main.o(i.MX_ADC3_Init) refers to main.o(i.Error_Handler) for Error_Handler
    main.o(i.MX_ADC3_Init) refers to spi_flash.o(i.Error_Handler) for Error_Handler
    main.o(i.MX_ADC3_Init) refers to main.o(.bss) for AdcHandle3
    main.o(i.MX_ADC_DMA_Init) refers to stm32f4xx_hal_cortex.o(i.HAL_NVIC_SetPriority) for HAL_NVIC_SetPriority
    main.o(i.MX_ADC_DMA_Init) refers to stm32f4xx_hal_cortex.o(i.HAL_NVIC_EnableIRQ) for HAL_NVIC_EnableIRQ
    main.o(i.Netif_Config) refers to netif.o(i.netif_add) for netif_add
    main.o(i.Netif_Config) refers to netif.o(i.netif_set_default) for netif_set_default
    main.o(i.Netif_Config) refers to netif.o(i.netif_set_up) for netif_set_up
    main.o(i.Netif_Config) refers to usrat.o(i.MyPrintf_USART1) for MyPrintf_USART1
    main.o(i.Netif_Config) refers to netif.o(i.netif_set_down) for netif_set_down
    main.o(i.Netif_Config) refers to netif.o(i.netif_set_link_callback) for netif_set_link_callback
    main.o(i.Netif_Config) refers to ethernet.o(i.ethernet_input) for ethernet_input
    main.o(i.Netif_Config) refers to ethernetif.o(i.ethernetif_init) for ethernetif_init
    main.o(i.Netif_Config) refers to main.o(.bss) for gnetif
    main.o(i.Netif_Config) refers to ethernetif.o(i.ethernetif_update_config) for ethernetif_update_config
    main.o(i.RTC_AlarmInit) refers to main.o(i.Error_Handler) for Error_Handler
    main.o(i.RTC_AlarmInit) refers to spi_flash.o(i.Error_Handler) for Error_Handler
    main.o(i.RTC_AlarmInit) refers to main.o(i.RTC_AlarmConfig) for RTC_AlarmConfig
    main.o(i.RTC_AlarmInit) refers to main.o(.bss) for RtcHandle
    main.o(i.RTC_TimeShow) refers to usrat.o(i.BCD_BIN) for BCD_BIN
    main.o(i.RTC_TimeShow) refers to usrat.o(i.BIN_BCD) for BIN_BCD
    main.o(i.RTC_TimeShow) refers to printfa.o(i.__0sprintf) for __2sprintf
    main.o(i.RTC_TimeShow) refers to main.o(.bss) for stimestructureget
    main.o(i.RTC_TimeShow) refers to main.o(.data) for sdatestructureget
    main.o(i.SystemClock_Config) refers to stm32f4xx_hal_rcc.o(i.HAL_RCC_OscConfig) for HAL_RCC_OscConfig
    main.o(i.SystemClock_Config) refers to main.o(i.Error_Handler) for Error_Handler
    main.o(i.SystemClock_Config) refers to spi_flash.o(i.Error_Handler) for Error_Handler
    main.o(i.SystemClock_Config) refers to stm32f4xx_hal_rcc.o(i.HAL_RCC_ClockConfig) for HAL_RCC_ClockConfig
    main.o(i.SystemClock_Config) refers to stm32f4xx_hal.o(i.HAL_GetREVID) for HAL_GetREVID
    main.o(i.Time_Main) refers to usrat.o(i.MyPrintf_USART1) for MyPrintf_USART1
    main.o(i.Time_Main) refers to ip4_addr.o(i.ip4addr_ntoa) for ip4addr_ntoa
    main.o(i.Time_Main) refers to main.o(.data) for m_Main_TIM_Cnt
    main.o(i.Time_Main) refers to main.o(.bss) for mLed_Process_Flag
    main.o(i.main) refers to stm32f4xx_hal.o(i.HAL_Init) for HAL_Init
    main.o(i.main) refers to main.o(i.SystemClock_Config) for SystemClock_Config
    main.o(i.main) refers to main.o(i.BSP_Config) for BSP_Config
    main.o(i.main) refers to timer.o(i.Timer_init) for Timer_init
    main.o(i.main) refers to usrat.o(i.USRAT_init) for USRAT_init
    main.o(i.main) refers to init.o(i.lwip_init) for lwip_init
    main.o(i.main) refers to main.o(i.Netif_Config) for Netif_Config
    main.o(i.main) refers to app_ethernet.o(i.User_notification) for User_notification
    main.o(i.main) refers to ethernetif.o(i.ethernetif_input) for ethernetif_input
    main.o(i.main) refers to timeouts.o(i.sys_check_timeouts) for sys_check_timeouts
    main.o(i.main) refers to usrat.o(i.USARTRX_MainPro) for USARTRX_MainPro
    main.o(i.main) refers to app_ethernet.o(i.DHCP_Periodic_Handle) for DHCP_Periodic_Handle
    main.o(i.main) refers to main.o(.bss) for gnetif
    app_ethernet.o(i.DHCP_Periodic_Handle) refers to stm32f4xx_hal.o(i.HAL_GetTick) for HAL_GetTick
    app_ethernet.o(i.DHCP_Periodic_Handle) refers to app_ethernet.o(i.DHCP_Process) for DHCP_Process
    app_ethernet.o(i.DHCP_Periodic_Handle) refers to app_ethernet.o(.data) for DHCPfineTimer
    app_ethernet.o(i.DHCP_Process) refers to dhcp.o(i.dhcp_start) for dhcp_start
    app_ethernet.o(i.DHCP_Process) refers to ip4_addr.o(i.ip4addr_ntoa) for ip4addr_ntoa
    app_ethernet.o(i.DHCP_Process) refers to printfa.o(i.__0sprintf) for __2sprintf
    app_ethernet.o(i.DHCP_Process) refers to usrat.o(i.MyPrintf_USART1) for MyPrintf_USART1
    app_ethernet.o(i.DHCP_Process) refers to dhcp.o(i.dhcp_supplied_address) for dhcp_supplied_address
    app_ethernet.o(i.DHCP_Process) refers to dhcp.o(i.dhcp_stop) for dhcp_stop
    app_ethernet.o(i.DHCP_Process) refers to netif.o(i.netif_set_up) for netif_set_up
    app_ethernet.o(i.DHCP_Process) refers to netif.o(i.netif_set_addr) for netif_set_addr
    app_ethernet.o(i.DHCP_Process) refers to app_ethernet.o(.data) for DHCP_state
    app_ethernet.o(i.DHCP_Process) refers to main.o(.bss) for mLed_Process_Flag
    app_ethernet.o(i.User_notification) refers to ip4_addr.o(i.ip4addr_ntoa) for ip4addr_ntoa
    app_ethernet.o(i.User_notification) refers to printfa.o(i.__0sprintf) for __2sprintf
    app_ethernet.o(i.User_notification) refers to usrat.o(i.MyPrintf_USART1) for MyPrintf_USART1
    app_ethernet.o(i.ethernetif_notify_conn_changed) refers to usrat.o(i.MyPrintf_USART1) for MyPrintf_USART1
    app_ethernet.o(i.ethernetif_notify_conn_changed) refers to netif.o(i.netif_set_up) for netif_set_up
    app_ethernet.o(i.ethernetif_notify_conn_changed) refers to netif.o(i.netif_set_down) for netif_set_down
    app_ethernet.o(i.ethernetif_notify_conn_changed) refers to app_ethernet.o(.data) for DHCP_state
    app_ethernet.o(i.ethernetif_notify_conn_changed) refers to main.o(.bss) for mLed_Process_Flag
    stm32f4xx_it.o(i.EXTI9_5_IRQHandler) refers to stm32f4xx_hal_gpio.o(i.HAL_GPIO_EXTI_IRQHandler) for HAL_GPIO_EXTI_IRQHandler
    stm32f4xx_it.o(i.I2C1_ER_IRQHandler) refers to stm32f4xx_hal_i2c.o(i.HAL_I2C_ER_IRQHandler) for HAL_I2C_ER_IRQHandler
    stm32f4xx_it.o(i.I2C1_EV_IRQHandler) refers to stm32f4xx_hal_i2c.o(i.HAL_I2C_EV_IRQHandler) for HAL_I2C_EV_IRQHandler
    stm32f4xx_it.o(i.SysTick_Handler) refers to stm32f4xx_hal.o(i.HAL_IncTick) for HAL_IncTick
    tcp_echoserver.o(i.tcp_echoserver_accept) refers to tcp.o(i.tcp_setprio) for tcp_setprio
    tcp_echoserver.o(i.tcp_echoserver_accept) refers to mem.o(i.mem_malloc) for mem_malloc
    tcp_echoserver.o(i.tcp_echoserver_accept) refers to tcp.o(i.tcp_arg) for tcp_arg
    tcp_echoserver.o(i.tcp_echoserver_accept) refers to tcp.o(i.tcp_recv) for tcp_recv
    tcp_echoserver.o(i.tcp_echoserver_accept) refers to tcp.o(i.tcp_err) for tcp_err
    tcp_echoserver.o(i.tcp_echoserver_accept) refers to tcp.o(i.tcp_poll) for tcp_poll
    tcp_echoserver.o(i.tcp_echoserver_accept) refers to usrat.o(i.MyPrintf_USART1) for MyPrintf_USART1
    tcp_echoserver.o(i.tcp_echoserver_accept) refers to tcp_echoserver.o(i.tcp_echoserver_connection_close) for tcp_echoserver_connection_close
    tcp_echoserver.o(i.tcp_echoserver_accept) refers to tcp_echoserver.o(i.tcp_echoserver_recv) for tcp_echoserver_recv
    tcp_echoserver.o(i.tcp_echoserver_accept) refers to tcp_echoserver.o(i.tcp_echoserver_error) for tcp_echoserver_error
    tcp_echoserver.o(i.tcp_echoserver_accept) refers to tcp_echoserver.o(i.tcp_echoserver_poll) for tcp_echoserver_poll
    tcp_echoserver.o(i.tcp_echoserver_connection_close) refers to tcp.o(i.tcp_arg) for tcp_arg
    tcp_echoserver.o(i.tcp_echoserver_connection_close) refers to tcp.o(i.tcp_sent) for tcp_sent
    tcp_echoserver.o(i.tcp_echoserver_connection_close) refers to tcp.o(i.tcp_recv) for tcp_recv
    tcp_echoserver.o(i.tcp_echoserver_connection_close) refers to tcp.o(i.tcp_err) for tcp_err
    tcp_echoserver.o(i.tcp_echoserver_connection_close) refers to tcp.o(i.tcp_poll) for tcp_poll
    tcp_echoserver.o(i.tcp_echoserver_connection_close) refers to mem.o(i.mem_free) for mem_free
    tcp_echoserver.o(i.tcp_echoserver_connection_close) refers to tcp.o(i.tcp_close) for tcp_close
    tcp_echoserver.o(i.tcp_echoserver_connection_close) refers to usrat.o(i.MyPrintf_USART1) for MyPrintf_USART1
    tcp_echoserver.o(i.tcp_echoserver_error) refers to mem.o(i.mem_free) for mem_free
    tcp_echoserver.o(i.tcp_echoserver_init) refers to tcp.o(i.tcp_new) for tcp_new
    tcp_echoserver.o(i.tcp_echoserver_init) refers to tcp.o(i.tcp_bind) for tcp_bind
    tcp_echoserver.o(i.tcp_echoserver_init) refers to tcp.o(i.tcp_listen_with_backlog) for tcp_listen_with_backlog
    tcp_echoserver.o(i.tcp_echoserver_init) refers to tcp.o(i.tcp_accept) for tcp_accept
    tcp_echoserver.o(i.tcp_echoserver_init) refers to memp.o(i.memp_free) for memp_free
    tcp_echoserver.o(i.tcp_echoserver_init) refers to tcp_echoserver.o(.data) for tcp_echoserver_pcb
    tcp_echoserver.o(i.tcp_echoserver_init) refers to ip4_addr.o(.constdata) for ip_addr_any
    tcp_echoserver.o(i.tcp_echoserver_init) refers to tcp_echoserver.o(i.tcp_echoserver_accept) for tcp_echoserver_accept
    tcp_echoserver.o(i.tcp_echoserver_poll) refers to tcp.o(i.tcp_sent) for tcp_sent
    tcp_echoserver.o(i.tcp_echoserver_poll) refers to tcp_echoserver.o(i.tcp_echoserver_send) for tcp_echoserver_send
    tcp_echoserver.o(i.tcp_echoserver_poll) refers to tcp_echoserver.o(i.tcp_echoserver_connection_close) for tcp_echoserver_connection_close
    tcp_echoserver.o(i.tcp_echoserver_poll) refers to tcp.o(i.tcp_abort) for tcp_abort
    tcp_echoserver.o(i.tcp_echoserver_poll) refers to tcp_echoserver.o(i.tcp_echoserver_sent) for tcp_echoserver_sent
    tcp_echoserver.o(i.tcp_echoserver_recv) refers to tcp_echoserver.o(i.tcp_echoserver_connection_close) for tcp_echoserver_connection_close
    tcp_echoserver.o(i.tcp_echoserver_recv) refers to tcp.o(i.tcp_sent) for tcp_sent
    tcp_echoserver.o(i.tcp_echoserver_recv) refers to tcp_echoserver.o(i.tcp_echoserver_send) for tcp_echoserver_send
    tcp_echoserver.o(i.tcp_echoserver_recv) refers to pbuf.o(i.pbuf_free) for pbuf_free
    tcp_echoserver.o(i.tcp_echoserver_recv) refers to tcp.o(i.tcp_recved) for tcp_recved
    tcp_echoserver.o(i.tcp_echoserver_recv) refers to pbuf.o(i.pbuf_chain) for pbuf_chain
    tcp_echoserver.o(i.tcp_echoserver_recv) refers to tcp_echoserver.o(.data) for Tcp_flag
    tcp_echoserver.o(i.tcp_echoserver_recv) refers to tcp_echoserver.o(i.tcp_echoserver_sent) for tcp_echoserver_sent
    tcp_echoserver.o(i.tcp_echoserver_send) refers to tcp_out.o(i.tcp_write) for tcp_write
    tcp_echoserver.o(i.tcp_echoserver_send) refers to pbuf.o(i.pbuf_ref) for pbuf_ref
    tcp_echoserver.o(i.tcp_echoserver_send) refers to pbuf.o(i.pbuf_free) for pbuf_free
    tcp_echoserver.o(i.tcp_echoserver_send) refers to tcp.o(i.tcp_recved) for tcp_recved
    tcp_echoserver.o(i.tcp_echoserver_sent) refers to tcp.o(i.tcp_sent) for tcp_sent
    tcp_echoserver.o(i.tcp_echoserver_sent) refers to tcp_echoserver.o(i.tcp_echoserver_send) for tcp_echoserver_send
    tcp_echoserver.o(i.tcp_echoserver_sent) refers to tcp_echoserver.o(i.tcp_echoserver_connection_close) for tcp_echoserver_connection_close
    ethernetif.o(i.HAL_ETH_MspInit) refers to stm32f4xx_hal_gpio.o(i.HAL_GPIO_Init) for HAL_GPIO_Init
    ethernetif.o(i.ethernetif_init) refers to ethernetif.o(i.low_level_init) for low_level_init
    ethernetif.o(i.ethernetif_init) refers to etharp.o(i.etharp_output) for etharp_output
    ethernetif.o(i.ethernetif_init) refers to ethernetif.o(i.low_level_output) for low_level_output
    ethernetif.o(i.ethernetif_input) refers to ethernetif.o(i.low_level_input) for low_level_input
    ethernetif.o(i.ethernetif_input) refers to usrat.o(i.MyPrintf_USART1) for MyPrintf_USART1
    ethernetif.o(i.ethernetif_input) refers to pbuf.o(i.pbuf_free) for pbuf_free
    ethernetif.o(i.ethernetif_set_link) refers to stm32f4xx_hal_eth.o(i.HAL_ETH_ReadPHYRegister) for HAL_ETH_ReadPHYRegister
    ethernetif.o(i.ethernetif_set_link) refers to netif.o(i.netif_set_link_up) for netif_set_link_up
    ethernetif.o(i.ethernetif_set_link) refers to netif.o(i.netif_set_link_down) for netif_set_link_down
    ethernetif.o(i.ethernetif_set_link) refers to ethernetif.o(.bss) for EthHandle
    ethernetif.o(i.ethernetif_update_config) refers to stm32f4xx_hal_eth.o(i.HAL_ETH_WritePHYRegister) for HAL_ETH_WritePHYRegister
    ethernetif.o(i.ethernetif_update_config) refers to stm32f4xx_hal.o(i.HAL_GetTick) for HAL_GetTick
    ethernetif.o(i.ethernetif_update_config) refers to stm32f4xx_hal_eth.o(i.HAL_ETH_ReadPHYRegister) for HAL_ETH_ReadPHYRegister
    ethernetif.o(i.ethernetif_update_config) refers to stm32f4xx_hal_eth.o(i.HAL_ETH_ConfigMAC) for HAL_ETH_ConfigMAC
    ethernetif.o(i.ethernetif_update_config) refers to stm32f4xx_hal_eth.o(i.HAL_ETH_Start) for HAL_ETH_Start
    ethernetif.o(i.ethernetif_update_config) refers to stm32f4xx_hal_eth.o(i.HAL_ETH_Stop) for HAL_ETH_Stop
    ethernetif.o(i.ethernetif_update_config) refers to app_ethernet.o(i.ethernetif_notify_conn_changed) for ethernetif_notify_conn_changed
    ethernetif.o(i.ethernetif_update_config) refers to ethernetif.o(.bss) for EthHandle
    ethernetif.o(i.low_level_init) refers to stm32f4xx_hal_eth.o(i.HAL_ETH_Init) for HAL_ETH_Init
    ethernetif.o(i.low_level_init) refers to stm32f4xx_hal_eth.o(i.HAL_ETH_DMATxDescListInit) for HAL_ETH_DMATxDescListInit
    ethernetif.o(i.low_level_init) refers to stm32f4xx_hal_eth.o(i.HAL_ETH_DMARxDescListInit) for HAL_ETH_DMARxDescListInit
    ethernetif.o(i.low_level_init) refers to stm32f4xx_hal_eth.o(i.HAL_ETH_Start) for HAL_ETH_Start
    ethernetif.o(i.low_level_init) refers to stm32f4xx_hal_eth.o(i.HAL_ETH_ReadPHYRegister) for HAL_ETH_ReadPHYRegister
    ethernetif.o(i.low_level_init) refers to stm32f4xx_hal_eth.o(i.HAL_ETH_WritePHYRegister) for HAL_ETH_WritePHYRegister
    ethernetif.o(i.low_level_init) refers to ethernetif.o(.bss) for EthHandle
    ethernetif.o(i.low_level_input) refers to stm32f4xx_hal_eth.o(i.HAL_ETH_GetReceivedFrame) for HAL_ETH_GetReceivedFrame
    ethernetif.o(i.low_level_input) refers to pbuf.o(i.pbuf_alloc) for pbuf_alloc
    ethernetif.o(i.low_level_input) refers to memcpya.o(.text) for __aeabi_memcpy
    ethernetif.o(i.low_level_input) refers to ethernetif.o(.bss) for EthHandle
    ethernetif.o(i.low_level_output) refers to memcpya.o(.text) for __aeabi_memcpy
    ethernetif.o(i.low_level_output) refers to stm32f4xx_hal_eth.o(i.HAL_ETH_TransmitFrame) for HAL_ETH_TransmitFrame
    ethernetif.o(i.low_level_output) refers to ethernetif.o(.bss) for EthHandle
    ethernetif.o(i.sys_now) refers to stm32f4xx_hal.o(i.HAL_GetTick) for HAL_GetTick
    timer.o(i.HAL_TIM_PeriodElapsedCallback) refers to main.o(i.Time_Main) for Time_Main
    timer.o(i.HAL_TIM_PeriodElapsedCallback) refers to flash.o(i.Flash_TIM) for Flash_TIM
    timer.o(i.HAL_TIM_PeriodElapsedCallback) refers to usrat.o(i.USART_TIM) for USART_TIM
    timer.o(i.HAL_TIM_PeriodElapsedCallback) refers to timer.o(.data) for nTime_Flage_1ms
    timer.o(i.TIM4_IRQHandler) refers to stm32f4xx_hal_tim.o(i.HAL_TIM_IRQHandler) for HAL_TIM_IRQHandler
    timer.o(i.TIM4_IRQHandler) refers to timer.o(.bss) for TimHandle4
    timer.o(i.TIM5_IRQHandler) refers to stm32f4xx_hal_tim.o(i.HAL_TIM_IRQHandler) for HAL_TIM_IRQHandler
    timer.o(i.TIM5_IRQHandler) refers to timer.o(.bss) for TimHandle5
    timer.o(i.Timer_init) refers to stm32f4xx_hal_tim.o(i.HAL_TIM_Base_Init) for HAL_TIM_Base_Init
    timer.o(i.Timer_init) refers to stm32f4xx_hal_tim.o(i.HAL_TIM_Base_Start_IT) for HAL_TIM_Base_Start_IT
    timer.o(i.Timer_init) refers to timer.o(.bss) for TimHandle4
    timer.o(i.Timer_init) refers to system_stm32f4xx.o(.data) for SystemCoreClock
    stm32f4xx_hal_msp.o(i.HAL_I2C_MspDeInit) refers to stm32f4xx_hal_gpio.o(i.HAL_GPIO_DeInit) for HAL_GPIO_DeInit
    stm32f4xx_hal_msp.o(i.HAL_I2C_MspDeInit) refers to stm32f4xx_hal_cortex.o(i.HAL_NVIC_DisableIRQ) for HAL_NVIC_DisableIRQ
    stm32f4xx_hal_msp.o(i.HAL_I2C_MspInit) refers to memseta.o(.text) for __aeabi_memclr4
    stm32f4xx_hal_msp.o(i.HAL_I2C_MspInit) refers to stm32f4xx_hal_gpio.o(i.HAL_GPIO_Init) for HAL_GPIO_Init
    stm32f4xx_hal_msp.o(i.HAL_I2C_MspInit) refers to stm32f4xx_hal_cortex.o(i.HAL_NVIC_SetPriority) for HAL_NVIC_SetPriority
    stm32f4xx_hal_msp.o(i.HAL_I2C_MspInit) refers to stm32f4xx_hal_cortex.o(i.HAL_NVIC_EnableIRQ) for HAL_NVIC_EnableIRQ
    stm32f4xx_hal_msp.o(i.HAL_TIM_Base_MspDeInit) refers to stm32f4xx_hal_cortex.o(i.HAL_NVIC_DisableIRQ) for HAL_NVIC_DisableIRQ
    stm32f4xx_hal_msp.o(i.HAL_TIM_Base_MspDeInit) refers to stm32f4xx_hal_tim.o(i.HAL_TIM_Base_Stop_IT) for HAL_TIM_Base_Stop_IT
    stm32f4xx_hal_msp.o(i.HAL_TIM_Base_MspInit) refers to stm32f4xx_hal_cortex.o(i.HAL_NVIC_ClearPendingIRQ) for HAL_NVIC_ClearPendingIRQ
    stm32f4xx_hal_msp.o(i.HAL_TIM_Base_MspInit) refers to stm32f4xx_hal_cortex.o(i.HAL_NVIC_SetPriority) for HAL_NVIC_SetPriority
    stm32f4xx_hal_msp.o(i.HAL_TIM_Base_MspInit) refers to stm32f4xx_hal_cortex.o(i.HAL_NVIC_EnableIRQ) for HAL_NVIC_EnableIRQ
    stm32f4xx_hal_msp.o(i.HAL_TIM_Base_MspInit) refers to stm32f4xx_hal_tim.o(i.HAL_TIM_Base_Start_IT) for HAL_TIM_Base_Start_IT
    flash.o(i.Flash_Errase) refers to stm32f4xx_hal_flash_ex.o(i.HAL_FLASHEx_Erase) for HAL_FLASHEx_Erase
    flash.o(i.Flash_Errase) refers to flash.o(i.Flash_Error_Handler) for Flash_Error_Handler
    flash.o(i.Flash_Errase) refers to flash.o(.data) for SectorError
    flash.o(i.Flash_Errase) refers to flash.o(.bss) for EraseInitStruct
    flash.o(i.Flash_Init) refers to stm32f4xx_hal_flash.o(i.HAL_FLASH_Unlock) for HAL_FLASH_Unlock
    flash.o(i.Flash_Init) refers to flash.o(i.GetSector) for GetSector
    flash.o(i.Flash_Init) refers to flash.o(i.GetSectorSize) for GetSectorSize
    flash.o(i.Flash_Init) refers to flash.o(.data) for FirstSector
    flash.o(i.Flash_Init) refers to flash.o(.bss) for EraseInitStruct
    flash.o(i.Flash_Read) refers to flash.o(.data) for FlashAddressPosion
    flash.o(i.Flash_TIM) refers to flash.o(.data) for mFLASH_TIM_Cnt
    flash.o(i.Flash_Write) refers to stm32f4xx_hal_flash.o(i.HAL_FLASH_Program) for HAL_FLASH_Program
    flash.o(i.Flash_Write) refers to flash.o(i.Flash_Error_Handler) for Flash_Error_Handler
    flash.o(i.Flash_Write) refers to flash.o(i.GetSectorSize) for GetSectorSize
    flash.o(i.Flash_Write) refers to flash.o(i.Flash_Errase) for Flash_Errase
    flash.o(i.Flash_Write) refers to flash.o(.data) for FlashAddressPosion
    spi_flash.o(i.HAL_SPI_MspDeInit) refers to stm32f4xx_hal_gpio.o(i.HAL_GPIO_DeInit) for HAL_GPIO_DeInit
    spi_flash.o(i.HAL_SPI_MspInit) refers to stm32f4xx_hal_gpio.o(i.HAL_GPIO_Init) for HAL_GPIO_Init
    spi_flash.o(i.SPI_Chip_Erase) refers to spi_flash.o(i.SPI_FLASH_WriteEnable) for SPI_FLASH_WriteEnable
    spi_flash.o(i.SPI_Chip_Erase) refers to stm32f4xx_hal_gpio.o(i.HAL_GPIO_WritePin) for HAL_GPIO_WritePin
    spi_flash.o(i.SPI_Chip_Erase) refers to stm32f4xx_hal_spi.o(i.HAL_SPI_TransmitReceive) for HAL_SPI_TransmitReceive
    spi_flash.o(i.SPI_Chip_Erase) refers to spi_flash.o(i.SPI_FLASH_WaitForWriteEnd) for SPI_FLASH_WaitForWriteEnd
    spi_flash.o(i.SPI_Chip_Erase) refers to spi_flash.o(.bss) for SpiMemoryHandle
    spi_flash.o(i.SPI_FLASH_BufferRead) refers to spi_flash.o(i.SPI_FLASH_WriteEnable) for SPI_FLASH_WriteEnable
    spi_flash.o(i.SPI_FLASH_BufferRead) refers to stm32f4xx_hal_gpio.o(i.HAL_GPIO_WritePin) for HAL_GPIO_WritePin
    spi_flash.o(i.SPI_FLASH_BufferRead) refers to stm32f4xx_hal_spi.o(i.HAL_SPI_TransmitReceive) for HAL_SPI_TransmitReceive
    spi_flash.o(i.SPI_FLASH_BufferRead) refers to spi_flash.o(.bss) for SpiMemoryHandle
    spi_flash.o(i.SPI_FLASH_BufferWrite) refers to spi_flash.o(i.SPI_FLASH_PageWrite) for SPI_FLASH_PageWrite
    spi_flash.o(i.SPI_FLASH_BulkErase) refers to spi_flash.o(i.SPI_FLASH_WriteEnable) for SPI_FLASH_WriteEnable
    spi_flash.o(i.SPI_FLASH_BulkErase) refers to stm32f4xx_hal_gpio.o(i.HAL_GPIO_WritePin) for HAL_GPIO_WritePin
    spi_flash.o(i.SPI_FLASH_BulkErase) refers to stm32f4xx_hal_spi.o(i.HAL_SPI_TransmitReceive) for HAL_SPI_TransmitReceive
    spi_flash.o(i.SPI_FLASH_BulkErase) refers to spi_flash.o(i.SPI_FLASH_WaitForWriteEnd) for SPI_FLASH_WaitForWriteEnd
    spi_flash.o(i.SPI_FLASH_BulkErase) refers to spi_flash.o(.bss) for SpiMemoryHandle
    spi_flash.o(i.SPI_FLASH_GlobalBlockProtec) refers to stm32f4xx_hal_gpio.o(i.HAL_GPIO_WritePin) for HAL_GPIO_WritePin
    spi_flash.o(i.SPI_FLASH_GlobalBlockProtec) refers to stm32f4xx_hal_spi.o(i.HAL_SPI_TransmitReceive) for HAL_SPI_TransmitReceive
    spi_flash.o(i.SPI_FLASH_GlobalBlockProtec) refers to spi_flash.o(.bss) for SpiMemoryHandle
    spi_flash.o(i.SPI_FLASH_Init) refers to stm32f4xx_hal_gpio.o(i.HAL_GPIO_Init) for HAL_GPIO_Init
    spi_flash.o(i.SPI_FLASH_Init) refers to stm32f4xx_hal_gpio.o(i.HAL_GPIO_WritePin) for HAL_GPIO_WritePin
    spi_flash.o(i.SPI_FLASH_Init) refers to stm32f4xx_hal_spi.o(i.HAL_SPI_Init) for HAL_SPI_Init
    spi_flash.o(i.SPI_FLASH_Init) refers to main.o(i.Error_Handler) for Error_Handler
    spi_flash.o(i.SPI_FLASH_Init) refers to spi_flash.o(i.Error_Handler) for Error_Handler
    spi_flash.o(i.SPI_FLASH_Init) refers to spi_flash.o(i.SPI_FLASH_GlobalBlockProtec) for SPI_FLASH_GlobalBlockProtec
    spi_flash.o(i.SPI_FLASH_Init) refers to spi_flash.o(.bss) for SpiMemoryHandle
    spi_flash.o(i.SPI_FLASH_Main) refers to spi_flash.o(i.SPI_FLASH_ReadID) for SPI_FLASH_ReadID
    spi_flash.o(i.SPI_FLASH_Main) refers to spi_flash.o(i.SPI_FLASH_SectorErase) for SPI_FLASH_SectorErase
    spi_flash.o(i.SPI_FLASH_Main) refers to spi_flash.o(i.SPI_FLASH_BufferWrite) for SPI_FLASH_BufferWrite
    spi_flash.o(i.SPI_FLASH_Main) refers to spi_flash.o(i.SPI_FLASH_BufferRead) for SPI_FLASH_BufferRead
    spi_flash.o(i.SPI_FLASH_Main) refers to usrat.o(i.MyPrintf_USART1) for MyPrintf_USART1
    spi_flash.o(i.SPI_FLASH_Main) refers to spi_flash.o(.data) for mSPI_Time_Cnt
    spi_flash.o(i.SPI_FLASH_Main) refers to spi_flash.o(.bss) for SPI_Rx_Buffer
    spi_flash.o(i.SPI_FLASH_PageWrite) refers to spi_flash.o(i.SPI_FLASH_WriteEnable) for SPI_FLASH_WriteEnable
    spi_flash.o(i.SPI_FLASH_PageWrite) refers to stm32f4xx_hal_gpio.o(i.HAL_GPIO_WritePin) for HAL_GPIO_WritePin
    spi_flash.o(i.SPI_FLASH_PageWrite) refers to stm32f4xx_hal_spi.o(i.HAL_SPI_TransmitReceive) for HAL_SPI_TransmitReceive
    spi_flash.o(i.SPI_FLASH_PageWrite) refers to spi_flash.o(i.SPI_FLASH_WaitForWriteEnd) for SPI_FLASH_WaitForWriteEnd
    spi_flash.o(i.SPI_FLASH_PageWrite) refers to spi_flash.o(.bss) for SpiMemoryHandle
    spi_flash.o(i.SPI_FLASH_ReadID) refers to stm32f4xx_hal_gpio.o(i.HAL_GPIO_WritePin) for HAL_GPIO_WritePin
    spi_flash.o(i.SPI_FLASH_ReadID) refers to stm32f4xx_hal_spi.o(i.HAL_SPI_TransmitReceive) for HAL_SPI_TransmitReceive
    spi_flash.o(i.SPI_FLASH_ReadID) refers to spi_flash.o(.bss) for SpiMemoryHandle
    spi_flash.o(i.SPI_FLASH_SectorErase) refers to spi_flash.o(i.SPI_FLASH_WriteEnable) for SPI_FLASH_WriteEnable
    spi_flash.o(i.SPI_FLASH_SectorErase) refers to stm32f4xx_hal_gpio.o(i.HAL_GPIO_WritePin) for HAL_GPIO_WritePin
    spi_flash.o(i.SPI_FLASH_SectorErase) refers to stm32f4xx_hal_spi.o(i.HAL_SPI_TransmitReceive) for HAL_SPI_TransmitReceive
    spi_flash.o(i.SPI_FLASH_SectorErase) refers to spi_flash.o(i.SPI_FLASH_WaitForWriteEnd) for SPI_FLASH_WaitForWriteEnd
    spi_flash.o(i.SPI_FLASH_SectorErase) refers to spi_flash.o(.bss) for SpiMemoryHandle
    spi_flash.o(i.SPI_FLASH_StartReadSequence) refers to spi_flash.o(i.SPI_FLASH_WriteEnable) for SPI_FLASH_WriteEnable
    spi_flash.o(i.SPI_FLASH_StartReadSequence) refers to stm32f4xx_hal_gpio.o(i.HAL_GPIO_WritePin) for HAL_GPIO_WritePin
    spi_flash.o(i.SPI_FLASH_StartReadSequence) refers to stm32f4xx_hal_spi.o(i.HAL_SPI_TransmitReceive) for HAL_SPI_TransmitReceive
    spi_flash.o(i.SPI_FLASH_StartReadSequence) refers to spi_flash.o(i.SPI_FLASH_WaitForWriteEnd) for SPI_FLASH_WaitForWriteEnd
    spi_flash.o(i.SPI_FLASH_StartReadSequence) refers to spi_flash.o(.bss) for SpiMemoryHandle
    spi_flash.o(i.SPI_FLASH_Timer_1ms) refers to spi_flash.o(.data) for mSPI_Time_Cnt
    spi_flash.o(i.SPI_FLASH_WaitForWriteEnd) refers to stm32f4xx_hal_gpio.o(i.HAL_GPIO_WritePin) for HAL_GPIO_WritePin
    spi_flash.o(i.SPI_FLASH_WaitForWriteEnd) refers to stm32f4xx_hal_spi.o(i.HAL_SPI_TransmitReceive) for HAL_SPI_TransmitReceive
    spi_flash.o(i.SPI_FLASH_WaitForWriteEnd) refers to spi_flash.o(.bss) for SpiMemoryHandle
    spi_flash.o(i.SPI_FLASH_WriteDisable) refers to stm32f4xx_hal_gpio.o(i.HAL_GPIO_WritePin) for HAL_GPIO_WritePin
    spi_flash.o(i.SPI_FLASH_WriteDisable) refers to stm32f4xx_hal_spi.o(i.HAL_SPI_TransmitReceive) for HAL_SPI_TransmitReceive
    spi_flash.o(i.SPI_FLASH_WriteDisable) refers to spi_flash.o(.bss) for SpiMemoryHandle
    spi_flash.o(i.SPI_FLASH_WriteEnable) refers to stm32f4xx_hal_gpio.o(i.HAL_GPIO_WritePin) for HAL_GPIO_WritePin
    spi_flash.o(i.SPI_FLASH_WriteEnable) refers to stm32f4xx_hal_spi.o(i.HAL_SPI_TransmitReceive) for HAL_SPI_TransmitReceive
    spi_flash.o(i.SPI_FLASH_WriteEnable) refers to spi_flash.o(.bss) for SpiMemoryHandle
    wwdg.o(i.HAL_WWDG_EarlyWakeupCallback) refers to stm32f4xx_hal_wwdg.o(i.HAL_WWDG_Refresh) for HAL_WWDG_Refresh
    wwdg.o(i.HAL_WWDG_EarlyWakeupCallback) refers to wwdg.o(i.WWDG_Error_Handler) for WWDG_Error_Handler
    wwdg.o(i.HAL_WWDG_EarlyWakeupCallback) refers to wwdg.o(.bss) for WwdgHandle
    wwdg.o(i.HAL_WWDG_MspInit) refers to stm32f4xx_hal_cortex.o(i.HAL_NVIC_SetPriority) for HAL_NVIC_SetPriority
    wwdg.o(i.HAL_WWDG_MspInit) refers to stm32f4xx_hal_cortex.o(i.HAL_NVIC_EnableIRQ) for HAL_NVIC_EnableIRQ
    wwdg.o(i.WWDG_IRQHandler) refers to stm32f4xx_hal_wwdg.o(i.HAL_WWDG_IRQHandler) for HAL_WWDG_IRQHandler
    wwdg.o(i.WWDG_IRQHandler) refers to wwdg.o(.bss) for WwdgHandle
    wwdg.o(i.WWDG_Init) refers to usrat.o(i.MyPrintf_USART1) for MyPrintf_USART1
    wwdg.o(i.WWDG_Init) refers to stm32f4xx_hal_wwdg.o(i.HAL_WWDG_Init) for HAL_WWDG_Init
    wwdg.o(i.WWDG_Init) refers to wwdg.o(i.WWDG_Error_Handler) for WWDG_Error_Handler
    wwdg.o(i.WWDG_Init) refers to wwdg.o(.bss) for WwdgHandle
    usrat.o(i.DMA1_Stream2_IRQHandler) refers to stm32f4xx_hal_dma.o(i.HAL_DMA_IRQHandler) for HAL_DMA_IRQHandler
    usrat.o(i.DMA1_Stream2_IRQHandler) refers to usrat.o(.bss) for hdma_usart4_rx
    usrat.o(i.DMA1_Stream4_IRQHandler) refers to stm32f4xx_hal_dma.o(i.HAL_DMA_IRQHandler) for HAL_DMA_IRQHandler
    usrat.o(i.DMA1_Stream4_IRQHandler) refers to usrat.o(.bss) for hdma_usart4_tx
    usrat.o(i.DP_RING_BUF_POP) refers to memcpya.o(.text) for __aeabi_memcpy
    usrat.o(i.DP_RING_BUF_POP) refers to usrat.o(.bss) for RingBuf
    usrat.o(i.DP_RING_BUF_PUSH) refers to memcpya.o(.text) for __aeabi_memcpy
    usrat.o(i.DP_RING_BUF_PUSH) refers to usrat.o(.bss) for RingBuf
    usrat.o(i.FunConvAscHex) refers to usrat.o(i.ConvAsc2Hex) for ConvAsc2Hex
    usrat.o(i.FunConvHexAsc) refers to usrat.o(i.ConvHex2Asc) for ConvHex2Asc
    usrat.o(i.HAL_UART_MspDeInit) refers to stm32f4xx_hal_gpio.o(i.HAL_GPIO_DeInit) for HAL_GPIO_DeInit
    usrat.o(i.HAL_UART_MspDeInit) refers to stm32f4xx_hal_cortex.o(i.HAL_NVIC_DisableIRQ) for HAL_NVIC_DisableIRQ
    usrat.o(i.HAL_UART_MspInit) refers to stm32f4xx_hal_gpio.o(i.HAL_GPIO_Init) for HAL_GPIO_Init
    usrat.o(i.HAL_UART_MspInit) refers to stm32f4xx_hal_cortex.o(i.HAL_NVIC_SetPriority) for HAL_NVIC_SetPriority
    usrat.o(i.HAL_UART_MspInit) refers to stm32f4xx_hal_cortex.o(i.HAL_NVIC_EnableIRQ) for HAL_NVIC_EnableIRQ
    usrat.o(i.HAL_UART_RxCpltCallback) refers to stm32f4xx_hal_uart.o(i.HAL_UART_Receive_IT) for HAL_UART_Receive_IT
    usrat.o(i.HAL_UART_RxCpltCallback) refers to usrat.o(.bss) for USART_1Ch
    usrat.o(i.MyPrintf) refers to printfa.o(i.__0vsprintf) for vsprintf
    usrat.o(i.MyPrintf) refers to strlen.o(.text) for strlen
    usrat.o(i.MyPrintf) refers to memcpya.o(.text) for __aeabi_memcpy
    usrat.o(i.MyPrintf) refers to printfa.o(i.__0sprintf) for __2sprintf
    usrat.o(i.MyPrintf) refers to usrat.o(i.DP_RING_BUF_PUSH) for DP_RING_BUF_PUSH
    usrat.o(i.MyPrintf) refers to usrat.o(.bss) for szBuf2
    usrat.o(i.MyPrintf_USART1) refers to printfa.o(i.__0vsprintf) for vsprintf
    usrat.o(i.MyPrintf_USART1) refers to strlen.o(.text) for strlen
    usrat.o(i.MyPrintf_USART1) refers to usrat.o(i.DP_RING_BUF_PUSH) for DP_RING_BUF_PUSH
    usrat.o(i.MyPrintf_USART1) refers to usrat.o(.data) for mChen
    usrat.o(i.MyPrintf_USART1) refers to usrat.o(.bss) for szBuf
    usrat.o(i.UART4_IRQHandler) refers to stm32f4xx_hal_uart.o(i.HAL_UART_IRQHandler) for HAL_UART_IRQHandler
    usrat.o(i.UART4_IRQHandler) refers to usrat.o(.bss) for UartHandle4
    usrat.o(i.USART1_IRQHandler) refers to stm32f4xx_hal_uart.o(i.HAL_UART_IRQHandler) for HAL_UART_IRQHandler
    usrat.o(i.USART1_IRQHandler) refers to usrat.o(.bss) for UartHandle1
    usrat.o(i.USART3_IRQHandler) refers to stm32f4xx_hal_uart.o(i.HAL_UART_IRQHandler) for HAL_UART_IRQHandler
    usrat.o(i.USART3_IRQHandler) refers to usrat.o(.bss) for UartHandle3
    usrat.o(i.USARTRX_MainPro) refers to usrat.o(i.USART_RingBuf_Pro) for USART_RingBuf_Pro
    usrat.o(i.USARTRX_MainPro) refers to usrat.o(i.USART_1CH_PRO) for USART_1CH_PRO
    usrat.o(i.USARTRX_MainPro) refers to usrat.o(.bss) for USART_1Ch
    usrat.o(i.USART_1CH_PRO) refers to strncmp.o(.text) for strncmp
    usrat.o(i.USART_1CH_PRO) refers to memcpya.o(.text) for __aeabi_memcpy
    usrat.o(i.USART_1CH_PRO) refers to usrat.o(.bss) for USART_1Ch
    usrat.o(i.USART_RingBuf_Pro) refers to usrat.o(i.DP_RING_BUF_POP) for DP_RING_BUF_POP
    usrat.o(i.USART_RingBuf_Pro) refers to stm32f4xx_hal_uart.o(i.HAL_UART_Transmit_IT) for HAL_UART_Transmit_IT
    usrat.o(i.USART_RingBuf_Pro) refers to usrat.o(.bss) for RingBuf
    usrat.o(i.USART_TIM) refers to usrat.o(.bss) for USART_1Ch
    usrat.o(i.USRAT_init) refers to stm32f4xx_hal_uart.o(i.HAL_UART_Init) for HAL_UART_Init
    usrat.o(i.USRAT_init) refers to stm32f4xx_hal_uart.o(i.HAL_UART_Receive_IT) for HAL_UART_Receive_IT
    usrat.o(i.USRAT_init) refers to memseta.o(.text) for __aeabi_memclr
    usrat.o(i.USRAT_init) refers to usrat.o(.bss) for UartHandle1
    usrat.o(i.USRAT_init) refers to usrat.o(.data) for mUSART_GetRXBuf_1ch
    usrat.o(i.crc16_ccitt_Woojin) refers to usrat.o(.data) for crc16tab
    crc8.o(i.crc16_ccitt) refers to crc8.o(.data) for m_uCRC16tab
    crc8.o(i.crc8) refers to crc8.o(.constdata) for crc8_table
    ethernet.o(i.ethernet_input) refers to memcmp.o(.text) for memcmp
    ethernet.o(i.ethernet_input) refers to pbuf.o(i.pbuf_header) for pbuf_header
    ethernet.o(i.ethernet_input) refers to ip4.o(i.ip4_input) for ip4_input
    ethernet.o(i.ethernet_input) refers to etharp.o(i.etharp_input) for etharp_input
    ethernet.o(i.ethernet_input) refers to pbuf.o(i.pbuf_free) for pbuf_free
    ethernet.o(i.ethernet_input) refers to ethernet.o(.constdata) for ethbroadcast
    ethernet.o(i.ethernet_output) refers to def.o(i.lwip_htons) for lwip_htons
    ethernet.o(i.ethernet_output) refers to pbuf.o(i.pbuf_header) for pbuf_header
    def.o(i.lwip_itoa) refers to def.o(.conststring) for .conststring
    def.o(i.lwip_strnstr) refers to strlen.o(.text) for strlen
    def.o(i.lwip_strnstr) refers to strncmp.o(.text) for strncmp
    inet_chksum.o(i.inet_chksum) refers to inet_chksum.o(i.lwip_standard_chksum) for lwip_standard_chksum
    inet_chksum.o(i.inet_chksum_pbuf) refers to inet_chksum.o(i.lwip_standard_chksum) for lwip_standard_chksum
    inet_chksum.o(i.inet_chksum_pseudo) refers to inet_chksum.o(i.inet_cksum_pseudo_base) for inet_cksum_pseudo_base
    inet_chksum.o(i.inet_chksum_pseudo_partial) refers to inet_chksum.o(i.inet_cksum_pseudo_partial_base) for inet_cksum_pseudo_partial_base
    inet_chksum.o(i.inet_cksum_pseudo_base) refers to inet_chksum.o(i.lwip_standard_chksum) for lwip_standard_chksum
    inet_chksum.o(i.inet_cksum_pseudo_base) refers to def.o(i.lwip_htons) for lwip_htons
    inet_chksum.o(i.inet_cksum_pseudo_partial_base) refers to inet_chksum.o(i.lwip_standard_chksum) for lwip_standard_chksum
    inet_chksum.o(i.inet_cksum_pseudo_partial_base) refers to def.o(i.lwip_htons) for lwip_htons
    inet_chksum.o(i.ip_chksum_pseudo) refers to inet_chksum.o(i.inet_chksum_pseudo) for inet_chksum_pseudo
    inet_chksum.o(i.ip_chksum_pseudo_partial) refers to inet_chksum.o(i.inet_chksum_pseudo_partial) for inet_chksum_pseudo_partial
    init.o(i.lwip_init) refers to mem.o(i.mem_init) for mem_init
    init.o(i.lwip_init) refers to memp.o(i.memp_init) for memp_init
    init.o(i.lwip_init) refers to netif.o(i.netif_init) for netif_init
    init.o(i.lwip_init) refers to udp.o(i.udp_init) for udp_init
    init.o(i.lwip_init) refers to tcp.o(i.tcp_init) for tcp_init
    init.o(i.lwip_init) refers to timeouts.o(i.sys_timeouts_init) for sys_timeouts_init
    mem.o(i.mem_calloc) refers to mem.o(i.mem_malloc) for mem_malloc
    mem.o(i.mem_calloc) refers to memseta.o(.text) for __aeabi_memclr
    mem.o(i.mem_free) refers to mem.o(i.plug_holes) for plug_holes
    mem.o(i.mem_free) refers to mem.o(.data) for ram
    mem.o(i.mem_init) refers to mem.o(.bss) for ram_heap
    mem.o(i.mem_init) refers to mem.o(.data) for ram
    mem.o(i.mem_malloc) refers to mem.o(.data) for lfree
    mem.o(i.mem_trim) refers to mem.o(.data) for ram
    mem.o(i.plug_holes) refers to mem.o(.data) for ram
    memp.o(i.memp_free) refers to memp.o(i.do_memp_free_pool) for do_memp_free_pool
    memp.o(i.memp_free) refers to memp.o(.constdata) for memp_pools
    memp.o(i.memp_free_pool) refers to memp.o(i.do_memp_free_pool) for do_memp_free_pool
    memp.o(i.memp_init) refers to memp.o(i.memp_init_pool) for memp_init_pool
    memp.o(i.memp_init) refers to memp.o(.constdata) for memp_pools
    memp.o(i.memp_malloc) refers to memp.o(i.do_memp_malloc_pool) for do_memp_malloc_pool
    memp.o(i.memp_malloc) refers to memp.o(.constdata) for memp_pools
    memp.o(i.memp_malloc_pool) refers to memp.o(i.do_memp_malloc_pool) for do_memp_malloc_pool
    memp.o(.constdata) refers to memp.o(.bss) for memp_memory_RAW_PCB_base
    memp.o(.constdata) refers to memp.o(.data) for memp_tab_RAW_PCB
    netif.o(i.netif_add) refers to netif.o(i.netif_set_addr) for netif_set_addr
    netif.o(i.netif_add) refers to netif.o(.data) for netif_num
    netif.o(i.netif_find) refers to netif.o(.data) for netif_list
    netif.o(i.netif_input) refers to ethernet.o(i.ethernet_input) for ethernet_input
    netif.o(i.netif_input) refers to ip4.o(i.ip4_input) for ip4_input
    netif.o(i.netif_issue_reports) refers to etharp.o(i.etharp_request) for etharp_request
    netif.o(i.netif_remove) refers to tcp.o(i.tcp_netif_ip_addr_changed) for tcp_netif_ip_addr_changed
    netif.o(i.netif_remove) refers to udp.o(i.udp_netif_ip_addr_changed) for udp_netif_ip_addr_changed
    netif.o(i.netif_remove) refers to raw.o(i.raw_netif_ip_addr_changed) for raw_netif_ip_addr_changed
    netif.o(i.netif_remove) refers to netif.o(i.netif_set_down) for netif_set_down
    netif.o(i.netif_remove) refers to netif.o(i.netif_set_default) for netif_set_default
    netif.o(i.netif_remove) refers to netif.o(.data) for netif_default
    netif.o(i.netif_set_addr) refers to netif.o(i.netif_set_ipaddr) for netif_set_ipaddr
    netif.o(i.netif_set_addr) refers to netif.o(i.netif_set_netmask) for netif_set_netmask
    netif.o(i.netif_set_addr) refers to netif.o(i.netif_set_gw) for netif_set_gw
    netif.o(i.netif_set_default) refers to netif.o(.data) for netif_default
    netif.o(i.netif_set_down) refers to etharp.o(i.etharp_cleanup_netif) for etharp_cleanup_netif
    netif.o(i.netif_set_ipaddr) refers to tcp.o(i.tcp_netif_ip_addr_changed) for tcp_netif_ip_addr_changed
    netif.o(i.netif_set_ipaddr) refers to udp.o(i.udp_netif_ip_addr_changed) for udp_netif_ip_addr_changed
    netif.o(i.netif_set_ipaddr) refers to raw.o(i.raw_netif_ip_addr_changed) for raw_netif_ip_addr_changed
    netif.o(i.netif_set_ipaddr) refers to netif.o(i.netif_issue_reports) for netif_issue_reports
    netif.o(i.netif_set_ipaddr) refers to ip4_addr.o(.constdata) for ip_addr_any
    netif.o(i.netif_set_link_up) refers to dhcp.o(i.dhcp_network_changed) for dhcp_network_changed
    netif.o(i.netif_set_link_up) refers to netif.o(i.netif_issue_reports) for netif_issue_reports
    netif.o(i.netif_set_up) refers to netif.o(i.netif_issue_reports) for netif_issue_reports
    pbuf.o(i.pbuf_alloc) refers to memp.o(i.memp_malloc) for memp_malloc
    pbuf.o(i.pbuf_alloc) refers to pbuf.o(i.pbuf_free) for pbuf_free
    pbuf.o(i.pbuf_alloc) refers to mem.o(i.mem_malloc) for mem_malloc
    pbuf.o(i.pbuf_chain) refers to pbuf.o(i.pbuf_cat) for pbuf_cat
    pbuf.o(i.pbuf_chain) refers to pbuf.o(i.pbuf_ref) for pbuf_ref
    pbuf.o(i.pbuf_coalesce) refers to pbuf.o(i.pbuf_alloc) for pbuf_alloc
    pbuf.o(i.pbuf_coalesce) refers to pbuf.o(i.pbuf_copy) for pbuf_copy
    pbuf.o(i.pbuf_coalesce) refers to pbuf.o(i.pbuf_free) for pbuf_free
    pbuf.o(i.pbuf_copy) refers to memcpya.o(.text) for __aeabi_memcpy
    pbuf.o(i.pbuf_copy_partial) refers to memcpya.o(.text) for __aeabi_memcpy
    pbuf.o(i.pbuf_dechain) refers to pbuf.o(i.pbuf_free) for pbuf_free
    pbuf.o(i.pbuf_free) refers to memp.o(i.memp_free) for memp_free
    pbuf.o(i.pbuf_free) refers to mem.o(i.mem_free) for mem_free
    pbuf.o(i.pbuf_get_at) refers to pbuf.o(i.pbuf_try_get_at) for pbuf_try_get_at
    pbuf.o(i.pbuf_header) refers to pbuf.o(i.pbuf_header_impl) for pbuf_header_impl
    pbuf.o(i.pbuf_header_force) refers to pbuf.o(i.pbuf_header_impl) for pbuf_header_impl
    pbuf.o(i.pbuf_memcmp) refers to pbuf.o(i.pbuf_get_at) for pbuf_get_at
    pbuf.o(i.pbuf_memfind) refers to pbuf.o(i.pbuf_memcmp) for pbuf_memcmp
    pbuf.o(i.pbuf_put_at) refers to pbuf.o(i.pbuf_skip) for pbuf_skip
    pbuf.o(i.pbuf_realloc) refers to mem.o(i.mem_trim) for mem_trim
    pbuf.o(i.pbuf_realloc) refers to pbuf.o(i.pbuf_free) for pbuf_free
    pbuf.o(i.pbuf_skip) refers to pbuf.o(i.pbuf_skip_const) for pbuf_skip_const
    pbuf.o(i.pbuf_strstr) refers to strlen.o(.text) for strlen
    pbuf.o(i.pbuf_strstr) refers to pbuf.o(i.pbuf_memfind) for pbuf_memfind
    pbuf.o(i.pbuf_take) refers to memcpya.o(.text) for __aeabi_memcpy
    pbuf.o(i.pbuf_take_at) refers to pbuf.o(i.pbuf_skip) for pbuf_skip
    pbuf.o(i.pbuf_take_at) refers to memcpya.o(.text) for __aeabi_memcpy
    pbuf.o(i.pbuf_take_at) refers to pbuf.o(i.pbuf_take) for pbuf_take
    pbuf.o(i.pbuf_try_get_at) refers to pbuf.o(i.pbuf_skip_const) for pbuf_skip_const
    raw.o(i.raw_input) refers to ip4_addr.o(i.ip4_addr_isbroadcast_u32) for ip4_addr_isbroadcast_u32
    raw.o(i.raw_input) refers to raw.o(i.raw_input_match) for raw_input_match
    raw.o(i.raw_input) refers to ip.o(.bss) for ip_data
    raw.o(i.raw_input) refers to raw.o(.data) for raw_pcbs
    raw.o(i.raw_input_match) refers to ip.o(.bss) for ip_data
    raw.o(i.raw_netif_ip_addr_changed) refers to raw.o(.data) for raw_pcbs
    raw.o(i.raw_new) refers to memp.o(i.memp_malloc) for memp_malloc
    raw.o(i.raw_new) refers to memseta.o(.text) for __aeabi_memclr4
    raw.o(i.raw_new) refers to raw.o(.data) for raw_pcbs
    raw.o(i.raw_new_ip_type) refers to raw.o(i.raw_new) for raw_new
    raw.o(i.raw_remove) refers to memp.o(i.memp_free) for memp_free
    raw.o(i.raw_remove) refers to raw.o(.data) for raw_pcbs
    raw.o(i.raw_send) refers to raw.o(i.raw_sendto) for raw_sendto
    raw.o(i.raw_sendto) refers to pbuf.o(i.pbuf_header) for pbuf_header
    raw.o(i.raw_sendto) refers to pbuf.o(i.pbuf_alloc) for pbuf_alloc
    raw.o(i.raw_sendto) refers to pbuf.o(i.pbuf_chain) for pbuf_chain
    raw.o(i.raw_sendto) refers to ip4.o(i.ip4_route) for ip4_route
    raw.o(i.raw_sendto) refers to pbuf.o(i.pbuf_free) for pbuf_free
    raw.o(i.raw_sendto) refers to ip4.o(i.ip4_output_if) for ip4_output_if
    tcp.o(i.tcp_abandon) refers to tcp.o(i.tcp_pcb_remove) for tcp_pcb_remove
    tcp.o(i.tcp_abandon) refers to memp.o(i.memp_free) for memp_free
    tcp.o(i.tcp_abandon) refers to tcp.o(i.tcp_segs_free) for tcp_segs_free
    tcp.o(i.tcp_abandon) refers to usrat.o(i.MyPrintf_USART1) for MyPrintf_USART1
    tcp.o(i.tcp_abandon) refers to tcp_out.o(i.tcp_rst) for tcp_rst
    tcp.o(i.tcp_abandon) refers to tcp.o(.data) for tcp_tw_pcbs
    tcp.o(i.tcp_abort) refers to tcp.o(i.tcp_abandon) for tcp_abandon
    tcp.o(i.tcp_accept_null) refers to tcp.o(i.tcp_abort) for tcp_abort
    tcp.o(i.tcp_alloc) refers to memp.o(i.memp_malloc) for memp_malloc
    tcp.o(i.tcp_alloc) refers to usrat.o(i.MyPrintf_USART1) for MyPrintf_USART1
    tcp.o(i.tcp_alloc) refers to tcp.o(i.tcp_kill_timewait) for tcp_kill_timewait
    tcp.o(i.tcp_alloc) refers to tcp.o(i.tcp_kill_state) for tcp_kill_state
    tcp.o(i.tcp_alloc) refers to tcp.o(i.tcp_kill_prio) for tcp_kill_prio
    tcp.o(i.tcp_alloc) refers to memseta.o(.text) for __aeabi_memclr4
    tcp.o(i.tcp_alloc) refers to tcp.o(i.tcp_next_iss) for tcp_next_iss
    tcp.o(i.tcp_alloc) refers to tcp.o(.data) for tcp_ticks
    tcp.o(i.tcp_alloc) refers to tcp.o(i.tcp_recv_null) for tcp_recv_null
    tcp.o(i.tcp_bind) refers to tcp.o(i.tcp_new_port) for tcp_new_port
    tcp.o(i.tcp_bind) refers to timeouts.o(i.tcp_timer_needed) for tcp_timer_needed
    tcp.o(i.tcp_bind) refers to ip4_addr.o(.constdata) for ip_addr_any
    tcp.o(i.tcp_bind) refers to tcp.o(.constdata) for tcp_pcb_lists
    tcp.o(i.tcp_bind) refers to tcp.o(.data) for tcp_bound_pcbs
    tcp.o(i.tcp_close) refers to usrat.o(i.MyPrintf_USART1) for MyPrintf_USART1
    tcp.o(i.tcp_close) refers to tcp.o(i.tcp_debug_print_state) for tcp_debug_print_state
    tcp.o(i.tcp_close) refers to tcp.o(i.tcp_close_shutdown) for tcp_close_shutdown
    tcp.o(i.tcp_close_shutdown) refers to tcp_out.o(i.tcp_rst) for tcp_rst
    tcp.o(i.tcp_close_shutdown) refers to tcp.o(i.tcp_pcb_purge) for tcp_pcb_purge
    tcp.o(i.tcp_close_shutdown) refers to timeouts.o(i.tcp_timer_needed) for tcp_timer_needed
    tcp.o(i.tcp_close_shutdown) refers to tcp_in.o(i.tcp_trigger_input_pcb_close) for tcp_trigger_input_pcb_close
    tcp.o(i.tcp_close_shutdown) refers to memp.o(i.memp_free) for memp_free
    tcp.o(i.tcp_close_shutdown) refers to tcp.o(i.tcp_listen_closed) for tcp_listen_closed
    tcp.o(i.tcp_close_shutdown) refers to tcp.o(i.tcp_pcb_remove) for tcp_pcb_remove
    tcp.o(i.tcp_close_shutdown) refers to tcp_out.o(i.tcp_send_fin) for tcp_send_fin
    tcp.o(i.tcp_close_shutdown) refers to tcp_out.o(i.tcp_output) for tcp_output
    tcp.o(i.tcp_close_shutdown) refers to tcp.o(.data) for tcp_active_pcbs
    tcp.o(i.tcp_close_shutdown) refers to tcp_in.o(.data) for tcp_input_pcb
    tcp.o(i.tcp_connect) refers to ip4.o(i.ip4_route) for ip4_route
    tcp.o(i.tcp_connect) refers to tcp.o(i.tcp_new_port) for tcp_new_port
    tcp.o(i.tcp_connect) refers to tcp.o(i.tcp_next_iss) for tcp_next_iss
    tcp.o(i.tcp_connect) refers to tcp.o(i.tcp_eff_send_mss_impl) for tcp_eff_send_mss_impl
    tcp.o(i.tcp_connect) refers to tcp_out.o(i.tcp_enqueue_flags) for tcp_enqueue_flags
    tcp.o(i.tcp_connect) refers to timeouts.o(i.tcp_timer_needed) for tcp_timer_needed
    tcp.o(i.tcp_connect) refers to tcp_out.o(i.tcp_output) for tcp_output
    tcp.o(i.tcp_connect) refers to tcp.o(.data) for tcp_bound_pcbs
    tcp.o(i.tcp_debug_print) refers to usrat.o(i.MyPrintf_USART1) for MyPrintf_USART1
    tcp.o(i.tcp_debug_print) refers to def.o(i.lwip_htons) for lwip_htons
    tcp.o(i.tcp_debug_print) refers to def.o(i.lwip_htonl) for lwip_htonl
    tcp.o(i.tcp_debug_print) refers to tcp.o(i.tcp_debug_print_flags) for tcp_debug_print_flags
    tcp.o(i.tcp_debug_print_flags) refers to usrat.o(i.MyPrintf_USART1) for MyPrintf_USART1
    tcp.o(i.tcp_debug_print_pcbs) refers to usrat.o(i.MyPrintf_USART1) for MyPrintf_USART1
    tcp.o(i.tcp_debug_print_pcbs) refers to tcp.o(i.tcp_debug_print_state) for tcp_debug_print_state
    tcp.o(i.tcp_debug_print_pcbs) refers to tcp.o(.data) for tcp_active_pcbs
    tcp.o(i.tcp_debug_print_state) refers to usrat.o(i.MyPrintf_USART1) for MyPrintf_USART1
    tcp.o(i.tcp_debug_print_state) refers to tcp.o(.constdata) for tcp_state_str
    tcp.o(i.tcp_debug_state_str) refers to tcp.o(.constdata) for tcp_state_str
    tcp.o(i.tcp_eff_send_mss_impl) refers to ip4.o(i.ip4_route) for ip4_route
    tcp.o(i.tcp_fasttmr) refers to usrat.o(i.MyPrintf_USART1) for MyPrintf_USART1
    tcp.o(i.tcp_fasttmr) refers to tcp_out.o(i.tcp_output) for tcp_output
    tcp.o(i.tcp_fasttmr) refers to tcp.o(i.tcp_process_refused_data) for tcp_process_refused_data
    tcp.o(i.tcp_fasttmr) refers to tcp.o(.data) for tcp_timer_ctr
    tcp.o(i.tcp_kill_prio) refers to tcp.o(i.tcp_abort) for tcp_abort
    tcp.o(i.tcp_kill_prio) refers to tcp.o(.data) for tcp_active_pcbs
    tcp.o(i.tcp_kill_state) refers to usrat.o(i.MyPrintf_USART1) for MyPrintf_USART1
    tcp.o(i.tcp_kill_state) refers to tcp.o(i.tcp_abandon) for tcp_abandon
    tcp.o(i.tcp_kill_state) refers to tcp.o(.data) for tcp_active_pcbs
    tcp.o(i.tcp_kill_timewait) refers to usrat.o(i.MyPrintf_USART1) for MyPrintf_USART1
    tcp.o(i.tcp_kill_timewait) refers to tcp.o(i.tcp_abort) for tcp_abort
    tcp.o(i.tcp_kill_timewait) refers to tcp.o(.data) for tcp_tw_pcbs
    tcp.o(i.tcp_listen_closed) refers to tcp.o(i.tcp_remove_listener) for tcp_remove_listener
    tcp.o(i.tcp_listen_closed) refers to tcp.o(.constdata) for tcp_pcb_lists
    tcp.o(i.tcp_listen_with_backlog) refers to memp.o(i.memp_malloc) for memp_malloc
    tcp.o(i.tcp_listen_with_backlog) refers to memp.o(i.memp_free) for memp_free
    tcp.o(i.tcp_listen_with_backlog) refers to timeouts.o(i.tcp_timer_needed) for tcp_timer_needed
    tcp.o(i.tcp_listen_with_backlog) refers to tcp.o(.data) for tcp_bound_pcbs
    tcp.o(i.tcp_listen_with_backlog) refers to tcp.o(i.tcp_accept_null) for tcp_accept_null
    tcp.o(i.tcp_netif_ip_addr_changed) refers to tcp.o(i.tcp_netif_ip_addr_changed_pcblist) for tcp_netif_ip_addr_changed_pcblist
    tcp.o(i.tcp_netif_ip_addr_changed) refers to tcp.o(.data) for tcp_active_pcbs
    tcp.o(i.tcp_netif_ip_addr_changed_pcblist) refers to usrat.o(i.MyPrintf_USART1) for MyPrintf_USART1
    tcp.o(i.tcp_netif_ip_addr_changed_pcblist) refers to tcp.o(i.tcp_abort) for tcp_abort
    tcp.o(i.tcp_new) refers to tcp.o(i.tcp_alloc) for tcp_alloc
    tcp.o(i.tcp_new_ip_type) refers to tcp.o(i.tcp_alloc) for tcp_alloc
    tcp.o(i.tcp_new_port) refers to tcp.o(.data) for tcp_port
    tcp.o(i.tcp_new_port) refers to tcp.o(.constdata) for tcp_pcb_lists
    tcp.o(i.tcp_next_iss) refers to tcp.o(.data) for iss
    tcp.o(i.tcp_pcb_purge) refers to usrat.o(i.MyPrintf_USART1) for MyPrintf_USART1
    tcp.o(i.tcp_pcb_purge) refers to pbuf.o(i.pbuf_free) for pbuf_free
    tcp.o(i.tcp_pcb_purge) refers to tcp.o(i.tcp_segs_free) for tcp_segs_free
    tcp.o(i.tcp_pcb_remove) refers to tcp.o(i.tcp_pcb_purge) for tcp_pcb_purge
    tcp.o(i.tcp_pcb_remove) refers to tcp_out.o(i.tcp_output) for tcp_output
    tcp.o(i.tcp_pcb_remove) refers to tcp.o(i.tcp_pcbs_sane) for tcp_pcbs_sane
    tcp.o(i.tcp_process_refused_data) refers to usrat.o(i.MyPrintf_USART1) for MyPrintf_USART1
    tcp.o(i.tcp_process_refused_data) refers to tcp.o(i.tcp_recv_null) for tcp_recv_null
    tcp.o(i.tcp_recv_null) refers to tcp.o(i.tcp_recved) for tcp_recved
    tcp.o(i.tcp_recv_null) refers to pbuf.o(i.pbuf_free) for pbuf_free
    tcp.o(i.tcp_recv_null) refers to tcp.o(i.tcp_close) for tcp_close
    tcp.o(i.tcp_recved) refers to tcp.o(i.tcp_update_rcv_ann_wnd) for tcp_update_rcv_ann_wnd
    tcp.o(i.tcp_recved) refers to tcp_out.o(i.tcp_output) for tcp_output
    tcp.o(i.tcp_seg_free) refers to pbuf.o(i.pbuf_free) for pbuf_free
    tcp.o(i.tcp_seg_free) refers to memp.o(i.memp_free) for memp_free
    tcp.o(i.tcp_segs_free) refers to tcp.o(i.tcp_seg_free) for tcp_seg_free
    tcp.o(i.tcp_shutdown) refers to tcp.o(i.tcp_close_shutdown) for tcp_close_shutdown
    tcp.o(i.tcp_shutdown) refers to pbuf.o(i.pbuf_free) for pbuf_free
    tcp.o(i.tcp_slowtmr) refers to usrat.o(i.MyPrintf_USART1) for MyPrintf_USART1
    tcp.o(i.tcp_slowtmr) refers to tcp_out.o(i.tcp_zero_window_probe) for tcp_zero_window_probe
    tcp.o(i.tcp_slowtmr) refers to tcp_out.o(i.tcp_rexmit_rto) for tcp_rexmit_rto
    tcp.o(i.tcp_slowtmr) refers to tcp_out.o(i.tcp_keepalive) for tcp_keepalive
    tcp.o(i.tcp_slowtmr) refers to tcp.o(i.tcp_pcb_purge) for tcp_pcb_purge
    tcp.o(i.tcp_slowtmr) refers to tcp_out.o(i.tcp_rst) for tcp_rst
    tcp.o(i.tcp_slowtmr) refers to memp.o(i.memp_free) for memp_free
    tcp.o(i.tcp_slowtmr) refers to tcp_out.o(i.tcp_output) for tcp_output
    tcp.o(i.tcp_slowtmr) refers to tcp.o(.data) for tcp_ticks
    tcp.o(i.tcp_slowtmr) refers to tcp.o(.constdata) for tcp_persist_backoff
    tcp.o(i.tcp_tmr) refers to tcp.o(i.tcp_fasttmr) for tcp_fasttmr
    tcp.o(i.tcp_tmr) refers to tcp.o(i.tcp_slowtmr) for tcp_slowtmr
    tcp.o(i.tcp_tmr) refers to tcp.o(.data) for tcp_timer
    tcp.o(i.tcp_txnow) refers to tcp_out.o(i.tcp_output) for tcp_output
    tcp.o(i.tcp_txnow) refers to tcp.o(.data) for tcp_active_pcbs
    tcp.o(.constdata) refers to tcp.o(.conststring) for .conststring
    tcp.o(.constdata) refers to tcp.o(.data) for tcp_listen_pcbs
    tcp_in.o(i.tcp_getoptbyte) refers to tcp_in.o(.data) for tcphdr_opt2
    tcp_in.o(i.tcp_input) refers to tcp.o(i.tcp_debug_print) for tcp_debug_print
    tcp_in.o(i.tcp_input) refers to ip4_addr.o(i.ip4_addr_isbroadcast_u32) for ip4_addr_isbroadcast_u32
    tcp_in.o(i.tcp_input) refers to def.o(i.lwip_htons) for lwip_htons
    tcp_in.o(i.tcp_input) refers to pbuf.o(i.pbuf_header) for pbuf_header
    tcp_in.o(i.tcp_input) refers to def.o(i.lwip_htonl) for lwip_htonl
    tcp_in.o(i.tcp_input) refers to tcp_in.o(i.tcp_timewait_input) for tcp_timewait_input
    tcp_in.o(i.tcp_input) refers to pbuf.o(i.pbuf_free) for pbuf_free
    tcp_in.o(i.tcp_input) refers to tcp_in.o(i.tcp_listen_input) for tcp_listen_input
    tcp_in.o(i.tcp_input) refers to tcp.o(i.tcp_process_refused_data) for tcp_process_refused_data
    tcp_in.o(i.tcp_input) refers to tcp_in.o(i.tcp_process) for tcp_process
    tcp_in.o(i.tcp_input) refers to tcp.o(i.tcp_pcb_remove) for tcp_pcb_remove
    tcp_in.o(i.tcp_input) refers to memp.o(i.memp_free) for memp_free
    tcp_in.o(i.tcp_input) refers to tcp.o(i.tcp_abort) for tcp_abort
    tcp_in.o(i.tcp_input) refers to tcp.o(i.tcp_recv_null) for tcp_recv_null
    tcp_in.o(i.tcp_input) refers to tcp_in.o(.data) for tcphdr
    tcp_in.o(i.tcp_input) refers to ip.o(.bss) for ip_data
    tcp_in.o(i.tcp_input) refers to tcp.o(.data) for tcp_active_pcbs
    tcp_in.o(i.tcp_input) refers to tcp_in.o(.bss) for inseg
    tcp_in.o(i.tcp_input) refers to tcp_out.o(i.tcp_output) for tcp_output
    tcp_in.o(i.tcp_input) refers to tcp_out.o(i.tcp_rst) for tcp_rst
    tcp_in.o(i.tcp_input) refers to tcp.o(i.tcp_pcbs_sane) for tcp_pcbs_sane
    tcp_in.o(i.tcp_listen_input) refers to tcp_out.o(i.tcp_rst) for tcp_rst
    tcp_in.o(i.tcp_listen_input) refers to tcp.o(i.tcp_alloc) for tcp_alloc
    tcp_in.o(i.tcp_listen_input) refers to timeouts.o(i.tcp_timer_needed) for tcp_timer_needed
    tcp_in.o(i.tcp_listen_input) refers to tcp_in.o(i.tcp_parseopt) for tcp_parseopt
    tcp_in.o(i.tcp_listen_input) refers to tcp.o(i.tcp_eff_send_mss_impl) for tcp_eff_send_mss_impl
    tcp_in.o(i.tcp_listen_input) refers to tcp_out.o(i.tcp_enqueue_flags) for tcp_enqueue_flags
    tcp_in.o(i.tcp_listen_input) refers to tcp.o(i.tcp_abandon) for tcp_abandon
    tcp_in.o(i.tcp_listen_input) refers to tcp_out.o(i.tcp_output) for tcp_output
    tcp_in.o(i.tcp_listen_input) refers to tcp_in.o(.data) for flags
    tcp_in.o(i.tcp_listen_input) refers to ip.o(.bss) for ip_data
    tcp_in.o(i.tcp_listen_input) refers to tcp.o(.data) for tcp_active_pcbs
    tcp_in.o(i.tcp_parseopt) refers to tcp_in.o(i.tcp_getoptbyte) for tcp_getoptbyte
    tcp_in.o(i.tcp_parseopt) refers to tcp_in.o(.data) for tcphdr_optlen
    tcp_in.o(i.tcp_process) refers to tcp_in.o(i.tcp_parseopt) for tcp_parseopt
    tcp_in.o(i.tcp_process) refers to tcp.o(i.tcp_eff_send_mss_impl) for tcp_eff_send_mss_impl
    tcp_in.o(i.tcp_process) refers to tcp.o(i.tcp_seg_free) for tcp_seg_free
    tcp_in.o(i.tcp_process) refers to tcp_out.o(i.tcp_rst) for tcp_rst
    tcp_in.o(i.tcp_process) refers to tcp_out.o(i.tcp_rexmit_rto) for tcp_rexmit_rto
    tcp_in.o(i.tcp_process) refers to tcp.o(i.tcp_abort) for tcp_abort
    tcp_in.o(i.tcp_process) refers to tcp_in.o(i.tcp_receive) for tcp_receive
    tcp_in.o(i.tcp_process) refers to tcp_out.o(i.tcp_rexmit) for tcp_rexmit
    tcp_in.o(i.tcp_process) refers to tcp.o(i.tcp_pcb_purge) for tcp_pcb_purge
    tcp_in.o(i.tcp_process) refers to tcp_in.o(.data) for flags
    tcp_in.o(i.tcp_process) refers to tcp.o(.data) for tcp_ticks
    tcp_in.o(i.tcp_process) refers to ip.o(.bss) for ip_data
    tcp_in.o(i.tcp_process) refers to timeouts.o(i.tcp_timer_needed) for tcp_timer_needed
    tcp_in.o(i.tcp_receive) refers to tcp_out.o(i.tcp_rexmit_fast) for tcp_rexmit_fast
    tcp_in.o(i.tcp_receive) refers to pbuf.o(i.pbuf_clen) for pbuf_clen
    tcp_in.o(i.tcp_receive) refers to tcp.o(i.tcp_seg_free) for tcp_seg_free
    tcp_in.o(i.tcp_receive) refers to def.o(i.lwip_htonl) for lwip_htonl
    tcp_in.o(i.tcp_receive) refers to def.o(i.lwip_htons) for lwip_htons
    tcp_in.o(i.tcp_receive) refers to tcp_out.o(i.tcp_send_empty_ack) for tcp_send_empty_ack
    tcp_in.o(i.tcp_receive) refers to pbuf.o(i.pbuf_header) for pbuf_header
    tcp_in.o(i.tcp_receive) refers to tcp_in.o(.data) for flags
    tcp_in.o(i.tcp_receive) refers to tcp.o(.data) for tcp_ticks
    tcp_in.o(i.tcp_receive) refers to tcp_in.o(.bss) for inseg
    tcp_in.o(i.tcp_receive) refers to pbuf.o(i.pbuf_realloc) for pbuf_realloc
    tcp_in.o(i.tcp_receive) refers to tcp.o(i.tcp_update_rcv_ann_wnd) for tcp_update_rcv_ann_wnd
    tcp_in.o(i.tcp_timewait_input) refers to tcp_out.o(i.tcp_rst) for tcp_rst
    tcp_in.o(i.tcp_timewait_input) refers to tcp_out.o(i.tcp_output) for tcp_output
    tcp_in.o(i.tcp_timewait_input) refers to tcp_in.o(.data) for flags
    tcp_in.o(i.tcp_timewait_input) refers to ip.o(.bss) for ip_data
    tcp_in.o(i.tcp_timewait_input) refers to tcp.o(.data) for tcp_ticks
    tcp_in.o(i.tcp_trigger_input_pcb_close) refers to tcp_in.o(.data) for recv_flags
    tcp_out.o(i.tcp_create_segment) refers to memp.o(i.memp_malloc) for memp_malloc
    tcp_out.o(i.tcp_create_segment) refers to pbuf.o(i.pbuf_free) for pbuf_free
    tcp_out.o(i.tcp_create_segment) refers to pbuf.o(i.pbuf_header) for pbuf_header
    tcp_out.o(i.tcp_create_segment) refers to tcp.o(i.tcp_seg_free) for tcp_seg_free
    tcp_out.o(i.tcp_create_segment) refers to def.o(i.lwip_htons) for lwip_htons
    tcp_out.o(i.tcp_create_segment) refers to def.o(i.lwip_htonl) for lwip_htonl
    tcp_out.o(i.tcp_enqueue_flags) refers to pbuf.o(i.pbuf_alloc) for pbuf_alloc
    tcp_out.o(i.tcp_enqueue_flags) refers to tcp_out.o(i.tcp_create_segment) for tcp_create_segment
    tcp_out.o(i.tcp_enqueue_flags) refers to pbuf.o(i.pbuf_clen) for pbuf_clen
    tcp_out.o(i.tcp_keepalive) refers to def.o(i.lwip_htonl) for lwip_htonl
    tcp_out.o(i.tcp_keepalive) refers to tcp_out.o(i.tcp_output_alloc_header) for tcp_output_alloc_header
    tcp_out.o(i.tcp_keepalive) refers to ip4.o(i.ip4_route) for ip4_route
    tcp_out.o(i.tcp_keepalive) refers to ip4.o(i.ip4_output_if) for ip4_output_if
    tcp_out.o(i.tcp_keepalive) refers to pbuf.o(i.pbuf_free) for pbuf_free
    tcp_out.o(i.tcp_output) refers to def.o(i.lwip_htonl) for lwip_htonl
    tcp_out.o(i.tcp_output) refers to tcp_out.o(i.tcp_send_empty_ack) for tcp_send_empty_ack
    tcp_out.o(i.tcp_output) refers to ip4.o(i.ip4_route) for ip4_route
    tcp_out.o(i.tcp_output) refers to def.o(i.lwip_htons) for lwip_htons
    tcp_out.o(i.tcp_output) refers to tcp_out.o(i.tcp_output_segment) for tcp_output_segment
    tcp_out.o(i.tcp_output) refers to tcp.o(i.tcp_seg_free) for tcp_seg_free
    tcp_out.o(i.tcp_output) refers to tcp_in.o(.data) for tcp_input_pcb
    tcp_out.o(i.tcp_output_alloc_header) refers to pbuf.o(i.pbuf_alloc) for pbuf_alloc
    tcp_out.o(i.tcp_output_alloc_header) refers to def.o(i.lwip_htons) for lwip_htons
    tcp_out.o(i.tcp_output_alloc_header) refers to def.o(i.lwip_htonl) for lwip_htonl
    tcp_out.o(i.tcp_output_segment) refers to def.o(i.lwip_htonl) for lwip_htonl
    tcp_out.o(i.tcp_output_segment) refers to def.o(i.lwip_htons) for lwip_htons
    tcp_out.o(i.tcp_output_segment) refers to tcp.o(i.tcp_eff_send_mss_impl) for tcp_eff_send_mss_impl
    tcp_out.o(i.tcp_output_segment) refers to ip4.o(i.ip4_output_if) for ip4_output_if
    tcp_out.o(i.tcp_output_segment) refers to tcp.o(.data) for tcp_ticks
    tcp_out.o(i.tcp_pbuf_prealloc) refers to pbuf.o(i.pbuf_alloc) for pbuf_alloc
    tcp_out.o(i.tcp_rexmit) refers to def.o(i.lwip_htonl) for lwip_htonl
    tcp_out.o(i.tcp_rexmit_fast) refers to tcp_out.o(i.tcp_rexmit) for tcp_rexmit
    tcp_out.o(i.tcp_rexmit_rto) refers to tcp_out.o(i.tcp_output) for tcp_output
    tcp_out.o(i.tcp_rst) refers to pbuf.o(i.pbuf_alloc) for pbuf_alloc
    tcp_out.o(i.tcp_rst) refers to def.o(i.lwip_htons) for lwip_htons
    tcp_out.o(i.tcp_rst) refers to def.o(i.lwip_htonl) for lwip_htonl
    tcp_out.o(i.tcp_rst) refers to ip4.o(i.ip4_route) for ip4_route
    tcp_out.o(i.tcp_rst) refers to ip4.o(i.ip4_output_if) for ip4_output_if
    tcp_out.o(i.tcp_rst) refers to pbuf.o(i.pbuf_free) for pbuf_free
    tcp_out.o(i.tcp_send_empty_ack) refers to def.o(i.lwip_htonl) for lwip_htonl
    tcp_out.o(i.tcp_send_empty_ack) refers to tcp_out.o(i.tcp_output_alloc_header) for tcp_output_alloc_header
    tcp_out.o(i.tcp_send_empty_ack) refers to ip4.o(i.ip4_route) for ip4_route
    tcp_out.o(i.tcp_send_empty_ack) refers to ip4.o(i.ip4_output_if) for ip4_output_if
    tcp_out.o(i.tcp_send_empty_ack) refers to pbuf.o(i.pbuf_free) for pbuf_free
    tcp_out.o(i.tcp_send_fin) refers to def.o(i.lwip_htons) for lwip_htons
    tcp_out.o(i.tcp_send_fin) refers to tcp_out.o(i.tcp_enqueue_flags) for tcp_enqueue_flags
    tcp_out.o(i.tcp_write) refers to tcp_out.o(i.tcp_write_checks) for tcp_write_checks
    tcp_out.o(i.tcp_write) refers to tcp_out.o(i.tcp_pbuf_prealloc) for tcp_pbuf_prealloc
    tcp_out.o(i.tcp_write) refers to memcpya.o(.text) for __aeabi_memcpy
    tcp_out.o(i.tcp_write) refers to pbuf.o(i.pbuf_alloc) for pbuf_alloc
    tcp_out.o(i.tcp_write) refers to pbuf.o(i.pbuf_clen) for pbuf_clen
    tcp_out.o(i.tcp_write) refers to pbuf.o(i.pbuf_free) for pbuf_free
    tcp_out.o(i.tcp_write) refers to pbuf.o(i.pbuf_cat) for pbuf_cat
    tcp_out.o(i.tcp_write) refers to tcp_out.o(i.tcp_create_segment) for tcp_create_segment
    tcp_out.o(i.tcp_write) refers to def.o(i.lwip_htons) for lwip_htons
    tcp_out.o(i.tcp_write) refers to tcp.o(i.tcp_segs_free) for tcp_segs_free
    tcp_out.o(i.tcp_zero_window_probe) refers to def.o(i.lwip_htons) for lwip_htons
    tcp_out.o(i.tcp_zero_window_probe) refers to tcp_out.o(i.tcp_output_alloc_header) for tcp_output_alloc_header
    tcp_out.o(i.tcp_zero_window_probe) refers to pbuf.o(i.pbuf_copy_partial) for pbuf_copy_partial
    tcp_out.o(i.tcp_zero_window_probe) refers to def.o(i.lwip_htonl) for lwip_htonl
    tcp_out.o(i.tcp_zero_window_probe) refers to ip4.o(i.ip4_route) for ip4_route
    tcp_out.o(i.tcp_zero_window_probe) refers to ip4.o(i.ip4_output_if) for ip4_output_if
    tcp_out.o(i.tcp_zero_window_probe) refers to pbuf.o(i.pbuf_free) for pbuf_free
    timeouts.o(i.cyclic_timer) refers to timeouts.o(i.sys_timeout) for sys_timeout
    timeouts.o(i.sys_check_timeouts) refers to ethernetif.o(i.sys_now) for sys_now
    timeouts.o(i.sys_check_timeouts) refers to memp.o(i.memp_free) for memp_free
    timeouts.o(i.sys_check_timeouts) refers to timeouts.o(.data) for next_timeout
    timeouts.o(i.sys_restart_timeouts) refers to ethernetif.o(i.sys_now) for sys_now
    timeouts.o(i.sys_restart_timeouts) refers to timeouts.o(.data) for timeouts_last_time
    timeouts.o(i.sys_timeout) refers to memp.o(i.memp_malloc) for memp_malloc
    timeouts.o(i.sys_timeout) refers to ethernetif.o(i.sys_now) for sys_now
    timeouts.o(i.sys_timeout) refers to timeouts.o(.data) for next_timeout
    timeouts.o(i.sys_timeouts_init) refers to timeouts.o(i.sys_timeout) for sys_timeout
    timeouts.o(i.sys_timeouts_init) refers to ethernetif.o(i.sys_now) for sys_now
    timeouts.o(i.sys_timeouts_init) refers to timeouts.o(.constdata) for lwip_cyclic_timers
    timeouts.o(i.sys_timeouts_init) refers to timeouts.o(i.cyclic_timer) for cyclic_timer
    timeouts.o(i.sys_timeouts_init) refers to timeouts.o(.data) for timeouts_last_time
    timeouts.o(i.sys_timeouts_sleeptime) refers to ethernetif.o(i.sys_now) for sys_now
    timeouts.o(i.sys_timeouts_sleeptime) refers to timeouts.o(.data) for next_timeout
    timeouts.o(i.sys_untimeout) refers to memp.o(i.memp_free) for memp_free
    timeouts.o(i.sys_untimeout) refers to timeouts.o(.data) for next_timeout
    timeouts.o(i.tcp_timer_needed) refers to timeouts.o(i.sys_timeout) for sys_timeout
    timeouts.o(i.tcp_timer_needed) refers to timeouts.o(.data) for tcpip_tcp_timer_active
    timeouts.o(i.tcp_timer_needed) refers to tcp.o(.data) for tcp_active_pcbs
    timeouts.o(i.tcp_timer_needed) refers to timeouts.o(i.tcpip_tcp_timer) for tcpip_tcp_timer
    timeouts.o(i.tcpip_tcp_timer) refers to tcp.o(i.tcp_tmr) for tcp_tmr
    timeouts.o(i.tcpip_tcp_timer) refers to timeouts.o(i.sys_timeout) for sys_timeout
    timeouts.o(i.tcpip_tcp_timer) refers to tcp.o(.data) for tcp_active_pcbs
    timeouts.o(i.tcpip_tcp_timer) refers to timeouts.o(.data) for tcpip_tcp_timer_active
    timeouts.o(.constdata) refers to tcp.o(i.tcp_tmr) for tcp_tmr
    timeouts.o(.constdata) refers to ip4_frag.o(i.ip_reass_tmr) for ip_reass_tmr
    timeouts.o(.constdata) refers to etharp.o(i.etharp_tmr) for etharp_tmr
    timeouts.o(.constdata) refers to dhcp.o(i.dhcp_coarse_tmr) for dhcp_coarse_tmr
    timeouts.o(.constdata) refers to dhcp.o(i.dhcp_fine_tmr) for dhcp_fine_tmr
    udp.o(i.udp_bind) refers to usrat.o(i.MyPrintf_USART1) for MyPrintf_USART1
    udp.o(i.udp_bind) refers to udp.o(i.udp_new_port) for udp_new_port
    udp.o(i.udp_bind) refers to ip4_addr.o(.constdata) for ip_addr_any
    udp.o(i.udp_bind) refers to udp.o(.data) for udp_pcbs
    udp.o(i.udp_connect) refers to udp.o(i.udp_bind) for udp_bind
    udp.o(i.udp_connect) refers to udp.o(.data) for udp_pcbs
    udp.o(i.udp_input) refers to pbuf.o(i.pbuf_free) for pbuf_free
    udp.o(i.udp_input) refers to ip4_addr.o(i.ip4_addr_isbroadcast_u32) for ip4_addr_isbroadcast_u32
    udp.o(i.udp_input) refers to def.o(i.lwip_htons) for lwip_htons
    udp.o(i.udp_input) refers to udp.o(i.udp_input_local_match) for udp_input_local_match
    udp.o(i.udp_input) refers to memcpya.o(.text) for __aeabi_memcpy
    udp.o(i.udp_input) refers to strncmp.o(.text) for strncmp
    udp.o(i.udp_input) refers to flash.o(i.Flash_Errase) for Flash_Errase
    udp.o(i.udp_input) refers to stm32f4xx_hal_cortex.o(i.HAL_NVIC_SystemReset) for HAL_NVIC_SystemReset
    udp.o(i.udp_input) refers to printfa.o(i.__0sprintf) for __2sprintf
    udp.o(i.udp_input) refers to usrat.o(i.ConvAsc2Hex) for ConvAsc2Hex
    udp.o(i.udp_input) refers to pbuf.o(i.pbuf_header) for pbuf_header
    udp.o(i.udp_input) refers to ip.o(.bss) for ip_data
    udp.o(i.udp_input) refers to udp.o(.data) for udp_pcbs
    udp.o(i.udp_input) refers to main.o(.bss) for mLed_Process_Flag
    udp.o(i.udp_input) refers to main.o(.data) for pmEthernet_Rx_struct
    udp.o(i.udp_input) refers to pbuf.o(i.pbuf_header_force) for pbuf_header_force
    udp.o(i.udp_input) refers to icmp.o(i.icmp_dest_unreach) for icmp_dest_unreach
    udp.o(i.udp_input_local_match) refers to ip.o(.bss) for ip_data
    udp.o(i.udp_netif_ip_addr_changed) refers to udp.o(.data) for udp_pcbs
    udp.o(i.udp_new) refers to memp.o(i.memp_malloc) for memp_malloc
    udp.o(i.udp_new) refers to memseta.o(.text) for __aeabi_memclr4
    udp.o(i.udp_new_ip_type) refers to udp.o(i.udp_new) for udp_new
    udp.o(i.udp_new_port) refers to udp.o(.data) for udp_port
    udp.o(i.udp_remove) refers to memp.o(i.memp_free) for memp_free
    udp.o(i.udp_remove) refers to udp.o(.data) for udp_pcbs
    udp.o(i.udp_send) refers to udp.o(i.udp_sendto) for udp_sendto
    udp.o(i.udp_sendto) refers to ip4.o(i.ip4_route) for ip4_route
    udp.o(i.udp_sendto) refers to udp.o(i.udp_sendto_if) for udp_sendto_if
    udp.o(i.udp_sendto_if) refers to udp.o(i.udp_sendto_if_src) for udp_sendto_if_src
    udp.o(i.udp_sendto_if_src) refers to udp.o(i.udp_bind) for udp_bind
    udp.o(i.udp_sendto_if_src) refers to pbuf.o(i.pbuf_header) for pbuf_header
    udp.o(i.udp_sendto_if_src) refers to pbuf.o(i.pbuf_alloc) for pbuf_alloc
    udp.o(i.udp_sendto_if_src) refers to pbuf.o(i.pbuf_chain) for pbuf_chain
    udp.o(i.udp_sendto_if_src) refers to def.o(i.lwip_htons) for lwip_htons
    udp.o(i.udp_sendto_if_src) refers to ip4.o(i.ip4_output_if_src) for ip4_output_if_src
    udp.o(i.udp_sendto_if_src) refers to pbuf.o(i.pbuf_free) for pbuf_free
    eventrecorder.o(i.EventCheckFilter) refers to eventrecorder.o(.bss.noinit) for EventStatus
    eventrecorder.o(i.EventGetTS) refers to eventrecorder.o(i.EventRecorderTimerGetCount) for EventRecorderTimerGetCount
    eventrecorder.o(i.EventGetTS) refers to eventrecorder.o(.emb_text) for __asm___15_EventRecorder_c_e8d3082c__atomic_xch32
    eventrecorder.o(i.EventGetTS) refers to eventrecorder.o(.bss.noinit) for EventStatus
    eventrecorder.o(i.EventRecord2) refers to eventrecorder.o(i.EventCheckFilter) for EventCheckFilter
    eventrecorder.o(i.EventRecord2) refers to eventrecorder.o(i.EventGetTS) for EventGetTS
    eventrecorder.o(i.EventRecord2) refers to eventrecorder.o(i.EventRecordItem) for EventRecordItem
    eventrecorder.o(i.EventRecord4) refers to eventrecorder.o(i.EventCheckFilter) for EventCheckFilter
    eventrecorder.o(i.EventRecord4) refers to eventrecorder.o(i.EventGetTS) for EventGetTS
    eventrecorder.o(i.EventRecord4) refers to eventrecorder.o(i.GetContext) for GetContext
    eventrecorder.o(i.EventRecord4) refers to eventrecorder.o(i.EventRecordItem) for EventRecordItem
    eventrecorder.o(i.EventRecordData) refers to eventrecorder.o(i.EventCheckFilter) for EventCheckFilter
    eventrecorder.o(i.EventRecordData) refers to eventrecorder.o(i.EventGetTS) for EventGetTS
    eventrecorder.o(i.EventRecordData) refers to eventrecorder.o(i.EventRecordItem) for EventRecordItem
    eventrecorder.o(i.EventRecordData) refers to memcpya.o(.text) for __aeabi_memcpy
    eventrecorder.o(i.EventRecordData) refers to eventrecorder.o(i.GetContext) for GetContext
    eventrecorder.o(i.EventRecordItem) refers to eventrecorder.o(.emb_text) for __asm___15_EventRecorder_c_e8d3082c__atomic_inc32
    eventrecorder.o(i.EventRecordItem) refers to eventrecorder.o(.bss.noinit) for EventStatus
    eventrecorder.o(i.EventRecorderClockUpdate) refers to eventrecorder.o(i.EventRecorderTimerGetFreq) for EventRecorderTimerGetFreq
    eventrecorder.o(i.EventRecorderClockUpdate) refers to eventrecorder.o(i.EventGetTS) for EventGetTS
    eventrecorder.o(i.EventRecorderClockUpdate) refers to eventrecorder.o(i.EventRecordItem) for EventRecordItem
    eventrecorder.o(i.EventRecorderClockUpdate) refers to eventrecorder.o(.bss.noinit) for EventStatus
    eventrecorder.o(i.EventRecorderDisable) refers to eventrecorder.o(.bss.noinit) for EventFilter
    eventrecorder.o(i.EventRecorderEnable) refers to eventrecorder.o(.bss.noinit) for EventFilter
    eventrecorder.o(i.EventRecorderInitialize) refers to memseta.o(.text) for __aeabi_memclr4
    eventrecorder.o(i.EventRecorderInitialize) refers to eventrecorder.o(i.crc16_ccitt) for crc16_ccitt
    eventrecorder.o(i.EventRecorderInitialize) refers to eventrecorder.o(i.EventRecorderTimerSetup) for EventRecorderTimerSetup
    eventrecorder.o(i.EventRecorderInitialize) refers to eventrecorder.o(i.EventRecorderTimerGetFreq) for EventRecorderTimerGetFreq
    eventrecorder.o(i.EventRecorderInitialize) refers to eventrecorder.o(i.EventRecorderEnable) for EventRecorderEnable
    eventrecorder.o(i.EventRecorderInitialize) refers to eventrecorder.o(i.EventGetTS) for EventGetTS
    eventrecorder.o(i.EventRecorderInitialize) refers to eventrecorder.o(i.EventRecordItem) for EventRecordItem
    eventrecorder.o(i.EventRecorderInitialize) refers to eventrecorder.o(i.EventRecorderStart) for EventRecorderStart
    eventrecorder.o(i.EventRecorderInitialize) refers to eventrecorder.o(.bss.noinit) for EventStatus
    eventrecorder.o(i.EventRecorderInitialize) refers to eventrecorder.o(.constdata) for EventRecorderInfo
    eventrecorder.o(i.EventRecorderStart) refers to eventrecorder.o(i.EventGetTS) for EventGetTS
    eventrecorder.o(i.EventRecorderStart) refers to eventrecorder.o(i.EventRecordItem) for EventRecordItem
    eventrecorder.o(i.EventRecorderStart) refers to eventrecorder.o(.bss.noinit) for EventStatus
    eventrecorder.o(i.EventRecorderStop) refers to eventrecorder.o(i.EventGetTS) for EventGetTS
    eventrecorder.o(i.EventRecorderStop) refers to eventrecorder.o(i.EventRecordItem) for EventRecordItem
    eventrecorder.o(i.EventRecorderStop) refers to eventrecorder.o(.bss.noinit) for EventStatus
    eventrecorder.o(i.EventRecorderTimerGetFreq) refers to system_stm32f4xx.o(.data) for SystemCoreClock
    eventrecorder.o(i.GetContext) refers to eventrecorder.o(.emb_text) for __asm___15_EventRecorder_c_e8d3082c__atomic_inc8
    eventrecorder.o(i.GetContext) refers to eventrecorder.o(.bss.noinit) for EventStatus
    eventrecorder.o(.constdata) refers to eventrecorder.o(.bss.noinit) for EventBuffer
    entry.o(.ARM.Collect$$$$00000000) refers (Special) to entry10a.o(.ARM.Collect$$$$0000000F) for __rt_final_cpp
    entry.o(.ARM.Collect$$$$00000000) refers (Special) to entry11a.o(.ARM.Collect$$$$00000011) for __rt_final_exit
    entry.o(.ARM.Collect$$$$00000000) refers (Special) to entry12b.o(.ARM.Collect$$$$0000000E) for __rt_lib_shutdown_fini
    entry.o(.ARM.Collect$$$$00000000) refers (Special) to entry7b.o(.ARM.Collect$$$$00000008) for _main_clock
    entry.o(.ARM.Collect$$$$00000000) refers (Special) to entry8b.o(.ARM.Collect$$$$0000000A) for _main_cpp_init
    entry.o(.ARM.Collect$$$$00000000) refers (Special) to entry9a.o(.ARM.Collect$$$$0000000B) for _main_init
    entry.o(.ARM.Collect$$$$00000000) refers (Special) to entry5.o(.ARM.Collect$$$$00000004) for _main_scatterload
    entry.o(.ARM.Collect$$$$00000000) refers (Special) to entry2.o(.ARM.Collect$$$$00000001) for _main_stk
    rand.o(.text) refers to rand.o(.data) for .data
    printfb.o(i.__0fprintf$bare) refers to printfb.o(i._printf_core) for _printf_core
    printfb.o(i.__0fprintf$bare) refers to lcd_log.o(i.fputc) for fputc
    printfb.o(i.__0printf$bare) refers to printfb.o(i._printf_core) for _printf_core
    printfb.o(i.__0printf$bare) refers to lcd_log.o(i.fputc) for fputc
    printfb.o(i.__0printf$bare) refers to stdout.o(.data) for __stdout
    printfb.o(i.__0snprintf$bare) refers to printfb.o(i._printf_core) for _printf_core
    printfb.o(i.__0snprintf$bare) refers to printfb.o(i._snputc) for _snputc
    printfb.o(i.__0sprintf$bare) refers to printfb.o(i._printf_core) for _printf_core
    printfb.o(i.__0sprintf$bare) refers to printfb.o(i._sputc) for _sputc
    printfb.o(i.__0vfprintf$bare) refers to printfb.o(i._printf_core) for _printf_core
    printfb.o(i.__0vfprintf$bare) refers to lcd_log.o(i.fputc) for fputc
    printfb.o(i.__0vprintf$bare) refers to printfb.o(i._printf_core) for _printf_core
    printfb.o(i.__0vprintf$bare) refers to lcd_log.o(i.fputc) for fputc
    printfb.o(i.__0vprintf$bare) refers to stdout.o(.data) for __stdout
    printfb.o(i.__0vsnprintf$bare) refers to printfb.o(i._printf_core) for _printf_core
    printfb.o(i.__0vsnprintf$bare) refers to printfb.o(i._snputc) for _snputc
    printfb.o(i.__0vsprintf$bare) refers to printfb.o(i._printf_core) for _printf_core
    printfb.o(i.__0vsprintf$bare) refers to printfb.o(i._sputc) for _sputc
    printf0.o(i.__0fprintf$0) refers to printf0.o(i._printf_core) for _printf_core
    printf0.o(i.__0fprintf$0) refers to lcd_log.o(i.fputc) for fputc
    printf0.o(i.__0printf$0) refers to printf0.o(i._printf_core) for _printf_core
    printf0.o(i.__0printf$0) refers to lcd_log.o(i.fputc) for fputc
    printf0.o(i.__0printf$0) refers to stdout.o(.data) for __stdout
    printf0.o(i.__0snprintf$0) refers to printf0.o(i._printf_core) for _printf_core
    printf0.o(i.__0snprintf$0) refers to printf0.o(i._snputc) for _snputc
    printf0.o(i.__0sprintf$0) refers to printf0.o(i._printf_core) for _printf_core
    printf0.o(i.__0sprintf$0) refers to printf0.o(i._sputc) for _sputc
    printf0.o(i.__0vfprintf$0) refers to printf0.o(i._printf_core) for _printf_core
    printf0.o(i.__0vfprintf$0) refers to lcd_log.o(i.fputc) for fputc
    printf0.o(i.__0vprintf$0) refers to printf0.o(i._printf_core) for _printf_core
    printf0.o(i.__0vprintf$0) refers to lcd_log.o(i.fputc) for fputc
    printf0.o(i.__0vprintf$0) refers to stdout.o(.data) for __stdout
    printf0.o(i.__0vsnprintf$0) refers to printf0.o(i._printf_core) for _printf_core
    printf0.o(i.__0vsnprintf$0) refers to printf0.o(i._snputc) for _snputc
    printf0.o(i.__0vsprintf$0) refers to printf0.o(i._printf_core) for _printf_core
    printf0.o(i.__0vsprintf$0) refers to printf0.o(i._sputc) for _sputc
    printf1.o(i.__0fprintf$1) refers to printf1.o(i._printf_core) for _printf_core
    printf1.o(i.__0fprintf$1) refers to lcd_log.o(i.fputc) for fputc
    printf1.o(i.__0printf$1) refers to printf1.o(i._printf_core) for _printf_core
    printf1.o(i.__0printf$1) refers to lcd_log.o(i.fputc) for fputc
    printf1.o(i.__0printf$1) refers to stdout.o(.data) for __stdout
    printf1.o(i.__0snprintf$1) refers to printf1.o(i._printf_core) for _printf_core
    printf1.o(i.__0snprintf$1) refers to printf1.o(i._snputc) for _snputc
    printf1.o(i.__0sprintf$1) refers to printf1.o(i._printf_core) for _printf_core
    printf1.o(i.__0sprintf$1) refers to printf1.o(i._sputc) for _sputc
    printf1.o(i.__0vfprintf$1) refers to printf1.o(i._printf_core) for _printf_core
    printf1.o(i.__0vfprintf$1) refers to lcd_log.o(i.fputc) for fputc
    printf1.o(i.__0vprintf$1) refers to printf1.o(i._printf_core) for _printf_core
    printf1.o(i.__0vprintf$1) refers to lcd_log.o(i.fputc) for fputc
    printf1.o(i.__0vprintf$1) refers to stdout.o(.data) for __stdout
    printf1.o(i.__0vsnprintf$1) refers to printf1.o(i._printf_core) for _printf_core
    printf1.o(i.__0vsnprintf$1) refers to printf1.o(i._snputc) for _snputc
    printf1.o(i.__0vsprintf$1) refers to printf1.o(i._printf_core) for _printf_core
    printf1.o(i.__0vsprintf$1) refers to printf1.o(i._sputc) for _sputc
    printf1.o(i._printf_core) refers to uidiv.o(.text) for __aeabi_uidivmod
    printf2.o(i.__0fprintf$2) refers to printf2.o(i._printf_core) for _printf_core
    printf2.o(i.__0fprintf$2) refers to lcd_log.o(i.fputc) for fputc
    printf2.o(i.__0printf$2) refers to printf2.o(i._printf_core) for _printf_core
    printf2.o(i.__0printf$2) refers to lcd_log.o(i.fputc) for fputc
    printf2.o(i.__0printf$2) refers to stdout.o(.data) for __stdout
    printf2.o(i.__0snprintf$2) refers to printf2.o(i._printf_core) for _printf_core
    printf2.o(i.__0snprintf$2) refers to printf2.o(i._snputc) for _snputc
    printf2.o(i.__0sprintf$2) refers to printf2.o(i._printf_core) for _printf_core
    printf2.o(i.__0sprintf$2) refers to printf2.o(i._sputc) for _sputc
    printf2.o(i.__0vfprintf$2) refers to printf2.o(i._printf_core) for _printf_core
    printf2.o(i.__0vfprintf$2) refers to lcd_log.o(i.fputc) for fputc
    printf2.o(i.__0vprintf$2) refers to printf2.o(i._printf_core) for _printf_core
    printf2.o(i.__0vprintf$2) refers to lcd_log.o(i.fputc) for fputc
    printf2.o(i.__0vprintf$2) refers to stdout.o(.data) for __stdout
    printf2.o(i.__0vsnprintf$2) refers to printf2.o(i._printf_core) for _printf_core
    printf2.o(i.__0vsnprintf$2) refers to printf2.o(i._snputc) for _snputc
    printf2.o(i.__0vsprintf$2) refers to printf2.o(i._printf_core) for _printf_core
    printf2.o(i.__0vsprintf$2) refers to printf2.o(i._sputc) for _sputc
    printf3.o(i.__0fprintf$3) refers to printf3.o(i._printf_core) for _printf_core
    printf3.o(i.__0fprintf$3) refers to lcd_log.o(i.fputc) for fputc
    printf3.o(i.__0printf$3) refers to printf3.o(i._printf_core) for _printf_core
    printf3.o(i.__0printf$3) refers to lcd_log.o(i.fputc) for fputc
    printf3.o(i.__0printf$3) refers to stdout.o(.data) for __stdout
    printf3.o(i.__0snprintf$3) refers to printf3.o(i._printf_core) for _printf_core
    printf3.o(i.__0snprintf$3) refers to printf3.o(i._snputc) for _snputc
    printf3.o(i.__0sprintf$3) refers to printf3.o(i._printf_core) for _printf_core
    printf3.o(i.__0sprintf$3) refers to printf3.o(i._sputc) for _sputc
    printf3.o(i.__0vfprintf$3) refers to printf3.o(i._printf_core) for _printf_core
    printf3.o(i.__0vfprintf$3) refers to lcd_log.o(i.fputc) for fputc
    printf3.o(i.__0vprintf$3) refers to printf3.o(i._printf_core) for _printf_core
    printf3.o(i.__0vprintf$3) refers to lcd_log.o(i.fputc) for fputc
    printf3.o(i.__0vprintf$3) refers to stdout.o(.data) for __stdout
    printf3.o(i.__0vsnprintf$3) refers to printf3.o(i._printf_core) for _printf_core
    printf3.o(i.__0vsnprintf$3) refers to printf3.o(i._snputc) for _snputc
    printf3.o(i.__0vsprintf$3) refers to printf3.o(i._printf_core) for _printf_core
    printf3.o(i.__0vsprintf$3) refers to printf3.o(i._sputc) for _sputc
    printf3.o(i._printf_core) refers to uidiv.o(.text) for __aeabi_uidivmod
    printf4.o(i.__0fprintf$4) refers to printf4.o(i._printf_core) for _printf_core
    printf4.o(i.__0fprintf$4) refers to lcd_log.o(i.fputc) for fputc
    printf4.o(i.__0printf$4) refers to printf4.o(i._printf_core) for _printf_core
    printf4.o(i.__0printf$4) refers to lcd_log.o(i.fputc) for fputc
    printf4.o(i.__0printf$4) refers to stdout.o(.data) for __stdout
    printf4.o(i.__0snprintf$4) refers to printf4.o(i._printf_core) for _printf_core
    printf4.o(i.__0snprintf$4) refers to printf4.o(i._snputc) for _snputc
    printf4.o(i.__0sprintf$4) refers to printf4.o(i._printf_core) for _printf_core
    printf4.o(i.__0sprintf$4) refers to printf4.o(i._sputc) for _sputc
    printf4.o(i.__0vfprintf$4) refers to printf4.o(i._printf_core) for _printf_core
    printf4.o(i.__0vfprintf$4) refers to lcd_log.o(i.fputc) for fputc
    printf4.o(i.__0vprintf$4) refers to printf4.o(i._printf_core) for _printf_core
    printf4.o(i.__0vprintf$4) refers to lcd_log.o(i.fputc) for fputc
    printf4.o(i.__0vprintf$4) refers to stdout.o(.data) for __stdout
    printf4.o(i.__0vsnprintf$4) refers to printf4.o(i._printf_core) for _printf_core
    printf4.o(i.__0vsnprintf$4) refers to printf4.o(i._snputc) for _snputc
    printf4.o(i.__0vsprintf$4) refers to printf4.o(i._printf_core) for _printf_core
    printf4.o(i.__0vsprintf$4) refers to printf4.o(i._sputc) for _sputc
    printf4.o(i._printf_core) refers to uldiv.o(.text) for __aeabi_uldivmod
    printf5.o(i.__0fprintf$5) refers to printf5.o(i._printf_core) for _printf_core
    printf5.o(i.__0fprintf$5) refers to lcd_log.o(i.fputc) for fputc
    printf5.o(i.__0printf$5) refers to printf5.o(i._printf_core) for _printf_core
    printf5.o(i.__0printf$5) refers to lcd_log.o(i.fputc) for fputc
    printf5.o(i.__0printf$5) refers to stdout.o(.data) for __stdout
    printf5.o(i.__0snprintf$5) refers to printf5.o(i._printf_core) for _printf_core
    printf5.o(i.__0snprintf$5) refers to printf5.o(i._snputc) for _snputc
    printf5.o(i.__0sprintf$5) refers to printf5.o(i._printf_core) for _printf_core
    printf5.o(i.__0sprintf$5) refers to printf5.o(i._sputc) for _sputc
    printf5.o(i.__0vfprintf$5) refers to printf5.o(i._printf_core) for _printf_core
    printf5.o(i.__0vfprintf$5) refers to lcd_log.o(i.fputc) for fputc
    printf5.o(i.__0vprintf$5) refers to printf5.o(i._printf_core) for _printf_core
    printf5.o(i.__0vprintf$5) refers to lcd_log.o(i.fputc) for fputc
    printf5.o(i.__0vprintf$5) refers to stdout.o(.data) for __stdout
    printf5.o(i.__0vsnprintf$5) refers to printf5.o(i._printf_core) for _printf_core
    printf5.o(i.__0vsnprintf$5) refers to printf5.o(i._snputc) for _snputc
    printf5.o(i.__0vsprintf$5) refers to printf5.o(i._printf_core) for _printf_core
    printf5.o(i.__0vsprintf$5) refers to printf5.o(i._sputc) for _sputc
    printf5.o(i._printf_core) refers to uldiv.o(.text) for __aeabi_uldivmod
    printf6.o(i.__0fprintf$6) refers to printf6.o(i._printf_core) for _printf_core
    printf6.o(i.__0fprintf$6) refers to lcd_log.o(i.fputc) for fputc
    printf6.o(i.__0printf$6) refers to printf6.o(i._printf_core) for _printf_core
    printf6.o(i.__0printf$6) refers to lcd_log.o(i.fputc) for fputc
    printf6.o(i.__0printf$6) refers to stdout.o(.data) for __stdout
    printf6.o(i.__0snprintf$6) refers to printf6.o(i._printf_core) for _printf_core
    printf6.o(i.__0snprintf$6) refers to printf6.o(i._snputc) for _snputc
    printf6.o(i.__0sprintf$6) refers to printf6.o(i._printf_core) for _printf_core
    printf6.o(i.__0sprintf$6) refers to printf6.o(i._sputc) for _sputc
    printf6.o(i.__0vfprintf$6) refers to printf6.o(i._printf_core) for _printf_core
    printf6.o(i.__0vfprintf$6) refers to lcd_log.o(i.fputc) for fputc
    printf6.o(i.__0vprintf$6) refers to printf6.o(i._printf_core) for _printf_core
    printf6.o(i.__0vprintf$6) refers to lcd_log.o(i.fputc) for fputc
    printf6.o(i.__0vprintf$6) refers to stdout.o(.data) for __stdout
    printf6.o(i.__0vsnprintf$6) refers to printf6.o(i._printf_core) for _printf_core
    printf6.o(i.__0vsnprintf$6) refers to printf6.o(i._snputc) for _snputc
    printf6.o(i.__0vsprintf$6) refers to printf6.o(i._printf_core) for _printf_core
    printf6.o(i.__0vsprintf$6) refers to printf6.o(i._sputc) for _sputc
    printf6.o(i._printf_core) refers to printf6.o(i._printf_pre_padding) for _printf_pre_padding
    printf6.o(i._printf_core) refers to uidiv.o(.text) for __aeabi_uidivmod
    printf6.o(i._printf_core) refers to printf6.o(i._printf_post_padding) for _printf_post_padding
    printf7.o(i.__0fprintf$7) refers to printf7.o(i._printf_core) for _printf_core
    printf7.o(i.__0fprintf$7) refers to lcd_log.o(i.fputc) for fputc
    printf7.o(i.__0printf$7) refers to printf7.o(i._printf_core) for _printf_core
    printf7.o(i.__0printf$7) refers to lcd_log.o(i.fputc) for fputc
    printf7.o(i.__0printf$7) refers to stdout.o(.data) for __stdout
    printf7.o(i.__0snprintf$7) refers to printf7.o(i._printf_core) for _printf_core
    printf7.o(i.__0snprintf$7) refers to printf7.o(i._snputc) for _snputc
    printf7.o(i.__0sprintf$7) refers to printf7.o(i._printf_core) for _printf_core
    printf7.o(i.__0sprintf$7) refers to printf7.o(i._sputc) for _sputc
    printf7.o(i.__0vfprintf$7) refers to printf7.o(i._printf_core) for _printf_core
    printf7.o(i.__0vfprintf$7) refers to lcd_log.o(i.fputc) for fputc
    printf7.o(i.__0vprintf$7) refers to printf7.o(i._printf_core) for _printf_core
    printf7.o(i.__0vprintf$7) refers to lcd_log.o(i.fputc) for fputc
    printf7.o(i.__0vprintf$7) refers to stdout.o(.data) for __stdout
    printf7.o(i.__0vsnprintf$7) refers to printf7.o(i._printf_core) for _printf_core
    printf7.o(i.__0vsnprintf$7) refers to printf7.o(i._snputc) for _snputc
    printf7.o(i.__0vsprintf$7) refers to printf7.o(i._printf_core) for _printf_core
    printf7.o(i.__0vsprintf$7) refers to printf7.o(i._sputc) for _sputc
    printf7.o(i._printf_core) refers to printf7.o(i._printf_pre_padding) for _printf_pre_padding
    printf7.o(i._printf_core) refers to uldiv.o(.text) for __aeabi_uldivmod
    printf7.o(i._printf_core) refers to printf7.o(i._printf_post_padding) for _printf_post_padding
    printf8.o(i.__0fprintf$8) refers to printf8.o(i._printf_core) for _printf_core
    printf8.o(i.__0fprintf$8) refers to lcd_log.o(i.fputc) for fputc
    printf8.o(i.__0printf$8) refers to printf8.o(i._printf_core) for _printf_core
    printf8.o(i.__0printf$8) refers to lcd_log.o(i.fputc) for fputc
    printf8.o(i.__0printf$8) refers to stdout.o(.data) for __stdout
    printf8.o(i.__0snprintf$8) refers to printf8.o(i._printf_core) for _printf_core
    printf8.o(i.__0snprintf$8) refers to printf8.o(i._snputc) for _snputc
    printf8.o(i.__0sprintf$8) refers to printf8.o(i._printf_core) for _printf_core
    printf8.o(i.__0sprintf$8) refers to printf8.o(i._sputc) for _sputc
    printf8.o(i.__0vfprintf$8) refers to printf8.o(i._printf_core) for _printf_core
    printf8.o(i.__0vfprintf$8) refers to lcd_log.o(i.fputc) for fputc
    printf8.o(i.__0vprintf$8) refers to printf8.o(i._printf_core) for _printf_core
    printf8.o(i.__0vprintf$8) refers to lcd_log.o(i.fputc) for fputc
    printf8.o(i.__0vprintf$8) refers to stdout.o(.data) for __stdout
    printf8.o(i.__0vsnprintf$8) refers to printf8.o(i._printf_core) for _printf_core
    printf8.o(i.__0vsnprintf$8) refers to printf8.o(i._snputc) for _snputc
    printf8.o(i.__0vsprintf$8) refers to printf8.o(i._printf_core) for _printf_core
    printf8.o(i.__0vsprintf$8) refers to printf8.o(i._sputc) for _sputc
    printf8.o(i._printf_core) refers to printf8.o(i._printf_pre_padding) for _printf_pre_padding
    printf8.o(i._printf_core) refers to uldiv.o(.text) for __aeabi_uldivmod
    printf8.o(i._printf_core) refers to printf8.o(i._printf_post_padding) for _printf_post_padding
    printfa.o(i.__0fprintf) refers (Special) to iusefp.o(.text) for __I$use$fp
    printfa.o(i.__0fprintf) refers to printfa.o(i._printf_core) for _printf_core
    printfa.o(i.__0fprintf) refers to lcd_log.o(i.fputc) for fputc
    printfa.o(i.__0printf) refers (Special) to iusefp.o(.text) for __I$use$fp
    printfa.o(i.__0printf) refers to printfa.o(i._printf_core) for _printf_core
    printfa.o(i.__0printf) refers to lcd_log.o(i.fputc) for fputc
    printfa.o(i.__0printf) refers to stdout.o(.data) for __stdout
    printfa.o(i.__0snprintf) refers (Special) to iusefp.o(.text) for __I$use$fp
    printfa.o(i.__0snprintf) refers to printfa.o(i._printf_core) for _printf_core
    printfa.o(i.__0snprintf) refers to printfa.o(i._snputc) for _snputc
    printfa.o(i.__0sprintf) refers (Special) to iusefp.o(.text) for __I$use$fp
    printfa.o(i.__0sprintf) refers to printfa.o(i._printf_core) for _printf_core
    printfa.o(i.__0sprintf) refers to printfa.o(i._sputc) for _sputc
    printfa.o(i.__0vfprintf) refers (Special) to iusefp.o(.text) for __I$use$fp
    printfa.o(i.__0vfprintf) refers to printfa.o(i._printf_core) for _printf_core
    printfa.o(i.__0vfprintf) refers to lcd_log.o(i.fputc) for fputc
    printfa.o(i.__0vprintf) refers (Special) to iusefp.o(.text) for __I$use$fp
    printfa.o(i.__0vprintf) refers to printfa.o(i._printf_core) for _printf_core
    printfa.o(i.__0vprintf) refers to lcd_log.o(i.fputc) for fputc
    printfa.o(i.__0vprintf) refers to stdout.o(.data) for __stdout
    printfa.o(i.__0vsnprintf) refers (Special) to iusefp.o(.text) for __I$use$fp
    printfa.o(i.__0vsnprintf) refers to printfa.o(i._printf_core) for _printf_core
    printfa.o(i.__0vsnprintf) refers to printfa.o(i._snputc) for _snputc
    printfa.o(i.__0vsprintf) refers (Special) to iusefp.o(.text) for __I$use$fp
    printfa.o(i.__0vsprintf) refers to printfa.o(i._printf_core) for _printf_core
    printfa.o(i.__0vsprintf) refers to printfa.o(i._sputc) for _sputc
    printfa.o(i._fp_digits) refers (Special) to iusefp.o(.text) for __I$use$fp
    printfa.o(i._fp_digits) refers to dmul.o(.text) for __aeabi_dmul
    printfa.o(i._fp_digits) refers to ddiv.o(.text) for __aeabi_ddiv
    printfa.o(i._fp_digits) refers to cdrcmple.o(.text) for __aeabi_cdrcmple
    printfa.o(i._fp_digits) refers to dadd.o(.text) for __aeabi_dadd
    printfa.o(i._fp_digits) refers to dfixul.o(.text) for __aeabi_d2ulz
    printfa.o(i._fp_digits) refers to uldiv.o(.text) for __aeabi_uldivmod
    printfa.o(i._printf_core) refers (Special) to iusefp.o(.text) for __I$use$fp
    printfa.o(i._printf_core) refers to printfa.o(i._printf_pre_padding) for _printf_pre_padding
    printfa.o(i._printf_core) refers to uldiv.o(.text) for __aeabi_uldivmod
    printfa.o(i._printf_core) refers to printfa.o(i._printf_post_padding) for _printf_post_padding
    printfa.o(i._printf_core) refers to printfa.o(i._fp_digits) for _fp_digits
    printfa.o(i._printf_core) refers to uidiv.o(.text) for __aeabi_uidivmod
    printfa.o(i._printf_post_padding) refers (Special) to iusefp.o(.text) for __I$use$fp
    printfa.o(i._printf_pre_padding) refers (Special) to iusefp.o(.text) for __I$use$fp
    printfa.o(i._snputc) refers (Special) to iusefp.o(.text) for __I$use$fp
    printfa.o(i._sputc) refers (Special) to iusefp.o(.text) for __I$use$fp
    dadd.o(.text) refers (Special) to iusefp.o(.text) for __I$use$fp
    dadd.o(.text) refers to llshl.o(.text) for __aeabi_llsl
    dadd.o(.text) refers to llsshr.o(.text) for __aeabi_lasr
    dadd.o(.text) refers to depilogue.o(.text) for _double_epilogue
    dmul.o(.text) refers (Special) to iusefp.o(.text) for __I$use$fp
    dmul.o(.text) refers to depilogue.o(.text) for _double_epilogue
    ddiv.o(.text) refers (Special) to iusefp.o(.text) for __I$use$fp
    ddiv.o(.text) refers to depilogue.o(.text) for _double_round
    dfixui.o(.text) refers (Special) to iusefp.o(.text) for __I$use$fp
    dfixui.o(.text) refers to llushr.o(.text) for __aeabi_llsr
    f2d.o(.text) refers (Special) to iusefp.o(.text) for __I$use$fp
    d2f.o(.text) refers (Special) to iusefp.o(.text) for __I$use$fp
    d2f.o(.text) refers to fepilogue.o(.text) for _float_round
    entry2.o(.ARM.Collect$$$$00000001) refers to entry2.o(.ARM.Collect$$$$00002712) for __lit__00000000
    entry2.o(.ARM.Collect$$$$00002712) refers to startup_stm32f407xx.o(STACK) for __initial_sp
    entry2.o(__vectab_stack_and_reset_area) refers to startup_stm32f407xx.o(STACK) for __initial_sp
    entry2.o(__vectab_stack_and_reset_area) refers to entry.o(.ARM.Collect$$$$00000000) for __main
    entry5.o(.ARM.Collect$$$$00000004) refers to init.o(.text) for __scatterload
    entry9a.o(.ARM.Collect$$$$0000000B) refers to main.o(i.main) for main
    entry9b.o(.ARM.Collect$$$$0000000C) refers to main.o(i.main) for main
    uldiv.o(.text) refers to llushr.o(.text) for __aeabi_llsr
    uldiv.o(.text) refers to llshl.o(.text) for __aeabi_llsl
    depilogue.o(.text) refers to llshl.o(.text) for __aeabi_llsl
    depilogue.o(.text) refers to llushr.o(.text) for __aeabi_llsr
    dfixul.o(.text) refers to llushr.o(.text) for __aeabi_llsr
    dfixul.o(.text) refers to llshl.o(.text) for __aeabi_llsl
    init.o(.text) refers to entry5.o(.ARM.Collect$$$$00000004) for __main_after_scatterload

