###############################################################################
#
# IAR ELF Linker V9.30.1.335/W64 for ARM                  27/Aug/2023  13:19:11
# Copyright 2007-2022 IAR Systems AB.
#
#    Output file  =
#        C:\D\Git_Hub\EPD_5_8\File\EWARM\STM324xG_EVAL\Exe\Project.out
#    Map file     =
#        C:\D\Git_Hub\EPD_5_8\File\EWARM\STM324xG_EVAL\List\Project.map
#    Command line =
#        -f C:\D\Git_Hub\EPD_5_8\File\EWARM\STM324xG_EVAL\Exe\Project.out.rsp
#        (C:\D\Git_Hub\EPD_5_8\File\EWARM\STM324xG_EVAL\Obj\Application\User\adc.o
#        C:\D\Git_Hub\EPD_5_8\File\EWARM\STM324xG_EVAL\Obj\Application\User\AmpGpio.o
#        C:\D\Git_Hub\EPD_5_8\File\EWARM\STM324xG_EVAL\Obj\Middlewares\LwIP\Api\api_lib.o
#        C:\D\Git_Hub\EPD_5_8\File\EWARM\STM324xG_EVAL\Obj\Middlewares\LwIP\Api\api_msg.o
#        C:\D\Git_Hub\EPD_5_8\File\EWARM\STM324xG_EVAL\Obj\Application\User\app_ethernet.o
#        C:\D\Git_Hub\EPD_5_8\File\EWARM\STM324xG_EVAL\Obj\Middlewares\LwIP\Core\IPv4\autoip.o
#        C:\D\Git_Hub\EPD_5_8\File\EWARM\STM324xG_EVAL\Obj\Application\User\cli.o
#        C:\D\Git_Hub\EPD_5_8\File\EWARM\STM324xG_EVAL\Obj\Application\User\CRC8.o
#        C:\D\Git_Hub\EPD_5_8\File\EWARM\STM324xG_EVAL\Obj\Middlewares\LwIP\Core\def.o
#        C:\D\Git_Hub\EPD_5_8\File\EWARM\STM324xG_EVAL\Obj\Drivers\display\Config\DEV_Config.o
#        C:\D\Git_Hub\EPD_5_8\File\EWARM\STM324xG_EVAL\Obj\Middlewares\LwIP\Core\IPv4\dhcp.o
#        C:\D\Git_Hub\EPD_5_8\File\EWARM\STM324xG_EVAL\Obj\Middlewares\LwIP\Core\dns.o
#        C:\D\Git_Hub\EPD_5_8\File\EWARM\STM324xG_EVAL\Obj\Middlewares\LwIP\Api\err.o
#        C:\D\Git_Hub\EPD_5_8\File\EWARM\STM324xG_EVAL\Obj\Middlewares\LwIP\Core\IPv4\etharp.o
#        C:\D\Git_Hub\EPD_5_8\File\EWARM\STM324xG_EVAL\Obj\Middlewares\LwIP\Netif\ethernet.o
#        C:\D\Git_Hub\EPD_5_8\File\EWARM\STM324xG_EVAL\Obj\Application\User\ethernetif.o
#        C:\D\Git_Hub\EPD_5_8\File\EWARM\STM324xG_EVAL\Obj\Application\User\Flash.o
#        C:\D\Git_Hub\EPD_5_8\File\EWARM\STM324xG_EVAL\Obj\Application\Utilities\Fonts\font12.o
#        C:\D\Git_Hub\EPD_5_8\File\EWARM\STM324xG_EVAL\Obj\Application\Utilities\Fonts\font12CN.o
#        C:\D\Git_Hub\EPD_5_8\File\EWARM\STM324xG_EVAL\Obj\Application\Utilities\Fonts\font16.o
#        C:\D\Git_Hub\EPD_5_8\File\EWARM\STM324xG_EVAL\Obj\Application\Utilities\Fonts\font20.o
#        C:\D\Git_Hub\EPD_5_8\File\EWARM\STM324xG_EVAL\Obj\Application\Utilities\Fonts\font24.o
#        C:\D\Git_Hub\EPD_5_8\File\EWARM\STM324xG_EVAL\Obj\Application\Utilities\Fonts\font24CN.o
#        C:\D\Git_Hub\EPD_5_8\File\EWARM\STM324xG_EVAL\Obj\Application\Utilities\Fonts\font8.o
#        C:\D\Git_Hub\EPD_5_8\File\EWARM\STM324xG_EVAL\Obj\Drivers\display\GUI\GUI_Paint.o
#        C:\D\Git_Hub\EPD_5_8\File\EWARM\STM324xG_EVAL\Obj\Application\User\I2C.o
#        C:\D\Git_Hub\EPD_5_8\File\EWARM\STM324xG_EVAL\Obj\Middlewares\LwIP\Core\IPv4\icmp.o
#        C:\D\Git_Hub\EPD_5_8\File\EWARM\STM324xG_EVAL\Obj\Middlewares\LwIP\Core\IPv4\igmp.o
#        C:\D\Git_Hub\EPD_5_8\File\EWARM\STM324xG_EVAL\Obj\Drivers\BSP\Components\ili9325.o
#        C:\D\Git_Hub\EPD_5_8\File\EWARM\STM324xG_EVAL\Obj\Drivers\display\Example\ImageData.o
#        C:\D\Git_Hub\EPD_5_8\File\EWARM\STM324xG_EVAL\Obj\Middlewares\LwIP\Core\inet_chksum.o
#        C:\D\Git_Hub\EPD_5_8\File\EWARM\STM324xG_EVAL\Obj\Middlewares\LwIP\Core\init.o
#        C:\D\Git_Hub\EPD_5_8\File\EWARM\STM324xG_EVAL\Obj\Middlewares\LwIP\Core\ip.o
#        C:\D\Git_Hub\EPD_5_8\File\EWARM\STM324xG_EVAL\Obj\Middlewares\LwIP\Core\IPv4\ip4.o
#        C:\D\Git_Hub\EPD_5_8\File\EWARM\STM324xG_EVAL\Obj\Middlewares\LwIP\Core\IPv4\ip4_addr.o
#        C:\D\Git_Hub\EPD_5_8\File\EWARM\STM324xG_EVAL\Obj\Middlewares\LwIP\Core\IPv4\ip4_frag.o
#        C:\D\Git_Hub\EPD_5_8\File\EWARM\STM324xG_EVAL\Obj\Application\User\main.o
#        C:\D\Git_Hub\EPD_5_8\File\EWARM\STM324xG_EVAL\Obj\Middlewares\LwIP\Core\mem.o
#        C:\D\Git_Hub\EPD_5_8\File\EWARM\STM324xG_EVAL\Obj\Middlewares\LwIP\Core\memp.o
#        C:\D\Git_Hub\EPD_5_8\File\EWARM\STM324xG_EVAL\Obj\Application\User\naranja_boron.o
#        C:\D\Git_Hub\EPD_5_8\File\EWARM\STM324xG_EVAL\Obj\Middlewares\LwIP\Api\netbuf.o
#        C:\D\Git_Hub\EPD_5_8\File\EWARM\STM324xG_EVAL\Obj\Middlewares\LwIP\Api\netdb.o
#        C:\D\Git_Hub\EPD_5_8\File\EWARM\STM324xG_EVAL\Obj\Middlewares\LwIP\Core\netif.o
#        C:\D\Git_Hub\EPD_5_8\File\EWARM\STM324xG_EVAL\Obj\Middlewares\LwIP\Api\netifapi.o
#        C:\D\Git_Hub\EPD_5_8\File\EWARM\STM324xG_EVAL\Obj\Application\User\occpa.o
#        C:\D\Git_Hub\EPD_5_8\File\EWARM\STM324xG_EVAL\Obj\Middlewares\LwIP\Core\pbuf.o
#        C:\D\Git_Hub\EPD_5_8\File\EWARM\STM324xG_EVAL\Obj\Application\User\QBuf.o
#        C:\D\Git_Hub\EPD_5_8\File\EWARM\STM324xG_EVAL\Obj\Middlewares\LwIP\Core\raw.o
#        C:\D\Git_Hub\EPD_5_8\File\EWARM\STM324xG_EVAL\Obj\Middlewares\LwIP\Api\sockets.o
#        C:\D\Git_Hub\EPD_5_8\File\EWARM\STM324xG_EVAL\Obj\Application\User\spi_flash.o
#        C:\D\Git_Hub\EPD_5_8\File\EWARM\STM324xG_EVAL\Obj\Application\EWARM\startup_stm32f407xx.o
#        C:\D\Git_Hub\EPD_5_8\File\EWARM\STM324xG_EVAL\Obj\Middlewares\LwIP\Core\stats.o
#        C:\D\Git_Hub\EPD_5_8\File\EWARM\STM324xG_EVAL\Obj\Drivers\BSP\STM324xG_EVAL\stm324xg_eval.o
#        C:\D\Git_Hub\EPD_5_8\File\EWARM\STM324xG_EVAL\Obj\Drivers\BSP\STM324xG_EVAL\stm324xg_eval_io.o
#        C:\D\Git_Hub\EPD_5_8\File\EWARM\STM324xG_EVAL\Obj\Drivers\BSP\STM324xG_EVAL\stm324xg_eval_sram.o
#        C:\D\Git_Hub\EPD_5_8\File\EWARM\STM324xG_EVAL\Obj\Drivers\STM32F4xx_HAL_Driver\stm32f4xx_hal.o
#        C:\D\Git_Hub\EPD_5_8\File\EWARM\STM324xG_EVAL\Obj\Drivers\STM32F4xx_HAL_Driver\stm32f4xx_hal_adc.o
#        C:\D\Git_Hub\EPD_5_8\File\EWARM\STM324xG_EVAL\Obj\Drivers\STM32F4xx_HAL_Driver\stm32f4xx_hal_adc_ex.o
#        C:\D\Git_Hub\EPD_5_8\File\EWARM\STM324xG_EVAL\Obj\Drivers\STM32F4xx_HAL_Driver\stm32f4xx_hal_cortex.o
#        C:\D\Git_Hub\EPD_5_8\File\EWARM\STM324xG_EVAL\Obj\Drivers\STM32F4xx_HAL_Driver\stm32f4xx_hal_dma.o
#        C:\D\Git_Hub\EPD_5_8\File\EWARM\STM324xG_EVAL\Obj\Drivers\STM32F4xx_HAL_Driver\stm32f4xx_hal_dma_ex.o
#        C:\D\Git_Hub\EPD_5_8\File\EWARM\STM324xG_EVAL\Obj\Drivers\STM32F4xx_HAL_Driver\stm32f4xx_hal_eth.o
#        C:\D\Git_Hub\EPD_5_8\File\EWARM\STM324xG_EVAL\Obj\Drivers\STM32F4xx_HAL_Driver\stm32f4xx_hal_flash.o
#        C:\D\Git_Hub\EPD_5_8\File\EWARM\STM324xG_EVAL\Obj\Drivers\STM32F4xx_HAL_Driver\stm32f4xx_hal_flash_ex.o
#        C:\D\Git_Hub\EPD_5_8\File\EWARM\STM324xG_EVAL\Obj\Drivers\STM32F4xx_HAL_Driver\stm32f4xx_hal_gpio.o
#        C:\D\Git_Hub\EPD_5_8\File\EWARM\STM324xG_EVAL\Obj\Drivers\STM32F4xx_HAL_Driver\stm32f4xx_hal_i2c.o
#        C:\D\Git_Hub\EPD_5_8\File\EWARM\STM324xG_EVAL\Obj\Drivers\STM32F4xx_HAL_Driver\stm32f4xx_hal_i2c_ex.o
#        C:\D\Git_Hub\EPD_5_8\File\EWARM\STM324xG_EVAL\Obj\Drivers\STM32F4xx_HAL_Driver\stm32f4xx_hal_i2s.o
#        C:\D\Git_Hub\EPD_5_8\File\EWARM\STM324xG_EVAL\Obj\Drivers\STM32F4xx_HAL_Driver\stm32f4xx_hal_i2s_ex.o
#        C:\D\Git_Hub\EPD_5_8\File\EWARM\STM324xG_EVAL\Obj\Application\User\stm32f4xx_hal_msp.o
#        C:\D\Git_Hub\EPD_5_8\File\EWARM\STM324xG_EVAL\Obj\Drivers\STM32F4xx_HAL_Driver\stm32f4xx_hal_pwr.o
#        C:\D\Git_Hub\EPD_5_8\File\EWARM\STM324xG_EVAL\Obj\Drivers\STM32F4xx_HAL_Driver\stm32f4xx_hal_pwr_ex.o
#        C:\D\Git_Hub\EPD_5_8\File\EWARM\STM324xG_EVAL\Obj\Drivers\STM32F4xx_HAL_Driver\stm32f4xx_hal_rcc.o
#        C:\D\Git_Hub\EPD_5_8\File\EWARM\STM324xG_EVAL\Obj\Drivers\STM32F4xx_HAL_Driver\stm32f4xx_hal_rcc_ex.o
#        C:\D\Git_Hub\EPD_5_8\File\EWARM\STM324xG_EVAL\Obj\Drivers\STM32F4xx_HAL_Driver\stm32f4xx_hal_rtc.o
#        C:\D\Git_Hub\EPD_5_8\File\EWARM\STM324xG_EVAL\Obj\Drivers\STM32F4xx_HAL_Driver\stm32f4xx_hal_rtc_ex.o
#        C:\D\Git_Hub\EPD_5_8\File\EWARM\STM324xG_EVAL\Obj\Drivers\STM32F4xx_HAL_Driver\stm32f4xx_hal_spi.o
#        C:\D\Git_Hub\EPD_5_8\File\EWARM\STM324xG_EVAL\Obj\Drivers\STM32F4xx_HAL_Driver\stm32f4xx_hal_sram.o
#        C:\D\Git_Hub\EPD_5_8\File\EWARM\STM324xG_EVAL\Obj\Drivers\STM32F4xx_HAL_Driver\stm32f4xx_hal_tim.o
#        C:\D\Git_Hub\EPD_5_8\File\EWARM\STM324xG_EVAL\Obj\Drivers\STM32F4xx_HAL_Driver\stm32f4xx_hal_tim_ex.o
#        C:\D\Git_Hub\EPD_5_8\File\EWARM\STM324xG_EVAL\Obj\Drivers\STM32F4xx_HAL_Driver\stm32f4xx_hal_uart.o
#        C:\D\Git_Hub\EPD_5_8\File\EWARM\STM324xG_EVAL\Obj\Drivers\STM32F4xx_HAL_Driver\stm32f4xx_hal_wwdg.o
#        C:\D\Git_Hub\EPD_5_8\File\EWARM\STM324xG_EVAL\Obj\Application\User\stm32f4xx_it.o
#        C:\D\Git_Hub\EPD_5_8\File\EWARM\STM324xG_EVAL\Obj\Drivers\STM32F4xx_HAL_Driver\stm32f4xx_ll_fsmc.o
#        C:\D\Git_Hub\EPD_5_8\File\EWARM\STM324xG_EVAL\Obj\Drivers\BSP\Components\stmpe811.o
#        C:\D\Git_Hub\EPD_5_8\File\EWARM\STM324xG_EVAL\Obj\Middlewares\LwIP\Core\sys.o
#        C:\D\Git_Hub\EPD_5_8\File\EWARM\STM324xG_EVAL\Obj\Drivers\CMSIS\system_stm32f4xx.o
#        C:\D\Git_Hub\EPD_5_8\File\EWARM\STM324xG_EVAL\Obj\Middlewares\LwIP\Core\tcp.o
#        C:\D\Git_Hub\EPD_5_8\File\EWARM\STM324xG_EVAL\Obj\Application\User\tcp_echoserver.o
#        C:\D\Git_Hub\EPD_5_8\File\EWARM\STM324xG_EVAL\Obj\Middlewares\LwIP\Core\tcp_in.o
#        C:\D\Git_Hub\EPD_5_8\File\EWARM\STM324xG_EVAL\Obj\Middlewares\LwIP\Core\tcp_out.o
#        C:\D\Git_Hub\EPD_5_8\File\EWARM\STM324xG_EVAL\Obj\Middlewares\LwIP\Api\tcpip.o
#        C:\D\Git_Hub\EPD_5_8\File\EWARM\STM324xG_EVAL\Obj\Middlewares\LwIP\Core\tftp_server.o
#        C:\D\Git_Hub\EPD_5_8\File\EWARM\STM324xG_EVAL\Obj\Middlewares\LwIP\Core\timeouts.o
#        C:\D\Git_Hub\EPD_5_8\File\EWARM\STM324xG_EVAL\Obj\Application\User\Timer.o
#        C:\D\Git_Hub\EPD_5_8\File\EWARM\STM324xG_EVAL\Obj\Middlewares\LwIP\Core\udp.o
#        C:\D\Git_Hub\EPD_5_8\File\EWARM\STM324xG_EVAL\Obj\Application\User\udp_echoclient.o
#        C:\D\Git_Hub\EPD_5_8\File\EWARM\STM324xG_EVAL\Obj\Application\User\USRAT.o
#        C:\D\Git_Hub\EPD_5_8\File\EWARM\STM324xG_EVAL\Obj\Application\User\WWDG.o
#        --redirect _Printf=_PrintfFullNoMb --redirect _Scanf=_ScanfFullNoMb
#        --no_out_extension -o
#        C:\D\Git_Hub\EPD_5_8\File\EWARM\STM324xG_EVAL\Exe\Project.out --map
#        C:\D\Git_Hub\EPD_5_8\File\EWARM\STM324xG_EVAL\List\Project.map
#        --config C:\D\SW2_Team\EPD_5_8\File\EWARM\stm32f407xx_flash.icf
#        --semihosting --entry __iar_program_start --vfe --text_out locale
#        --advanced_heap --cpu=Cortex-M4 --fpu=VFPv4_sp)
#
###############################################################################

*******************************************************************************
*** RUNTIME MODEL ATTRIBUTES
***

CppFlavor       = *
__CPP_Runtime   = 1
__SystemLibrary = DLib
__dlib_version  = 6


*******************************************************************************
*** HEAP SELECTION
***

The advanced heap was selected because of --advanced_heap.


*******************************************************************************
*** PLACEMENT SUMMARY
***

"A0":  place at address 0x801'0000 { ro section .intvec };
"P1":  place in [from 0x801'0000 to 0x80f'ffff] { ro };
define block CSTACK with size = 8K, alignment = 8 { };
define block HEAP with size = 1K, alignment = 8 { };
"P2":  place in [from 0x2000'0000 to 0x2001'ffff] {
          rw, block CSTACK, block HEAP };
initialize by copy { rw };

  Section            Kind         Address      Size  Object
  -------            ----         -------      ----  ------
"A0":                                         0x188
  .intvec            ro code   0x801'0000     0x188  startup_stm32f407xx.o [1]
                             - 0x801'0188     0x188

"P1":                                      0x1'3054
  .text              ro code   0x801'0188    0x17bc  stm32f4xx_hal_i2c.o [7]
  .text              ro code   0x801'1944     0x234  stm32f4xx_hal_msp.o [2]
  .text              ro code   0x801'1b78     0x1d0  stm32f4xx_hal_rcc.o [7]
  .text              ro code   0x801'1d48       0xc  stm32f4xx_hal.o [7]
  .text              ro code   0x801'1d54       0x2  stm32f4xx_hal_i2c.o [7]
  .text              ro code   0x801'1d56       0x2  stm32f4xx_hal_i2c.o [7]
  .text              ro code   0x801'1d58       0x2  stm32f4xx_hal_i2c.o [7]
  .text              ro code   0x801'1d5a       0x2  stm32f4xx_hal_i2c.o [7]
  .text              ro code   0x801'1d5c       0x2  stm32f4xx_hal_i2c.o [7]
  .text              ro code   0x801'1d5e       0x2  stm32f4xx_hal_i2c.o [7]
  .text              ro code   0x801'1d60       0x2  stm32f4xx_hal_i2c.o [7]
  .text              ro code   0x801'1d62       0x2  stm32f4xx_hal_i2c.o [7]
  .text              ro code   0x801'1d64     0x240  stm32f4xx_hal_dma.o [7]
  .text              ro code   0x801'1fa4       0x2  stm32f4xx_hal_i2c.o [7]
  .text              ro code   0x801'1fa6       0x2  stm32f4xx_hal_i2c.o [7]
  .text              ro code   0x801'1fa8     0x1b0  stm32f4xx_hal_cortex.o [7]
  .text              ro code   0x801'2158     0x2dc  stm32f4xx_hal_tim.o [7]
  .text              ro code   0x801'2434     0x34c  stm32f4xx_hal_rcc.o [7]
  .text              ro code   0x801'2780     0xb2e  main.o [2]
  .text              ro code   0x801'32ae      0x7e  lz77_init_single.o [17]
  .text              ro code   0x801'332c     0x15c  stm32f4xx_hal_rcc_ex.o [7]
  .text              ro code   0x801'3488      0x66  ABImemset.o [17]
  .text              ro code   0x801'34ee       0xa  xsprout.o [15]
  .text              ro code   0x801'34f8     0x290  stm32f4xx_hal_gpio.o [7]
  .text              ro code   0x801'3788      0x84  stm32f4xx_hal_rcc.o [7]
  .text              ro code   0x801'380c      0x28  stm32f4xx_hal.o [7]
  .text              ro code   0x801'3834       0x2  stm32f4xx_hal_tim.o [7]
  .text              ro code   0x801'3836       0x2  stm32f4xx_hal_tim.o [7]
  .text              ro code   0x801'3838       0x2  stm32f4xx_hal_tim.o [7]
  .rodata            const     0x801'383a       0x2  xlocale_c.o [15]
  .text              ro code   0x801'383c      0xf0  Timer.o [2]
  .text              ro code   0x801'392c       0x2  stm32f4xx_hal_tim_ex.o [7]
  .text              ro code   0x801'392e       0x2  stm32f4xx_hal_tim.o [7]
  .text              ro code   0x801'3930       0x2  stm32f4xx_hal_tim_ex.o [7]
  .rodata            const     0x801'3932       0x2  xlocale_c.o [15]
  .text              ro code   0x801'3934      0x38  stm32f4xx_hal.o [7]
  .text              ro code   0x801'396c     0x894  USRAT.o [2]
  .text              ro code   0x801'4200     0x864  I2C.o [2]
  .text              ro code   0x801'4a64      0x1c  init.o [12]
  .text              ro code   0x801'4a80     0x1d0  app_ethernet.o [2]
  .text              ro code   0x801'4c50     0x5e4  ethernetif.o [2]
  .text              ro code   0x801'5234     0x1e8  timeouts.o [12]
  .text              ro code   0x801'541c     0x5ac  cli.o [2]
  .text              ro code   0x801'59c8     0x5b4  naranja_boron.o [2]
  .text              ro code   0x801'5f7c     0x104  occpa.o [2]
  .text              ro code   0x801'6080     0x222  netif.o [12]
  .rodata            const     0x801'62a2       0x1  xlocale_c.o [15]
  .text              ro code   0x801'62a4     0x6ac  stm32f4xx_hal_rtc.o [7]
  .text              ro code   0x801'6950      0xd4  adc.o [2]
  .text              ro code   0x801'6a24     0x110  ip4_addr.o [13]
  .text              ro code   0x801'6b34     0x128  udp_echoclient.o [2]
  .text              ro code   0x801'6c5c     0x710  stm32f4xx_hal_adc.o [7]
  .text              ro code   0x801'736c      0x24  AmpGpio.o [2]
  .text              ro code   0x801'7390      0x1e  stm32f4xx_hal.o [7]
  .text              ro code   0x801'73b0      0x3e  Flash.o [2]
  .text              ro code   0x801'73f0      0x10  spi_flash.o [2]
  .text              ro code   0x801'7400       0x2  stm32f4xx_hal.o [7]
  .text              ro code   0x801'7404     0x6d4  stm32f4xx_hal_uart.o [7]
  .text              ro code   0x801'7ad8      0xc8  QBuf.o [2]
  .text              ro code   0x801'7ba0      0x2a  strncmp.o [15]
  .text              ro code   0x801'7bcc      0xa6  ABImemcpy.o [17]
  .text              ro code   0x801'7c74      0x34  vsprintf.o [15]
  .text              ro code   0x801'7ca8      0x36  strlen.o [17]
  .text              ro code   0x801'7ce0      0x48  FltToDbl.o [16]
  .text              ro code   0x801'7d28     0x246  DblDiv.o [16]
  .text              ro code   0x801'7f70      0x36  DblToS32.o [16]
  .text              ro code   0x801'7fa8     0x330  mem.o [12]
  .text              ro code   0x801'82d8      0xbc  memp.o [12]
  .text              ro code   0x801'8394     0x978  udp.o [12]
  .text              ro code   0x801'8d0c     0xf1e  tcp.o [12]
  .text              ro code   0x801'9c2c      0x40  sprintf.o [15]
  .text              ro code   0x801'9c6c    0x1292  dhcp.o [13]
  .text              ro code   0x801'af00     0xc44  stm32f4xx_hal_eth.o [7]
  .text              ro code   0x801'bb44     0x6b2  pbuf.o [12]
  .text              ro code   0x801'c1f6      0x90  iar_Stolx.o [15]
  .text              ro code   0x801'c288      0x39  strtok_r.o [15]
  .text              ro code   0x801'c2c4      0x12  strcmp.o [17]
  .text              ro code   0x801'c2d8      0x18  strcpy.o [17]
  .text              ro code   0x801'c2f0      0x16  strchr.o [17]
  .text              ro code   0x801'c308       0xc  getchar.o [15]
  .text              ro code   0x801'c314     0x114  raw.o [12]
  .text              ro code   0x801'c428     0x9ac  etharp.o [13]
  .text              ro code   0x801'cdd4       0x2  stm32f4xx_hal_rtc_ex.o [7]
  .text              ro code   0x801'cdd8      0x1c  U32ToDbl.o [16]
  .text              ro code   0x801'cdf4     0x1aa  DblMul.o [16]
  .text              ro code   0x801'cfa0      0x68  DblToFlt.o [16]
  .text              ro code   0x801'd008     0x25e  DblAddSub.o [16]
  .text              ro code   0x801'd266       0x2  stm32f4xx_hal_adc.o [7]
  .text              ro code   0x801'd268       0x2  stm32f4xx_hal_adc_ex.o [7]
  .text              ro code   0x801'd26a       0x2  stm32f4xx_hal_adc.o [7]
  .text              ro code   0x801'd26c       0x2  stm32f4xx_hal_adc.o [7]
  .text              ro code   0x801'd270     0x194  stm32f4xx_hal_flash_ex.o [7]
  .text              ro code   0x801'd404     0xeaa  xprintffull_nomb.o [15]
  .text              ro code   0x801'e2b0      0x2c  def.o [12]
  .text              ro code   0x801'e2dc     0x286  icmp.o [13]
  .text              ro code   0x801'e564     0x3e8  ip4.o [13]
  .text              ro code   0x801'e94c     0x90c  tcp_out.o [12]
  .text              ro code   0x801'f258    0x1348  tcp_in.o [12]
  .text              ro code   0x802'05a0      0x9c  rand.o [15]
  .text              ro code   0x802'063c      0x14  isspace.o [15]
  .text              ro code   0x802'0650     0x140  iar_Stoulx.o [15]
  .text              ro code   0x802'0790      0x22  strspn.o [15]
  .text              ro code   0x802'07b2      0x22  strcspn.o [15]
  .text              ro code   0x802'07d4     0x146  ethernet.o [14]
  .text              ro code   0x802'091c      0xc0  stm32f4xx_hal_flash.o [7]
  .text              ro code   0x802'09dc      0x40  xfail_s.o [15]
  .text              ro code   0x802'0a1c      0x58  memchr.o [17]
  .text              ro code   0x802'0a74      0x70  frexp.o [16]
  .text              ro code   0x802'0ae4      0x34  DblCmpLe.o [16]
  .text              ro code   0x802'0b18      0x34  DblCmpGe.o [16]
  .text              ro code   0x802'0b4c     0x13a  ldexp.o [16]
  .text              ro code   0x802'0c88      0x22  S32ToDbl.o [16]
  .text              ro code   0x802'0cac      0x22  DblToU32.o [16]
  .text              ro code   0x802'0cd0      0x3c  xlocale_c.o [15]
  .text              ro code   0x802'0d0c     0x230  I64DivMod.o [17]
  .text              ro code   0x802'0f3c      0xca  inet_chksum.o [12]
  .text              ro code   0x802'1008     0x760  ip4_frag.o [13]
  .text              ro code   0x802'1768      0x14  tolower.o [15]
  .text              ro code   0x802'177c      0x68  memcmp.o [17]
  .text              ro code   0x802'17e4       0x6  abort.o [15]
  .text              ro code   0x802'17ec       0x2  I64DivZer.o [17]
  .text              ro code   0x802'17f0      0x14  exit.o [18]
  .text              ro code   0x802'1804      0x2c  iarttio.o [18]
  .text              ro code   0x802'1830       0x8  XShttio.o [15]
  .text              ro code   0x802'1838      0x64  stm32f4xx_it.o [2]
  .text              ro code   0x802'189c      0x10  stm32f4xx_hal.o [7]
  .text              ro code   0x802'18ac      0x64  system_stm32f4xx.o [6]
  .rodata            const     0x802'1910      0x50  iar_Stoulx.o [15]
  .rodata            const     0x802'1960      0x4c  main.o [2]
  .rodata            const     0x802'19ac      0x40  tcp.o [12]
  .rodata            const     0x802'19ec      0x3c  I2C.o [2]
  .rodata            const     0x802'1a28      0x3c  I2C.o [2]
  .rodata            const     0x802'1a64      0x3c  tcp.o [12]
  .rodata            const     0x802'1aa0      0x38  app_ethernet.o [2]
  .rodata            const     0x802'1ad8      0x38  tcp.o [12]
  .rodata            const     0x802'1b10      0x38  tcp.o [12]
  .rodata            const     0x802'1b48      0x38  tcp.o [12]
  .text              ro code   0x802'1b80      0x38  zero_init3.o [17]
  .rodata            const     0x802'1bb8      0x34  app_ethernet.o [2]
  .rodata            const     0x802'1bec      0x34  app_ethernet.o [2]
  .rodata            const     0x802'1c20      0x34  app_ethernet.o [2]
  .rodata            const     0x802'1c54      0x34  main.o [2]
  .rodata            const     0x802'1c88      0x34  tcp.o [12]
  .rodata            const     0x802'1cbc      0x34  tcp.o [12]
  .rodata            const     0x802'1cf0      0x34  tcp.o [12]
  .rodata            const     0x802'1d24      0x34  tcp.o [12]
  .rodata            const     0x802'1d58      0x34  tcp.o [12]
  .rodata            const     0x802'1d8c      0x34  tcp.o [12]
  .rodata            const     0x802'1dc0      0x30  I2C.o [2]
  .rodata            const     0x802'1df0      0x30  main.o [2]
  .rodata            const     0x802'1e20      0x30  main.o [2]
  .rodata            const     0x802'1e50      0x30  tcp.o [12]
  .rodata            const     0x802'1e80      0x30  tcp.o [12]
  .rodata            const     0x802'1eb0      0x30  tcp.o [12]
  .text              ro code   0x802'1ee0      0x30  stm32f4xx_hal_wwdg.o [7]
  .text              ro code   0x802'1f10      0x26  WWDG.o [2]
  .rodata            const     0x802'1f38      0x2c  I2C.o [2]
  .rodata            const     0x802'1f64      0x2c  I2C.o [2]
  .rodata            const     0x802'1f90      0x2c  tcp.o [12]
  .rodata            const     0x802'1fbc      0x2c  tcp.o [12]
  .rodata            const     0x802'1fe8      0x28  app_ethernet.o [2]
  .rodata            const     0x802'2010      0x28  cli.o [2]
  .rodata            const     0x802'2038      0x28  I2C.o [2]
  .rodata            const     0x802'2060      0x28  I2C.o [2]
  .rodata            const     0x802'2088      0x28  I2C.o [2]
  .rodata            const     0x802'20b0      0x28  main.o [2]
  .rodata            const     0x802'20d8      0x28  main.o [2]
  .rodata            const     0x802'2100      0x28  memp.o [12]
  .rodata            const     0x802'2128      0x28  tcp.o [12]
  .rodata            const     0x802'2150      0x28  tcp.o [12]
  .rodata            const     0x802'2178      0x28  tcp.o [12]
  .rodata            const     0x802'21a0      0x28  tcp.o [12]
  .rodata            const     0x802'21c8      0x28  tcp.o [12]
  .rodata            const     0x802'21f0      0x28  tcp.o [12]
  .rodata            const     0x802'2218      0x28  timeouts.o [12]
  .text              ro code   0x802'2240      0x28  data_init.o [17]
  .rodata            const     0x802'2268      0x24  cli.o [2]
  .rodata            const     0x802'228c      0x24  ethernetif.o [2]
  .rodata            const     0x802'22b0      0x24  I2C.o [2]
  .rodata            const     0x802'22d4      0x24  I2C.o [2]
  .rodata            const     0x802'22f8      0x24  I2C.o [2]
  .rodata            const     0x802'231c      0x24  main.o [2]
  .rodata            const     0x802'2340      0x24  main.o [2]
  .rodata            const     0x802'2364      0x24  main.o [2]
  .rodata            const     0x802'2388      0x24  tcp.o [12]
  .rodata            const     0x802'23ac      0x24  tcp.o [12]
  .rodata            const     0x802'23d0      0x24  tcp.o [12]
  .rodata            const     0x802'23f4      0x24  tcp.o [12]
  .rodata            const     0x802'2418      0x24  tcp.o [12]
  .rodata            const     0x802'243c      0x24  tcp.o [12]
  .rodata            const     0x802'2460      0x24  tcp.o [12]
  .rodata            const     0x802'2484      0x24  tcp.o [12]
  .rodata            const     0x802'24a8      0x24  tcp.o [12]
  .rodata            const     0x802'24cc      0x24  udp.o [12]
  .rodata            const     0x802'24f0      0x24  udp_echoclient.o [2]
  .rodata            const     0x802'2514      0x24  udp_echoclient.o [2]
  .text              ro code   0x802'2538      0x22  fpinit_M.o [16]
  .iar.init_table    const     0x802'255c      0x20  - Linker created -
  .rodata            const     0x802'257c      0x20  app_ethernet.o [2]
  .rodata            const     0x802'259c      0x20  app_ethernet.o [2]
  .rodata            const     0x802'25bc      0x20  app_ethernet.o [2]
  .rodata            const     0x802'25dc      0x20  cli.o [2]
  .rodata            const     0x802'25fc      0x20  cli.o [2]
  .rodata            const     0x802'261c      0x20  I2C.o [2]
  .rodata            const     0x802'263c      0x20  I2C.o [2]
  .rodata            const     0x802'265c      0x20  I2C.o [2]
  .rodata            const     0x802'267c      0x20  I2C.o [2]
  .rodata            const     0x802'269c      0x20  main.o [2]
  .rodata            const     0x802'26bc      0x20  tcp.o [12]
  .rodata            const     0x802'26dc      0x20  tcp.o [12]
  .text              ro code   0x802'26fc      0x1e  cmain.o [17]
  .text              ro code   0x802'271a       0x4  low_level_init.o [15]
  .text              ro code   0x802'271e       0x4  exit.o [15]
  .text              ro code   0x802'2724       0xa  cexit.o [17]
  .rodata            const     0x802'2730      0x1c  cli.o [2]
  .rodata            const     0x802'274c      0x1c  cli.o [2]
  .rodata            const     0x802'2768      0x1c  cli.o [2]
  .rodata            const     0x802'2784      0x1c  cli.o [2]
  .rodata            const     0x802'27a0      0x1c  cli.o [2]
  .rodata            const     0x802'27bc      0x1c  cli.o [2]
  .rodata            const     0x802'27d8      0x1c  cli.o [2]
  .rodata            const     0x802'27f4      0x1c  cli.o [2]
  .rodata            const     0x802'2810      0x1c  I2C.o [2]
  .rodata            const     0x802'282c      0x1c  I2C.o [2]
  .rodata            const     0x802'2848      0x1c  main.o [2]
  .rodata            const     0x802'2864      0x1c  main.o [2]
  .rodata            const     0x802'2880      0x1c  main.o [2]
  .rodata            const     0x802'289c      0x1c  main.o [2]
  .rodata            const     0x802'28b8      0x1c  main.o [2]
  .rodata            const     0x802'28d4      0x1c  tcp.o [12]
  .rodata            const     0x802'28f0      0x1c  tcp.o [12]
  .text              ro code   0x802'290c      0x1c  cstartup_M.o [17]
  .rodata            const     0x802'2928      0x18  cli.o [2]
  .rodata            const     0x802'2940      0x18  cli.o [2]
  .rodata            const     0x802'2958      0x18  I2C.o [2]
  .rodata            const     0x802'2970      0x18  I2C.o [2]
  .rodata            const     0x802'2988      0x18  main.o [2]
  .rodata            const     0x802'29a0      0x18  main.o [2]
  .rodata            const     0x802'29b8      0x18  main.o [2]
  .rodata            const     0x802'29d0      0x18  naranja_boron.o [2]
  .rodata            const     0x802'29e8      0x18  naranja_boron.o [2]
  .rodata            const     0x802'2a00      0x18  naranja_boron.o [2]
  .rodata            const     0x802'2a18      0x18  tcp.o [12]
  .rodata            const     0x802'2a30      0x18  udp.o [12]
  .rodata            const     0x802'2a48      0x14  cli.o [2]
  .rodata            const     0x802'2a5c      0x14  cli.o [2]
  .rodata            const     0x802'2a70      0x14  cli.o [2]
  .rodata            const     0x802'2a84      0x14  cli.o [2]
  .rodata            const     0x802'2a98      0x14  I2C.o [2]
  .rodata            const     0x802'2aac      0x14  I2C.o [2]
  .rodata            const     0x802'2ac0      0x14  I2C.o [2]
  .rodata            const     0x802'2ad4      0x14  I2C.o [2]
  .rodata            const     0x802'2ae8      0x14  I2C.o [2]
  .rodata            const     0x802'2afc      0x14  naranja_boron.o [2]
  .rodata            const     0x802'2b10      0x14  naranja_boron.o [2]
  .rodata            const     0x802'2b24      0x14  naranja_boron.o [2]
  .rodata            const     0x802'2b38      0x14  naranja_boron.o [2]
  .rodata            const     0x802'2b4c      0x14  naranja_boron.o [2]
  .rodata            const     0x802'2b60      0x14  occpa.o [2]
  .rodata            const     0x802'2b74      0x14  udp.o [12]
  .rodata            const     0x802'2b88      0x14  udp.o [12]
  .rodata            const     0x802'2b9c      0x14  udp.o [12]
  .rodata            const     0x802'2bb0      0x14  udp.o [12]
  .rodata            const     0x802'2bc4      0x10  I2C.o [2]
  .rodata            const     0x802'2bd4      0x10  I2C.o [2]
  .rodata            const     0x802'2be4      0x10  main.o [2]
  .rodata            const     0x802'2bf4      0x10  main.o [2]
  .rodata            const     0x802'2c04      0x10  naranja_boron.o [2]
  .rodata            const     0x802'2c14      0x10  naranja_boron.o [2]
  .rodata            const     0x802'2c24      0x10  naranja_boron.o [2]
  .rodata            const     0x802'2c34      0x10  naranja_boron.o [2]
  .rodata            const     0x802'2c44      0x10  occpa.o [2]
  .rodata            const     0x802'2c54      0x10  occpa.o [2]
  .rodata            const     0x802'2c64      0x10  system_stm32f4xx.o [6]
  .rodata            const     0x802'2c74      0x10  tcp.o [12]
  .rodata            const     0x802'2c84      0x10  tcp.o [12]
  .rodata            const     0x802'2c94      0x10  tcp.o [12]
  .rodata            const     0x802'2ca4      0x10  tcp.o [12]
  .rodata            const     0x802'2cb4      0x10  udp.o [12]
  .rodata            const     0x802'2cc4      0x10  udp.o [12]
  .rodata            const     0x802'2cd4      0x10  udp.o [12]
  .rodata            const     0x802'2ce4      0x10  udp.o [12]
  .text              ro code   0x802'2cf4      0x10  startup_stm32f407xx.o [1]
  .rodata            const     0x802'2d04       0xc  cli.o [2]
  .rodata            const     0x802'2d10       0xc  I2C.o [2]
  .rodata            const     0x802'2d1c       0xc  I2C.o [2]
  .rodata            const     0x802'2d28       0xc  I2C.o [2]
  .rodata            const     0x802'2d34       0xc  I2C.o [2]
  .rodata            const     0x802'2d40       0xc  I2C.o [2]
  .rodata            const     0x802'2d4c       0xc  main.o [2]
  .rodata            const     0x802'2d58       0xc  memp.o [12]
  .rodata            const     0x802'2d64       0xc  memp.o [12]
  .rodata            const     0x802'2d70       0xc  memp.o [12]
  .rodata            const     0x802'2d7c       0xc  memp.o [12]
  .rodata            const     0x802'2d88       0xc  memp.o [12]
  .rodata            const     0x802'2d94       0xc  memp.o [12]
  .rodata            const     0x802'2da0       0xc  memp.o [12]
  .rodata            const     0x802'2dac       0xc  memp.o [12]
  .rodata            const     0x802'2db8       0xc  memp.o [12]
  .rodata            const     0x802'2dc4       0xc  memp.o [12]
  .rodata            const     0x802'2dd0       0xc  occpa.o [2]
  .rodata            const     0x802'2ddc       0xc  occpa.o [2]
  .rodata            const     0x802'2de8       0xc  tcp.o [12]
  .rodata            const     0x802'2df4       0xc  tcp.o [12]
  .rodata            const     0x802'2e00       0xc  tcp.o [12]
  .rodata            const     0x802'2e0c       0xc  tcp.o [12]
  .rodata            const     0x802'2e18       0xc  tcp.o [12]
  .rodata            const     0x802'2e24       0xc  tcp.o [12]
  .rodata            const     0x802'2e30       0xc  tcp.o [12]
  .rodata            const     0x802'2e3c       0xc  tcp.o [12]
  .rodata            const     0x802'2e48       0xc  tcp.o [12]
  .rodata            const     0x802'2e54       0xc  tcp.o [12]
  .rodata            const     0x802'2e60       0xc  udp.o [12]
  .rodata            const     0x802'2e6c       0xc  udp.o [12]
  .rodata            const     0x802'2e78       0xc  udp.o [12]
  .rodata            const     0x802'2e84       0xc  udp.o [12]
  .rodata            const     0x802'2e90       0xc  udp.o [12]
  .rodata            const     0x802'2e9c       0x8  cli.o [2]
  .rodata            const     0x802'2ea4       0x8  cli.o [2]
  .rodata            const     0x802'2eac       0x8  cli.o [2]
  .rodata            const     0x802'2eb4       0x8  cli.o [2]
  .rodata            const     0x802'2ebc       0x8  cli.o [2]
  .rodata            const     0x802'2ec4       0x8  cli.o [2]
  .rodata            const     0x802'2ecc       0x8  cli.o [2]
  .rodata            const     0x802'2ed4       0x8  cli.o [2]
  .rodata            const     0x802'2edc       0x8  ethernet.o [14]
  .rodata            const     0x802'2ee4       0x8  ethernet.o [14]
  .rodata            const     0x802'2eec       0x8  ethernetif.o [2]
  .rodata            const     0x802'2ef4       0x8  main.o [2]
  .rodata            const     0x802'2efc       0x8  main.o [2]
  .rodata            const     0x802'2f04       0x8  main.o [2]
  .rodata            const     0x802'2f0c       0x8  main.o [2]
  .rodata            const     0x802'2f14       0x8  occpa.o [2]
  .rodata            const     0x802'2f1c       0x8  occpa.o [2]
  .rodata            const     0x802'2f24       0x8  system_stm32f4xx.o [6]
  .rodata            const     0x802'2f2c       0x8  tcp.o [12]
  .rodata            const     0x802'2f34       0x8  tcp.o [12]
  .rodata            const     0x802'2f3c       0x8  tcp.o [12]
  .rodata            const     0x802'2f44       0x8  tcp.o [12]
  .rodata            const     0x802'2f4c       0x8  tcp.o [12]
  .rodata            const     0x802'2f54       0x8  tcp.o [12]
  .rodata            const     0x802'2f5c       0x8  tcp.o [12]
  .rodata            const     0x802'2f64       0x8  tcp.o [12]
  .rodata            const     0x802'2f6c       0x8  tcp.o [12]
  .rodata            const     0x802'2f74       0x8  tcp.o [12]
  .rodata            const     0x802'2f7c       0x8  tcp.o [12]
  .rodata            const     0x802'2f84       0x8  tcp.o [12]
  .rodata            const     0x802'2f8c       0x8  udp.o [12]
  .rodata            const     0x802'2f94       0x8  udp.o [12]
  .rodata            const     0x802'2f9c       0x8  udp.o [12]
  .rodata            const     0x802'2fa4       0x8  udp.o [12]
  .rodata            const     0x802'2fac       0x8  udp.o [12]
  .rodata            const     0x802'2fb4       0x8  USRAT.o [2]
  .rodata            const     0x802'2fbc       0x4  cli.o [2]
  .rodata            const     0x802'2fc0       0x4  cli.o [2]
  .rodata            const     0x802'2fc4       0x4  cli.o [2]
  .rodata            const     0x802'2fc8       0x4  cli.o [2]
  .rodata            const     0x802'2fcc       0x4  cli.o [2]
  .rodata            const     0x802'2fd0       0x4  I2C.o [2]
  .rodata            const     0x802'2fd4       0x4  I2C.o [2]
  .rodata            const     0x802'2fd8       0x4  ip4_addr.o [13]
  .rodata            const     0x802'2fdc       0x4  ip4_addr.o [13]
  .text              ro code   0x802'2fe0       0x4  startup_stm32f407xx.o [1]
  .text              ro code   0x802'2fe4       0x4  startup_stm32f407xx.o [1]
  .text              ro code   0x802'2fe8       0x4  startup_stm32f407xx.o [1]
  .text              ro code   0x802'2fec       0x4  startup_stm32f407xx.o [1]
  .text              ro code   0x802'2ff0       0x4  startup_stm32f407xx.o [1]
  .text              ro code   0x802'2ff4       0x4  startup_stm32f407xx.o [1]
  .text              ro code   0x802'2ff8       0x4  startup_stm32f407xx.o [1]
  .text              ro code   0x802'2ffc       0x4  startup_stm32f407xx.o [1]
  .text              ro code   0x802'3000       0x4  startup_stm32f407xx.o [1]
  .text              ro code   0x802'3004       0x4  startup_stm32f407xx.o [1]
  .text              ro code   0x802'3008       0x4  startup_stm32f407xx.o [1]
  .text              ro code   0x802'300c       0x4  startup_stm32f407xx.o [1]
  .text              ro code   0x802'3010       0x4  startup_stm32f407xx.o [1]
  .text              ro code   0x802'3014       0x4  startup_stm32f407xx.o [1]
  .text              ro code   0x802'3018       0x4  startup_stm32f407xx.o [1]
  .text              ro code   0x802'301c       0x4  startup_stm32f407xx.o [1]
  .text              ro code   0x802'3020       0x4  startup_stm32f407xx.o [1]
  .text              ro code   0x802'3024       0x4  startup_stm32f407xx.o [1]
  .text              ro code   0x802'3028       0x4  startup_stm32f407xx.o [1]
  .text              ro code   0x802'302c       0x4  startup_stm32f407xx.o [1]
  .text              ro code   0x802'3030       0x4  startup_stm32f407xx.o [1]
  .text              ro code   0x802'3034       0x4  startup_stm32f407xx.o [1]
  .text              ro code   0x802'3038       0x4  startup_stm32f407xx.o [1]
  .text              ro code   0x802'303c       0x4  startup_stm32f407xx.o [1]
  .text              ro code   0x802'3040       0x4  startup_stm32f407xx.o [1]
  .text              ro code   0x802'3044       0x4  startup_stm32f407xx.o [1]
  .text              ro code   0x802'3048       0x4  startup_stm32f407xx.o [1]
  .text              ro code   0x802'304c       0x4  startup_stm32f407xx.o [1]
  .text              ro code   0x802'3050       0x4  startup_stm32f407xx.o [1]
  .text              ro code   0x802'3054       0x4  startup_stm32f407xx.o [1]
  .text              ro code   0x802'3058       0x4  startup_stm32f407xx.o [1]
  .text              ro code   0x802'305c       0x4  startup_stm32f407xx.o [1]
  .text              ro code   0x802'3060       0x4  startup_stm32f407xx.o [1]
  .text              ro code   0x802'3064       0x4  startup_stm32f407xx.o [1]
  .text              ro code   0x802'3068       0x4  startup_stm32f407xx.o [1]
  .text              ro code   0x802'306c       0x4  startup_stm32f407xx.o [1]
  .text              ro code   0x802'3070       0x4  startup_stm32f407xx.o [1]
  .text              ro code   0x802'3074       0x4  startup_stm32f407xx.o [1]
  .text              ro code   0x802'3078       0x4  startup_stm32f407xx.o [1]
  .text              ro code   0x802'307c       0x4  startup_stm32f407xx.o [1]
  .text              ro code   0x802'3080       0x4  startup_stm32f407xx.o [1]
  .text              ro code   0x802'3084       0x4  startup_stm32f407xx.o [1]
  .text              ro code   0x802'3088       0x4  startup_stm32f407xx.o [1]
  .text              ro code   0x802'308c       0x4  startup_stm32f407xx.o [1]
  .text              ro code   0x802'3090       0x4  startup_stm32f407xx.o [1]
  .text              ro code   0x802'3094       0x4  startup_stm32f407xx.o [1]
  .text              ro code   0x802'3098       0x4  startup_stm32f407xx.o [1]
  .text              ro code   0x802'309c       0x4  startup_stm32f407xx.o [1]
  .text              ro code   0x802'30a0       0x4  startup_stm32f407xx.o [1]
  .text              ro code   0x802'30a4       0x4  startup_stm32f407xx.o [1]
  .text              ro code   0x802'30a8       0x4  startup_stm32f407xx.o [1]
  .text              ro code   0x802'30ac       0x4  startup_stm32f407xx.o [1]
  .text              ro code   0x802'30b0       0x4  startup_stm32f407xx.o [1]
  .text              ro code   0x802'30b4       0x4  startup_stm32f407xx.o [1]
  .text              ro code   0x802'30b8       0x4  startup_stm32f407xx.o [1]
  .text              ro code   0x802'30bc       0x4  startup_stm32f407xx.o [1]
  .text              ro code   0x802'30c0       0x4  startup_stm32f407xx.o [1]
  .text              ro code   0x802'30c4       0x4  startup_stm32f407xx.o [1]
  .text              ro code   0x802'30c8       0x4  startup_stm32f407xx.o [1]
  .text              ro code   0x802'30cc       0x4  startup_stm32f407xx.o [1]
  .text              ro code   0x802'30d0       0x4  startup_stm32f407xx.o [1]
  .text              ro code   0x802'30d4       0x4  startup_stm32f407xx.o [1]
  .text              ro code   0x802'30d8       0x4  startup_stm32f407xx.o [1]
  .text              ro code   0x802'30dc       0x4  startup_stm32f407xx.o [1]
  .text              ro code   0x802'30e0       0x4  startup_stm32f407xx.o [1]
  .text              ro code   0x802'30e4       0x4  startup_stm32f407xx.o [1]
  .rodata            const     0x802'30e8       0x0  zero_init3.o [17]
  .rodata            const     0x802'30e8       0x0  lz77_init_single.o [17]
  Initializer bytes  const     0x802'30e8      0xf4  <for P2-1>
                             - 0x802'31dc  0x1'3054

"P2", part 1 of 3:                            0x1ce
  P2-1                        0x2000'0000     0x1ce  <Init block>
    .data            inited   0x2000'0000       0x4  cli.o [2]
    .data            inited   0x2000'0004      0x90  cli.o [2]
    .data            inited   0x2000'0094       0x4  cli.o [2]
    .data            inited   0x2000'0098       0x4  cli.o [2]
    .data            inited   0x2000'009c       0x4  dhcp.o [13]
    .data            inited   0x2000'00a0       0x4  Flash.o [2]
    .data            inited   0x2000'00a4       0x4  I2C.o [2]
    .data            inited   0x2000'00a8      0x34  main.o [2]
    .data            inited   0x2000'00dc       0x4  occpa.o [2]
    .data            inited   0x2000'00e0       0x4  occpa.o [2]
    .data            inited   0x2000'00e4       0x4  spi_flash.o [2]
    .data            inited   0x2000'00e8       0x4  system_stm32f4xx.o [6]
    .data            inited   0x2000'00ec       0x4  tcp.o [12]
    .data            inited   0x2000'00f0       0x8  rand.o [15]
    .data            inited   0x2000'00f8      0x48  xfiles.o [15]
    .data            inited   0x2000'0140      0x38  xlocale_c.o [15]
    .data            inited   0x2000'0178      0x48  xlocale_c.o [15]
    .data            inited   0x2000'01c0       0x8  XShttio.o [15]
    .data            inited   0x2000'01c8       0x2  Flash.o [2]
    .data            inited   0x2000'01ca       0x2  udp.o [12]
    .data            inited   0x2000'01cc       0x1  app_ethernet.o [2]
    .data            inited   0x2000'01cd       0x1  main.o [2]
                            - 0x2000'01ce     0x1ce

"P2", part 2 of 3:                           0xe048
  .bss               zero     0x2000'01d0    0x32cc  USRAT.o [2]
  .bss               zero     0x2000'349c    0x2e24  memp.o [12]
  .bss               zero     0x2000'62c0    0x2814  mem.o [12]
  .bss               zero     0x2000'8ad4    0x17d0  ethernetif.o [2]
  .bss               zero     0x2000'a2a4    0x17d0  ethernetif.o [2]
  .bss               zero     0x2000'ba74     0x5cc  memp.o [12]
  .bss               zero     0x2000'c040     0x400  udp_echoclient.o [2]
  .bss               zero     0x2000'c440     0x400  USRAT.o [2]
  .bss               zero     0x2000'c840     0x16c  memp.o [12]
  .bss               zero     0x2000'c9ac     0x108  QBuf.o [2]
  .bss               zero     0x2000'cab4     0x108  QBuf.o [2]
  .bss               zero     0x2000'cbbc     0x100  main.o [2]
  .bss               zero     0x2000'ccbc     0x100  USRAT.o [2]
  .bss               zero     0x2000'cdbc     0x100  USRAT.o [2]
  .bss               zero     0x2000'cebc     0x100  USRAT.o [2]
  .bss               zero     0x2000'cfbc     0x100  USRAT.o [2]
  .bss               zero     0x2000'd0bc     0x100  USRAT.o [2]
  .bss               zero     0x2000'd1bc     0x100  USRAT.o [2]
  .bss               zero     0x2000'd2bc     0x100  USRAT.o [2]
  .bss               zero     0x2000'd3bc      0xf0  etharp.o [13]
  .bss               zero     0x2000'd4ac      0xc4  memp.o [12]
  .bss               zero     0x2000'd570      0xa4  memp.o [12]
  .bss               zero     0x2000'd614      0xa4  memp.o [12]
  .bss               zero     0x2000'd6b8      0xa4  memp.o [12]
  .bss               zero     0x2000'd75c      0x94  main.o [2]
  .bss               zero     0x2000'd7f0      0x90  memp.o [12]
  .bss               zero     0x2000'd880      0x84  memp.o [12]
  .bss               zero     0x2000'd904      0x84  rand.o [15]
  .bss               zero     0x2000'd988      0x80  ethernetif.o [2]
  .bss               zero     0x2000'da08      0x80  ethernetif.o [2]
  .bss               zero     0x2000'da88      0x74  memp.o [12]
  .bss               zero     0x2000'dafc      0x60  USRAT.o [2]
  .bss               zero     0x2000'db5c      0x60  USRAT.o [2]
  .bss               zero     0x2000'dbbc      0x54  I2C.o [2]
  .bss               zero     0x2000'dc10      0x48  ethernetif.o [2]
  .bss               zero     0x2000'dc58      0x48  main.o [2]
  .bss               zero     0x2000'dca0      0x48  main.o [2]
  .bss               zero     0x2000'dce8      0x40  cli.o [2]
  .bss               zero     0x2000'dd28      0x40  cli.o [2]
  .bss               zero     0x2000'dd68      0x40  USRAT.o [2]
  .bss               zero     0x2000'dda8      0x40  USRAT.o [2]
  .bss               zero     0x2000'dde8      0x40  USRAT.o [2]
  .bss               zero     0x2000'de28      0x40  USRAT.o [2]
  .bss               zero     0x2000'de68      0x3c  Timer.o [2]
  .bss               zero     0x2000'dea4      0x3c  Timer.o [2]
  .bss               zero     0x2000'dee0      0x38  main.o [2]
  .bss               zero     0x2000'df18      0x28  dhcp.o [13]
  .bss               zero     0x2000'df40      0x28  main.o [2]
  .bss               zero     0x2000'df68      0x28  USRAT.o [2]
  .bss               zero     0x2000'df90      0x28  USRAT.o [2]
  .bss               zero     0x2000'dfb8      0x28  USRAT.o [2]
  .bss               zero     0x2000'dfe0      0x20  main.o [2]
  .bss               zero     0x2000'e000      0x20  stm32f4xx_hal_flash.o [7]
  .bss               zero     0x2000'e020      0x18  ip.o [12]
  .bss               zero     0x2000'e038      0x14  Flash.o [2]
  .bss               zero     0x2000'e04c      0x14  main.o [2]
  .bss               zero     0x2000'e060      0x14  main.o [2]
  .bss               zero     0x2000'e074      0x14  WWDG.o [2]
  .bss               zero     0x2000'e088      0x10  I2C.o [2]
  .bss               zero     0x2000'e098      0x10  ip4_addr.o [13]
  .bss               zero     0x2000'e0a8      0x10  tcp_in.o [12]
  .bss               zero     0x2000'e0b8       0xc  dhcp.o [13]
  .bss               zero     0x2000'e0c4       0x8  USRAT.o [2]
  .bss               zero     0x2000'e0cc       0x8  USRAT.o [2]
  .bss               zero     0x2000'e0d4       0x4  app_ethernet.o [2]
  .bss               zero     0x2000'e0d8       0x4  cli.o [2]
  .bss               zero     0x2000'e0dc       0x4  cli.o [2]
  .bss               zero     0x2000'e0e0       0x4  dhcp.o [13]
  .bss               zero     0x2000'e0e4       0x4  dhcp.o [13]
  .bss               zero     0x2000'e0e8       0x4  Flash.o [2]
  .bss               zero     0x2000'e0ec       0x4  I2C.o [2]
  .bss               zero     0x2000'e0f0       0x4  ip4_frag.o [13]
  .bss               zero     0x2000'e0f4       0x4  main.o [2]
  .bss               zero     0x2000'e0f8       0x4  main.o [2]
  .bss               zero     0x2000'e0fc       0x4  main.o [2]
  .bss               zero     0x2000'e100       0x4  main.o [2]
  .bss               zero     0x2000'e104       0x4  main.o [2]
  .bss               zero     0x2000'e108       0x4  main.o [2]
  .bss               zero     0x2000'e10c       0x4  main.o [2]
  .bss               zero     0x2000'e110       0x4  main.o [2]
  .bss               zero     0x2000'e114       0x4  main.o [2]
  .bss               zero     0x2000'e118       0x4  main.o [2]
  .bss               zero     0x2000'e11c       0x4  main.o [2]
  .bss               zero     0x2000'e120       0x4  main.o [2]
  .bss               zero     0x2000'e124       0x4  mem.o [12]
  .bss               zero     0x2000'e128       0x4  mem.o [12]
  .bss               zero     0x2000'e12c       0x4  mem.o [12]
  .bss               zero     0x2000'e130       0x4  memp.o [12]
  .bss               zero     0x2000'e134       0x4  memp.o [12]
  .bss               zero     0x2000'e138       0x4  memp.o [12]
  .bss               zero     0x2000'e13c       0x4  memp.o [12]
  .bss               zero     0x2000'e140       0x4  memp.o [12]
  .bss               zero     0x2000'e144       0x4  memp.o [12]
  .bss               zero     0x2000'e148       0x4  memp.o [12]
  .bss               zero     0x2000'e14c       0x4  memp.o [12]
  .bss               zero     0x2000'e150       0x4  memp.o [12]
  .bss               zero     0x2000'e154       0x4  memp.o [12]
  .bss               zero     0x2000'e158       0x4  naranja_boron.o [2]
  .bss               zero     0x2000'e15c       0x4  naranja_boron.o [2]
  .bss               zero     0x2000'e160       0x4  naranja_boron.o [2]
  .bss               zero     0x2000'e164       0x4  netif.o [12]
  .bss               zero     0x2000'e168       0x4  netif.o [12]
  .bss               zero     0x2000'e16c       0x4  occpa.o [2]
  .bss               zero     0x2000'e170       0x4  occpa.o [2]
  .bss               zero     0x2000'e174       0x4  occpa.o [2]
  .bss               zero     0x2000'e178       0x4  occpa.o [2]
  .bss               zero     0x2000'e17c       0x4  raw.o [12]
  .bss               zero     0x2000'e180       0x4  stm32f4xx_hal.o [7]
  .bss               zero     0x2000'e184       0x4  tcp.o [12]
  .bss               zero     0x2000'e188       0x4  tcp.o [12]
  .bss               zero     0x2000'e18c       0x4  tcp.o [12]
  .bss               zero     0x2000'e190       0x4  tcp.o [12]
  .bss               zero     0x2000'e194       0x4  tcp.o [12]
  .bss               zero     0x2000'e198       0x4  tcp_in.o [12]
  .bss               zero     0x2000'e19c       0x4  tcp_in.o [12]
  .bss               zero     0x2000'e1a0       0x4  tcp_in.o [12]
  .bss               zero     0x2000'e1a4       0x4  tcp_in.o [12]
  .bss               zero     0x2000'e1a8       0x4  tcp_in.o [12]
  .bss               zero     0x2000'e1ac       0x4  tcp_in.o [12]
  .bss               zero     0x2000'e1b0       0x4  timeouts.o [12]
  .bss               zero     0x2000'e1b4       0x4  timeouts.o [12]
  .bss               zero     0x2000'e1b8       0x4  timeouts.o [12]
  .bss               zero     0x2000'e1bc       0x4  Timer.o [2]
  .bss               zero     0x2000'e1c0       0x4  Timer.o [2]
  .bss               zero     0x2000'e1c4       0x4  udp.o [12]
  .bss               zero     0x2000'e1c8       0x4  udp_echoclient.o [2]
  .bss               zero     0x2000'e1cc       0x4  udp_echoclient.o [2]
  .bss               zero     0x2000'e1d0       0x4  USRAT.o [2]
  .bss               zero     0x2000'e1d4       0x4  xfail_s.o [15]
  .bss               zero     0x2000'e1d8       0x2  I2C.o [2]
  .bss               zero     0x2000'e1da       0x2  ip4.o [13]
  .bss               zero     0x2000'e1dc       0x2  ip4_frag.o [13]
  .bss               zero     0x2000'e1de       0x2  main.o [2]
  .bss               zero     0x2000'e1e0       0x2  main.o [2]
  .bss               zero     0x2000'e1e2       0x2  naranja_boron.o [2]
  .bss               zero     0x2000'e1e4       0x2  naranja_boron.o [2]
  .bss               zero     0x2000'e1e6       0x2  naranja_boron.o [2]
  .bss               zero     0x2000'e1e8       0x2  naranja_boron.o [2]
  .bss               zero     0x2000'e1ea       0x2  naranja_boron.o [2]
  .bss               zero     0x2000'e1ec       0x2  naranja_boron.o [2]
  .bss               zero     0x2000'e1ee       0x2  tcp_in.o [12]
  .bss               zero     0x2000'e1f0       0x2  tcp_in.o [12]
  .bss               zero     0x2000'e1f2       0x2  tcp_in.o [12]
  .bss               zero     0x2000'e1f4       0x2  tcp_in.o [12]
  .bss               zero     0x2000'e1f6       0x2  tcp_in.o [12]
  .bss               zero     0x2000'e1f8       0x2  udp.o [12]
  .bss               zero     0x2000'e1fa       0x1  dhcp.o [13]
  .bss               zero     0x2000'e1fb       0x1  etharp.o [13]
  .bss               zero     0x2000'e1fc       0x1  I2C.o [2]
  .bss               zero     0x2000'e1fd       0x1  I2C.o [2]
  .bss               zero     0x2000'e1fe       0x1  main.o [2]
  .bss               zero     0x2000'e1ff       0x1  main.o [2]
  .bss               zero     0x2000'e200       0x1  main.o [2]
  .bss               zero     0x2000'e201       0x1  main.o [2]
  .bss               zero     0x2000'e202       0x1  main.o [2]
  .bss               zero     0x2000'e203       0x1  main.o [2]
  .bss               zero     0x2000'e204       0x1  main.o [2]
  .bss               zero     0x2000'e205       0x1  main.o [2]
  .bss               zero     0x2000'e206       0x1  naranja_boron.o [2]
  .bss               zero     0x2000'e207       0x1  naranja_boron.o [2]
  .bss               zero     0x2000'e208       0x1  naranja_boron.o [2]
  .bss               zero     0x2000'e209       0x1  naranja_boron.o [2]
  .bss               zero     0x2000'e20a       0x1  naranja_boron.o [2]
  .bss               zero     0x2000'e20b       0x1  naranja_boron.o [2]
  .bss               zero     0x2000'e20c       0x1  naranja_boron.o [2]
  .bss               zero     0x2000'e20d       0x1  naranja_boron.o [2]
  .bss               zero     0x2000'e20e       0x1  netif.o [12]
  .bss               zero     0x2000'e20f       0x1  tcp.o [12]
  .bss               zero     0x2000'e210       0x1  tcp.o [12]
  .bss               zero     0x2000'e211       0x1  tcp.o [12]
  .bss               zero     0x2000'e212       0x1  tcp_in.o [12]
  .bss               zero     0x2000'e213       0x1  tcp_in.o [12]
  .bss               zero     0x2000'e214       0x1  udp_echoclient.o [2]
  .bss               zero     0x2000'e215       0x1  udp_echoclient.o [2]
                            - 0x2000'e216    0xe046

"P2", part 3 of 3:                           0x2000
  CSTACK                      0x2000'e218    0x2000  <Block>
    CSTACK           uninit   0x2000'e218    0x2000  <Block tail>
                            - 0x2001'0218    0x2000

Unused ranges:

         From           To      Size
         ----           --      ----
   0x802'31dc   0x80f'ffff  0xd'ce24
  0x2000'01ce  0x2000'01cf       0x2
  0x2001'0218  0x2001'ffff    0xfde8


*******************************************************************************
*** INIT TABLE
***

          Address      Size
          -------      ----
Zero (__iar_zero_init3)
    1 destination range, total size 0xe046:
          0x2000'01d0  0xe046

Copy/lz77 (__iar_lz77_init_single3)
    1 source range, total size 0xf4 (52% of destination):
           0x802'30e8    0xf4
    1 destination range, total size 0x1ce:
          0x2000'0000   0x1ce



*******************************************************************************
*** MODULE SUMMARY
***

    Module                    ro code  ro data  rw data
    ------                    -------  -------  -------
command line/config:
    ---------------------------------------------------
    Total:

C:\D\Git_Hub\EPD_5_8\File\EWARM\STM324xG_EVAL\Obj\Application\EWARM: [1]
    startup_stm32f407xx.o         672
    ---------------------------------------------------
    Total:                        672

C:\D\Git_Hub\EPD_5_8\File\EWARM\STM324xG_EVAL\Obj\Application\User: [2]
    AmpGpio.o                      36
    Flash.o                        62        3       30
    I2C.o                       2'148      918      112
    QBuf.o                        200               528
    Timer.o                       240               128
    USRAT.o                     2'196        8   16'408
    WWDG.o                         38                20
    adc.o                         212
    app_ethernet.o                464      349        5
    cli.o                       1'452      670      292
    ethernetif.o                1'508       44   12'520
    main.o                      2'862      761      829
    naranja_boron.o             1'460      236       32
    occpa.o                       260       96       24
    spi_flash.o                    16        2        4
    stm32f4xx_hal_msp.o           564
    stm32f4xx_it.o                100
    udp_echoclient.o              296       72    1'034
    ---------------------------------------------------
    Total:                     14'114    3'159   31'966

C:\D\Git_Hub\EPD_5_8\File\EWARM\STM324xG_EVAL\Obj\Application\Utilities\Fonts: [3]
    ---------------------------------------------------
    Total:

C:\D\Git_Hub\EPD_5_8\File\EWARM\STM324xG_EVAL\Obj\Drivers\BSP\Components: [4]
    ---------------------------------------------------
    Total:

C:\D\Git_Hub\EPD_5_8\File\EWARM\STM324xG_EVAL\Obj\Drivers\BSP\STM324xG_EVAL: [5]
    ---------------------------------------------------
    Total:

C:\D\Git_Hub\EPD_5_8\File\EWARM\STM324xG_EVAL\Obj\Drivers\CMSIS: [6]
    system_stm32f4xx.o            100       26        4
    ---------------------------------------------------
    Total:                        100       26        4

C:\D\Git_Hub\EPD_5_8\File\EWARM\STM324xG_EVAL\Obj\Drivers\STM32F4xx_HAL_Driver: [7]
    stm32f4xx_hal.o               156                 4
    stm32f4xx_hal_adc.o         1'814
    stm32f4xx_hal_adc_ex.o          2
    stm32f4xx_hal_cortex.o        432
    stm32f4xx_hal_dma.o           576
    stm32f4xx_hal_eth.o         3'140
    stm32f4xx_hal_flash.o         192                32
    stm32f4xx_hal_flash_ex.o      404
    stm32f4xx_hal_gpio.o          656
    stm32f4xx_hal_i2c.o         6'096
    stm32f4xx_hal_rcc.o         1'440
    stm32f4xx_hal_rcc_ex.o        348
    stm32f4xx_hal_rtc.o         1'708
    stm32f4xx_hal_rtc_ex.o          2
    stm32f4xx_hal_tim.o           740
    stm32f4xx_hal_tim_ex.o          4
    stm32f4xx_hal_uart.o        1'748
    stm32f4xx_hal_wwdg.o           48
    ---------------------------------------------------
    Total:                     19'506                36

C:\D\Git_Hub\EPD_5_8\File\EWARM\STM324xG_EVAL\Obj\Drivers\display\Config: [8]
    ---------------------------------------------------
    Total:

C:\D\Git_Hub\EPD_5_8\File\EWARM\STM324xG_EVAL\Obj\Drivers\display\Example: [9]
    ---------------------------------------------------
    Total:

C:\D\Git_Hub\EPD_5_8\File\EWARM\STM324xG_EVAL\Obj\Drivers\display\GUI: [10]
    ---------------------------------------------------
    Total:

C:\D\Git_Hub\EPD_5_8\File\EWARM\STM324xG_EVAL\Obj\Middlewares\LwIP\Api: [11]
    ---------------------------------------------------
    Total:

C:\D\Git_Hub\EPD_5_8\File\EWARM\STM324xG_EVAL\Obj\Middlewares\LwIP\Core: [12]
    def.o                          44
    inet_chksum.o                 202
    init.o                         28
    ip.o                                             24
    mem.o                         816            10'272
    memp.o                        188      160   14'780
    netif.o                       546                 9
    pbuf.o                      1'714
    raw.o                         276                 4
    tcp.o                       3'870    1'826       27
    tcp_in.o                    4'936                52
    tcp_out.o                   2'316
    timeouts.o                    488       40       12
    udp.o                       2'424      305        8
    ---------------------------------------------------
    Total:                     17'848    2'331   25'188

C:\D\Git_Hub\EPD_5_8\File\EWARM\STM324xG_EVAL\Obj\Middlewares\LwIP\Core\IPv4: [13]
    dhcp.o                      4'754        2       65
    etharp.o                    2'476               241
    icmp.o                        646
    ip4.o                       1'000                 2
    ip4_addr.o                    272        8       16
    ip4_frag.o                  1'888                 6
    ---------------------------------------------------
    Total:                     11'036       10      330

C:\D\Git_Hub\EPD_5_8\File\EWARM\STM324xG_EVAL\Obj\Middlewares\LwIP\Netif: [14]
    ethernet.o                    326       16
    ---------------------------------------------------
    Total:                        326       16

dl7M_tlf.a: [15]
    XShttio.o                       8        4        8
    abort.o                         6
    exit.o                          4
    getchar.o                      12
    iar_Stolx.o                   144
    iar_Stoulx.o                  320       80
    isspace.o                      20
    low_level_init.o                4
    rand.o                        156        4      140
    sprintf.o                      64
    strcspn.o                      34
    strncmp.o                      42
    strspn.o                       34
    strtok_r.o                     57
    tolower.o                      20
    vsprintf.o                     52
    xfail_s.o                      64                 4
    xfiles.o                                39       72
    xlocale_c.o                    60       72      128
    xprintffull_nomb.o          3'754
    xsprout.o                      10
    ---------------------------------------------------
    Total:                      4'865      199      352

m7M_tls.a: [16]
    DblAddSub.o                   606
    DblCmpGe.o                     52
    DblCmpLe.o                     52
    DblDiv.o                      582
    DblMul.o                      426
    DblToFlt.o                    104
    DblToS32.o                     54
    DblToU32.o                     34
    FltToDbl.o                     72
    S32ToDbl.o                     34
    U32ToDbl.o                     28
    fpinit_M.o                     34
    frexp.o                       112
    ldexp.o                       314
    ---------------------------------------------------
    Total:                      2'504

rt7M_tl.a: [17]
    ABImemcpy.o                   166
    ABImemset.o                   102
    I64DivMod.o                   560
    I64DivZer.o                     2
    cexit.o                        10
    cmain.o                        30
    cstartup_M.o                   28
    data_init.o                    40
    lz77_init_single.o            126
    memchr.o                       88
    memcmp.o                      104
    strchr.o                       22
    strcmp.o                       18
    strcpy.o                       24
    strlen.o                       54
    zero_init3.o                   56
    ---------------------------------------------------
    Total:                      1'430

shb_l.a: [18]
    exit.o                         20
    iarttio.o                      44
    ---------------------------------------------------
    Total:                         64

    Gaps                           56        6
    Linker created                          32    8'192
-------------------------------------------------------
    Grand Total:               72'521    5'779   66'068


*******************************************************************************
*** ENTRY LIST
***

Entry                       Address    Size  Type      Object
-----                       -------    ----  ----      ------
.iar.init_table$$Base    0x802'255c           --   Gb  - Linker created -
.iar.init_table$$Limit   0x802'257c           --   Gb  - Linker created -
?main                    0x802'26fd          Code  Gb  cmain.o [17]
ADC_IRQHandler           0x802'187b    0x10  Code  Gb  stm32f4xx_it.o [2]
ADC_Init                 0x801'71f7   0x15e  Code  Lc  stm32f4xx_hal_adc.o [7]
AHBPrescTable            0x802'2c64    0x10  Data  Gb  system_stm32f4xx.o [6]
AMP_Init                 0x801'44b5   0x114  Code  Gb  I2C.o [2]
AMP_Init::__func__       0x802'2d10     0xc  Data  Lc  I2C.o [2]
AMP_Mute_OFF             0x801'45c9    0x30  Code  Gb  I2C.o [2]
AMP_Mute_ON              0x801'45f9    0x7c  Code  Gb  I2C.o [2]
APBPrescTable            0x802'2f24     0x8  Data  Gb  system_stm32f4xx.o [6]
AUDIO_AMP_Boot_Set       0x801'3121    0x54  Code  Gb  main.o [2]
AdcHandle1              0x2000'dc58    0x48  Data  Gb  main.o [2]
AdcHandle3              0x2000'dca0    0x48  Data  Gb  main.o [2]
BCD_BIN                  0x801'3ea1    0x40  Code  Gb  USRAT.o [2]
BIN_BCD                  0x801'3ee1    0x54  Code  Gb  USRAT.o [2]
BSP_Config               0x801'2969   0x1fa  Code  Lc  main.o [2]
BusFault_Handler         0x802'183f     0x2  Code  Gb  stm32f4xx_it.o [2]
CAN1_RX0_IRQHandler      0x802'3029          Code  Wk  startup_stm32f407xx.o [1]
CAN1_RX1_IRQHandler      0x802'302d          Code  Wk  startup_stm32f407xx.o [1]
CAN1_SCE_IRQHandler      0x802'3031          Code  Wk  startup_stm32f407xx.o [1]
CAN1_TX_IRQHandler       0x802'3025          Code  Wk  startup_stm32f407xx.o [1]
CAN2_RX0_IRQHandler      0x802'30a9          Code  Wk  startup_stm32f407xx.o [1]
CAN2_RX1_IRQHandler      0x802'30ad          Code  Wk  startup_stm32f407xx.o [1]
CAN2_SCE_IRQHandler      0x802'30b1          Code  Wk  startup_stm32f407xx.o [1]
CAN2_TX_IRQHandler       0x802'30a5          Code  Wk  startup_stm32f407xx.o [1]
CLIPrompt                0x801'57bb     0xe  Code  Gb  cli.o [2]
CSTACK$$Base            0x2000'e218           --   Gb  - Linker created -
CSTACK$$Limit           0x2001'0218           --   Gb  - Linker created -
ConvAsc2Hex              0x801'3f35    0x54  Code  Gb  USRAT.o [2]
DCMI_IRQHandler          0x802'30dd          Code  Wk  startup_stm32f407xx.o [1]
DHCP_Periodic_Handle     0x801'4bf7    0x22  Code  Gb  app_ethernet.o [2]
DHCP_Process             0x801'4af5   0x102  Code  Gb  app_ethernet.o [2]
DHCP_state              0x2000'01cc     0x1  Data  Gb  app_ethernet.o [2]
DHCPfineTimer           0x2000'e0d4     0x4  Data  Gb  app_ethernet.o [2]
DMA1_Stream0_IRQHandler
                         0x802'3011          Code  Wk  startup_stm32f407xx.o [1]
DMA1_Stream1_IRQHandler
                         0x802'3015          Code  Wk  startup_stm32f407xx.o [1]
DMA1_Stream2_IRQHandler
                         0x801'3d1d     0xc  Code  Gb  USRAT.o [2]
DMA1_Stream3_IRQHandler
                         0x802'3019          Code  Wk  startup_stm32f407xx.o [1]
DMA1_Stream4_IRQHandler
                         0x801'3d29     0xc  Code  Gb  USRAT.o [2]
DMA1_Stream5_IRQHandler
                         0x802'301d          Code  Wk  startup_stm32f407xx.o [1]
DMA1_Stream6_IRQHandler
                         0x802'3021          Code  Wk  startup_stm32f407xx.o [1]
DMA1_Stream7_IRQHandler
                         0x802'3075          Code  Wk  startup_stm32f407xx.o [1]
DMA2_Stream0_IRQHandler
                         0x802'1877     0x2  Code  Gb  stm32f4xx_it.o [2]
DMA2_Stream1_IRQHandler
                         0x802'3091          Code  Wk  startup_stm32f407xx.o [1]
DMA2_Stream2_IRQHandler
                         0x802'3095          Code  Wk  startup_stm32f407xx.o [1]
DMA2_Stream3_IRQHandler
                         0x802'3099          Code  Wk  startup_stm32f407xx.o [1]
DMA2_Stream4_IRQHandler
                         0x802'1879     0x2  Code  Gb  stm32f4xx_it.o [2]
DMA2_Stream5_IRQHandler
                         0x802'30b9          Code  Wk  startup_stm32f407xx.o [1]
DMA2_Stream6_IRQHandler
                         0x802'30bd          Code  Wk  startup_stm32f407xx.o [1]
DMA2_Stream7_IRQHandler
                         0x802'30c1          Code  Wk  startup_stm32f407xx.o [1]
DMARxDscrTab            0x2000'd988    0x80  Data  Gb  ethernetif.o [2]
DMATxDscrTab            0x2000'da08    0x80  Data  Gb  ethernetif.o [2]
DP_RING_BUF_POP          0x801'4129    0x5a  Code  Gb  USRAT.o [2]
DP_RING_BUF_PUSH         0x801'4055    0xc6  Code  Gb  USRAT.o [2]
DebugMon_Handler         0x802'1843     0x2  Code  Gb  stm32f4xx_it.o [2]
EEPLogInit               0x801'48c5    0x78  Code  Gb  I2C.o [2]
EEPLogInit::__func__     0x802'2d28     0xc  Data  Lc  I2C.o [2]
EEPLogReset              0x801'4941    0x64  Code  Gb  I2C.o [2]
EEPLogReset::__func__    0x802'2d40     0xc  Data  Lc  I2C.o [2]
EEPRead16                0x801'4899    0x2c  Code  Gb  I2C.o [2]
EEPWrite16               0x801'4869    0x30  Code  Gb  I2C.o [2]
ETH_DMAReceptionDisable
                         0x801'bab7    0x12  Code  Lc  stm32f4xx_hal_eth.o [7]
ETH_DMAReceptionEnable   0x801'baa5    0x12  Code  Lc  stm32f4xx_hal_eth.o [7]
ETH_DMATransmissionDisable
                         0x801'ba93    0x12  Code  Lc  stm32f4xx_hal_eth.o [7]
ETH_DMATransmissionEnable
                         0x801'ba81    0x12  Code  Lc  stm32f4xx_hal_eth.o [7]
ETH_Delay                0x801'baf5    0x26  Code  Lc  stm32f4xx_hal_eth.o [7]
ETH_FlushTransmitFIFO    0x801'bac9    0x2c  Code  Lc  stm32f4xx_hal_eth.o [7]
ETH_IRQHandler           0x802'309d          Code  Wk  startup_stm32f407xx.o [1]
ETH_MACAddressConfig     0x801'b9a7    0x2e  Code  Lc  stm32f4xx_hal_eth.o [7]
ETH_MACDMAConfig         0x801'b763   0x244  Code  Lc  stm32f4xx_hal_eth.o [7]
ETH_MACReceptionDisable
                         0x801'ba59    0x28  Code  Lc  stm32f4xx_hal_eth.o [7]
ETH_MACReceptionEnable   0x801'ba31    0x28  Code  Lc  stm32f4xx_hal_eth.o [7]
ETH_MACTransmissionDisable
                         0x801'ba09    0x28  Code  Lc  stm32f4xx_hal_eth.o [7]
ETH_MACTransmissionEnable
                         0x801'b9e1    0x28  Code  Lc  stm32f4xx_hal_eth.o [7]
ETH_WKUP_IRQHandler      0x802'30a1          Code  Wk  startup_stm32f407xx.o [1]
EXTI0_IRQHandler         0x802'2ffd          Code  Wk  startup_stm32f407xx.o [1]
EXTI15_10_IRQHandler     0x802'305d          Code  Wk  startup_stm32f407xx.o [1]
EXTI1_IRQHandler         0x802'3001          Code  Wk  startup_stm32f407xx.o [1]
EXTI2_IRQHandler         0x802'3005          Code  Wk  startup_stm32f407xx.o [1]
EXTI3_IRQHandler         0x802'3009          Code  Wk  startup_stm32f407xx.o [1]
EXTI4_IRQHandler         0x802'300d          Code  Wk  startup_stm32f407xx.o [1]
EXTI9_5_IRQHandler       0x802'1857     0xc  Code  Gb  stm32f4xx_it.o [2]
EraseInitStruct         0x2000'e038    0x14  Data  Lc  Flash.o [2]
Error_Handler            0x801'32ad     0x2  Code  Gb  main.o [2]
EthHandle               0x2000'dc10    0x48  Data  Gb  ethernetif.o [2]
FLASH_Erase_Sector       0x801'd341    0x64  Code  Gb  stm32f4xx_hal_flash_ex.o [7]
FLASH_FlushCaches        0x801'd3a5    0x50  Code  Gb  stm32f4xx_hal_flash_ex.o [7]
FLASH_IRQHandler         0x802'2ff5          Code  Wk  startup_stm32f407xx.o [1]
FLASH_MassErase          0x801'd319    0x28  Code  Lc  stm32f4xx_hal_flash_ex.o [7]
FLASH_SetErrorCode       0x802'096d    0x68  Code  Lc  stm32f4xx_hal_flash.o [7]
FLASH_WaitForLastOperation
                         0x802'091d    0x50  Code  Gb  stm32f4xx_hal_flash.o [7]
FPU_IRQHandler           0x802'30e5          Code  Wk  startup_stm32f407xx.o [1]
FSMC_IRQHandler          0x802'3079          Code  Wk  startup_stm32f407xx.o [1]
Flag                    0x2000'e214     0x1  Data  Gb  udp_echoclient.o [2]
Flash_Errase             0x801'73c9    0x14  Code  Gb  Flash.o [2]
Flash_Error_Handler      0x801'73ed     0x2  Code  Lc  Flash.o [2]
Flash_TIM                0x801'73b1    0x18  Code  Gb  Flash.o [2]
Get_Adc1_Value           0x801'6951    0x26  Code  Gb  adc.o [2]
Get_Adc2_Value           0x801'69c3    0x26  Code  Gb  adc.o [2]
HAL_ADCEx_InjectedConvCpltCallback
                         0x801'd269     0x2  Code  Wk  stm32f4xx_hal_adc_ex.o [7]
HAL_ADC_ConfigChannel    0x801'707b   0x17c  Code  Gb  stm32f4xx_hal_adc.o [7]
HAL_ADC_ConvCpltCallback
                         0x801'd267     0x2  Code  Wk  stm32f4xx_hal_adc.o [7]
HAL_ADC_ErrorCallback    0x801'd26d     0x2  Code  Wk  stm32f4xx_hal_adc.o [7]
HAL_ADC_GetValue         0x801'7075     0x6  Code  Gb  stm32f4xx_hal_adc.o [7]
HAL_ADC_IRQHandler       0x801'6e8f   0x1e6  Code  Gb  stm32f4xx_hal_adc.o [7]
HAL_ADC_Init             0x801'6c5d    0x64  Code  Gb  stm32f4xx_hal_adc.o [7]
HAL_ADC_LevelOutOfWindowCallback
                         0x801'd26b     0x2  Code  Wk  stm32f4xx_hal_adc.o [7]
HAL_ADC_MspInit          0x801'1aaf    0x98  Code  Gb  stm32f4xx_hal_msp.o [2]
HAL_ADC_PollForConversion
                         0x801'6de5    0xaa  Code  Gb  stm32f4xx_hal_adc.o [7]
HAL_ADC_Start            0x801'6cc1    0xe6  Code  Gb  stm32f4xx_hal_adc.o [7]
HAL_ADC_Stop             0x801'6da7    0x3e  Code  Gb  stm32f4xx_hal_adc.o [7]
HAL_DMA_Abort_IT         0x801'1d65    0x28  Code  Gb  stm32f4xx_hal_dma.o [7]
HAL_DMA_IRQHandler       0x801'1d8d   0x20c  Code  Gb  stm32f4xx_hal_dma.o [7]
HAL_Delay                0x801'7391    0x1e  Code  Wk  stm32f4xx_hal.o [7]
HAL_ETH_ConfigMAC        0x801'b609   0x15a  Code  Gb  stm32f4xx_hal_eth.o [7]
HAL_ETH_DMARxDescListInit
                         0x801'b1e9    0x82  Code  Gb  stm32f4xx_hal_eth.o [7]
HAL_ETH_DMATxDescListInit
                         0x801'b16d    0x7c  Code  Gb  stm32f4xx_hal_eth.o [7]
HAL_ETH_GetReceivedFrame
                         0x801'b3a1    0xa0  Code  Gb  stm32f4xx_hal_eth.o [7]
HAL_ETH_Init             0x801'af01   0x26c  Code  Gb  stm32f4xx_hal_eth.o [7]
HAL_ETH_MspInit          0x801'4c51   0x122  Code  Gb  ethernetif.o [2]
HAL_ETH_ReadPHYRegister
                         0x801'b441    0x9a  Code  Gb  stm32f4xx_hal_eth.o [7]
HAL_ETH_Start            0x801'b575    0x4a  Code  Gb  stm32f4xx_hal_eth.o [7]
HAL_ETH_Stop             0x801'b5bf    0x4a  Code  Gb  stm32f4xx_hal_eth.o [7]
HAL_ETH_TransmitFrame    0x801'b26b   0x136  Code  Gb  stm32f4xx_hal_eth.o [7]
HAL_ETH_WritePHYRegister
                         0x801'b4db    0x9a  Code  Gb  stm32f4xx_hal_eth.o [7]
HAL_FLASHEx_Erase        0x801'd271    0xa8  Code  Gb  stm32f4xx_hal_flash_ex.o [7]
HAL_GPIO_EXTI_Callback   0x801'2bd5    0x18  Code  Gb  main.o [2]
HAL_GPIO_EXTI_IRQHandler
                         0x801'372d    0x20  Code  Gb  stm32f4xx_hal_gpio.o [7]
HAL_GPIO_Init            0x801'34f9   0x1f8  Code  Gb  stm32f4xx_hal_gpio.o [7]
HAL_GPIO_ReadPin         0x801'36f1    0x16  Code  Gb  stm32f4xx_hal_gpio.o [7]
HAL_GPIO_TogglePin       0x801'3721     0xc  Code  Gb  stm32f4xx_hal_gpio.o [7]
HAL_GPIO_WritePin        0x801'3707    0x1a  Code  Gb  stm32f4xx_hal_gpio.o [7]
HAL_GetREVID             0x801'395d     0x8  Code  Gb  stm32f4xx_hal.o [7]
HAL_GetTick              0x801'1d49     0xc  Code  Wk  stm32f4xx_hal.o [7]
HAL_I2C_AbortCpltCallback
                         0x801'1fa5     0x2  Code  Wk  stm32f4xx_hal_i2c.o [7]
HAL_I2C_AddrCallback     0x801'1d61     0x2  Code  Wk  stm32f4xx_hal_i2c.o [7]
HAL_I2C_ER_IRQHandler    0x801'08b9    0xea  Code  Gb  stm32f4xx_hal_i2c.o [7]
HAL_I2C_EV_IRQHandler    0x801'0769   0x150  Code  Gb  stm32f4xx_hal_i2c.o [7]
HAL_I2C_ErrorCallback    0x801'1fa7     0x2  Code  Wk  stm32f4xx_hal_i2c.o [7]
HAL_I2C_Init             0x801'0189   0x122  Code  Gb  stm32f4xx_hal_i2c.o [7]
HAL_I2C_ListenCpltCallback
                         0x801'1d63     0x2  Code  Wk  stm32f4xx_hal_i2c.o [7]
HAL_I2C_MasterRxCpltCallback
                         0x801'1d5b     0x2  Code  Wk  stm32f4xx_hal_i2c.o [7]
HAL_I2C_MasterTxCpltCallback
                         0x801'1d55     0x2  Code  Wk  stm32f4xx_hal_i2c.o [7]
HAL_I2C_MemRxCpltCallback
                         0x801'1d59     0x2  Code  Wk  stm32f4xx_hal_i2c.o [7]
HAL_I2C_MemTxCpltCallback
                         0x801'1d57     0x2  Code  Wk  stm32f4xx_hal_i2c.o [7]
HAL_I2C_Mem_Read         0x801'0441   0x31e  Code  Gb  stm32f4xx_hal_i2c.o [7]
HAL_I2C_Mem_Write        0x801'02b5   0x18c  Code  Gb  stm32f4xx_hal_i2c.o [7]
HAL_I2C_MspInit          0x801'1a23    0x8c  Code  Gb  stm32f4xx_hal_msp.o [2]
HAL_I2C_SlaveRxCpltCallback
                         0x801'1d5f     0x2  Code  Wk  stm32f4xx_hal_i2c.o [7]
HAL_I2C_SlaveTxCpltCallback
                         0x801'1d5d     0x2  Code  Wk  stm32f4xx_hal_i2c.o [7]
HAL_IncTick              0x802'189d    0x10  Code  Wk  stm32f4xx_hal.o [7]
HAL_Init                 0x801'3935    0x28  Code  Gb  stm32f4xx_hal.o [7]
HAL_InitTick             0x801'380d    0x28  Code  Wk  stm32f4xx_hal.o [7]
HAL_MspInit              0x801'7401     0x2  Code  Wk  stm32f4xx_hal.o [7]
HAL_NVIC_ClearPendingIRQ
                         0x801'2123     0xe  Code  Gb  stm32f4xx_hal_cortex.o [7]
HAL_NVIC_EnableIRQ       0x801'2101     0xe  Code  Gb  stm32f4xx_hal_cortex.o [7]
HAL_NVIC_SetPriority     0x801'20d7    0x2a  Code  Gb  stm32f4xx_hal_cortex.o [7]
HAL_NVIC_SetPriorityGrouping
                         0x801'20cb     0xc  Code  Gb  stm32f4xx_hal_cortex.o [7]
HAL_NVIC_SystemReset     0x801'210f     0x8  Code  Gb  stm32f4xx_hal_cortex.o [7]
HAL_RCCEx_PeriphCLKConfig
                         0x801'332d   0x136  Code  Gb  stm32f4xx_hal_rcc_ex.o [7]
HAL_RCC_ClockConfig      0x801'1b79   0x180  Code  Gb  stm32f4xx_hal_rcc.o [7]
HAL_RCC_GetHCLKFreq      0x801'1cf9     0x6  Code  Gb  stm32f4xx_hal_rcc.o [7]
HAL_RCC_GetPCLK1Freq     0x801'1cff    0x18  Code  Gb  stm32f4xx_hal_rcc.o [7]
HAL_RCC_GetPCLK2Freq     0x801'1d17    0x18  Code  Gb  stm32f4xx_hal_rcc.o [7]
HAL_RCC_GetSysClockFreq
                         0x801'3789    0x84  Code  Wk  stm32f4xx_hal_rcc.o [7]
HAL_RCC_OscConfig        0x801'2435   0x34c  Code  Wk  stm32f4xx_hal_rcc.o [7]
HAL_RTCEx_AlarmBEventCallback
                         0x801'cdd5     0x2  Code  Wk  stm32f4xx_hal_rtc_ex.o [7]
HAL_RTC_AlarmAEventCallback
                         0x801'3037    0x1a  Code  Gb  main.o [2]
HAL_RTC_AlarmIRQHandler
                         0x801'6837    0x5e  Code  Gb  stm32f4xx_hal_rtc.o [7]
HAL_RTC_GetDate          0x801'65dd    0x54  Code  Gb  stm32f4xx_hal_rtc.o [7]
HAL_RTC_GetTime          0x801'646b    0x68  Code  Gb  stm32f4xx_hal_rtc.o [7]
HAL_RTC_Init             0x801'62a5    0xac  Code  Gb  stm32f4xx_hal_rtc.o [7]
HAL_RTC_MspInit          0x801'19cd    0x56  Code  Gb  stm32f4xx_hal_msp.o [2]
HAL_RTC_SetAlarm_IT      0x801'6631   0x206  Code  Gb  stm32f4xx_hal_rtc.o [7]
HAL_RTC_SetDate          0x801'64d3   0x10a  Code  Gb  stm32f4xx_hal_rtc.o [7]
HAL_RTC_SetTime          0x801'6351   0x11a  Code  Gb  stm32f4xx_hal_rtc.o [7]
HAL_RTC_WaitForSynchro   0x801'68b1    0x36  Code  Gb  stm32f4xx_hal_rtc.o [7]
HAL_SYSTICK_Config       0x801'2117     0xc  Code  Gb  stm32f4xx_hal_cortex.o [7]
HAL_TIMEx_BreakCallback
                         0x801'392d     0x2  Code  Wk  stm32f4xx_hal_tim_ex.o [7]
HAL_TIMEx_CommutationCallback
                         0x801'3931     0x2  Code  Wk  stm32f4xx_hal_tim_ex.o [7]
HAL_TIM_Base_Init        0x801'2159    0x38  Code  Gb  stm32f4xx_hal_tim.o [7]
HAL_TIM_Base_MspInit     0x801'1945    0x88  Code  Gb  stm32f4xx_hal_msp.o [2]
HAL_TIM_Base_Start_IT    0x801'2191    0x1e  Code  Gb  stm32f4xx_hal_tim.o [7]
HAL_TIM_IC_CaptureCallback
                         0x801'3835     0x2  Code  Wk  stm32f4xx_hal_tim.o [7]
HAL_TIM_IRQHandler       0x801'21af   0x176  Code  Gb  stm32f4xx_hal_tim.o [7]
HAL_TIM_OC_DelayElapsedCallback
                         0x801'3837     0x2  Code  Wk  stm32f4xx_hal_tim.o [7]
HAL_TIM_PWM_PulseFinishedCallback
                         0x801'3839     0x2  Code  Wk  stm32f4xx_hal_tim.o [7]
HAL_TIM_PeriodElapsedCallback
[...]
mUSART_RXBuf_1ch        0x2000'ccbc   0x100  Data  Gb  USRAT.o [2]
mUSART_RXBuf_3ch        0x2000'cfbc   0x100  Data  Gb  USRAT.o [2]
mUSART_RXBuf_6ch        0x2000'd2bc   0x100  Data  Gb  USRAT.o [2]
mUSART_TXBuf_1ch        0x2000'cdbc   0x100  Data  Gb  USRAT.o [2]
mUSART_TXBuf_3ch        0x2000'd0bc   0x100  Data  Gb  USRAT.o [2]
m_Main_TIM_Cnt          0x2000'e0f4     0x4  Data  Gb  main.o [2]
m_Main_TIM_Cnt_Reset    0x2000'e0f8     0x4  Data  Gb  main.o [2]
main                     0x801'2781   0x1e8  Code  Gb  main.o [2]
main::sVccInFlag        0x2000'e114     0x4  Data  Lc  main.o [2]
main::sVccOff_TimeCnt   0x2000'e118     0x4  Data  Lc  main.o [2]
main::s_bMstIn          0x2000'e11c     0x4  Data  Lc  main.o [2]
main::s_currentCnt      0x2000'e110     0x4  Data  Lc  main.o [2]
main::s_nOccCnt         0x2000'e10c     0x4  Data  Lc  main.o [2]
main::s_nTick           0x2000'e108     0x4  Data  Lc  main.o [2]
main::s_vcc             0x2000'e120     0x4  Data  Lc  main.o [2]
mem_free                 0x801'8049    0x34  Code  Gb  mem.o [12]
mem_init                 0x801'800d    0x3c  Code  Gb  mem.o [12]
mem_malloc               0x801'81bd   0x10a  Code  Gb  mem.o [12]
mem_trim                 0x801'807d   0x140  Code  Gb  mem.o [12]
memchr                   0x802'0a1d          Code  Gb  memchr.o [17]
memcmp                   0x802'177d          Code  Gb  memcmp.o [17]
memp_FRAG_PBUF           0x802'2da0     0xc  Data  Gb  memp.o [12]
memp_PBUF                0x802'2db8     0xc  Data  Gb  memp.o [12]
memp_PBUF_POOL           0x802'2dc4     0xc  Data  Gb  memp.o [12]
memp_RAW_PCB             0x802'2d58     0xc  Data  Gb  memp.o [12]
memp_REASSDATA           0x802'2d94     0xc  Data  Gb  memp.o [12]
memp_SYS_TIMEOUT         0x802'2dac     0xc  Data  Gb  memp.o [12]
memp_TCP_PCB             0x802'2d70     0xc  Data  Gb  memp.o [12]
memp_TCP_PCB_LISTEN      0x802'2d7c     0xc  Data  Gb  memp.o [12]
memp_TCP_SEG             0x802'2d88     0xc  Data  Gb  memp.o [12]
memp_UDP_PCB             0x802'2d64     0xc  Data  Gb  memp.o [12]
memp_free                0x801'8369    0x24  Code  Gb  memp.o [12]
memp_init                0x801'8303    0x20  Code  Gb  memp.o [12]
memp_init_pool           0x801'82d9    0x2a  Code  Gb  memp.o [12]
memp_malloc              0x801'833b    0x20  Code  Gb  memp.o [12]
memp_memory_FRAG_PBUF_base
                        0x2000'c840   0x16c  Data  Gb  memp.o [12]
memp_memory_PBUF_POOL_base
                        0x2000'349c  0x2e24  Data  Gb  memp.o [12]
memp_memory_PBUF_base   0x2000'd6b8    0xa4  Data  Gb  memp.o [12]
memp_memory_RAW_PCB_base
                        0x2000'da88    0x74  Data  Gb  memp.o [12]
memp_memory_REASSDATA_base
                        0x2000'd570    0xa4  Data  Gb  memp.o [12]
memp_memory_SYS_TIMEOUT_base
                        0x2000'd614    0xa4  Data  Gb  memp.o [12]
memp_memory_TCP_PCB_LISTEN_base
                        0x2000'd7f0    0x90  Data  Gb  memp.o [12]
memp_memory_TCP_PCB_base
                        0x2000'ba74   0x5cc  Data  Gb  memp.o [12]
memp_memory_TCP_SEG_base
                        0x2000'd880    0x84  Data  Gb  memp.o [12]
memp_memory_UDP_PCB_base
                        0x2000'd4ac    0xc4  Data  Gb  memp.o [12]
memp_pools               0x802'2100    0x28  Data  Gb  memp.o [12]
memp_tab_FRAG_PBUF      0x2000'e148     0x4  Data  Lc  memp.o [12]
memp_tab_PBUF           0x2000'e150     0x4  Data  Lc  memp.o [12]
memp_tab_PBUF_POOL      0x2000'e154     0x4  Data  Lc  memp.o [12]
memp_tab_RAW_PCB        0x2000'e130     0x4  Data  Lc  memp.o [12]
memp_tab_REASSDATA      0x2000'e144     0x4  Data  Lc  memp.o [12]
memp_tab_SYS_TIMEOUT    0x2000'e14c     0x4  Data  Lc  memp.o [12]
memp_tab_TCP_PCB        0x2000'e138     0x4  Data  Lc  memp.o [12]
memp_tab_TCP_PCB_LISTEN
                        0x2000'e13c     0x4  Data  Lc  memp.o [12]
memp_tab_TCP_SEG        0x2000'e140     0x4  Data  Lc  memp.o [12]
memp_tab_UDP_PCB        0x2000'e134     0x4  Data  Lc  memp.o [12]
message_count           0x2000'e1c8     0x4  Data  Gb  udp_echoclient.o [2]
nTime_Flage_100us       0x2000'e1c0     0x4  Data  Gb  Timer.o [2]
nTime_Flage_1ms         0x2000'e1bc     0x4  Data  Gb  Timer.o [2]
ndigs                    0x802'1910    0x28  Data  Lc  iar_Stoulx.o [15]
netif_add                0x801'6083    0x7c  Code  Gb  netif.o [12]
netif_default           0x2000'e168     0x4  Data  Gb  netif.o [12]
netif_init               0x801'6081     0x2  Code  Gb  netif.o [12]
netif_issue_reports      0x801'61ef    0x22  Code  Lc  netif.o [12]
netif_list              0x2000'e164     0x4  Data  Gb  netif.o [12]
netif_num               0x2000'e20e     0x1  Data  Lc  netif.o [12]
netif_set_addr           0x801'60ff    0x48  Code  Gb  netif.o [12]
netif_set_default        0x801'61af     0x6  Code  Gb  netif.o [12]
netif_set_down           0x801'6211    0x28  Code  Gb  netif.o [12]
netif_set_gw             0x801'6193     0xe  Code  Gb  netif.o [12]
netif_set_ipaddr         0x801'6147    0x4c  Code  Gb  netif.o [12]
netif_set_link_callback
                         0x801'629b     0x8  Code  Gb  netif.o [12]
netif_set_link_down      0x801'6275    0x26  Code  Gb  netif.o [12]
netif_set_link_up        0x801'6239    0x3c  Code  Gb  netif.o [12]
netif_set_netmask        0x801'61a1     0xe  Code  Gb  netif.o [12]
netif_set_up             0x801'61c5    0x2a  Code  Gb  netif.o [12]
next_timeout            0x2000'e1b0     0x4  Data  Lc  timeouts.o [12]
old_cmd                 0x2000'dce8    0x40  Data  Gb  cli.o [2]
pFlash                  0x2000'e000    0x20  Data  Gb  stm32f4xx_hal_flash.o [7]
pbuf_alloc               0x801'bb45   0x194  Code  Gb  pbuf.o [12]
pbuf_alloced_custom      0x801'bcd9    0x8a  Code  Gb  pbuf.o [12]
pbuf_cat                 0x801'bf93    0x2e  Code  Gb  pbuf.o [12]
pbuf_chain               0x801'bfc1    0x16  Code  Gb  pbuf.o [12]
pbuf_clen                0x801'bf75    0x12  Code  Gb  pbuf.o [12]
pbuf_copy                0x801'bfd7    0xda  Code  Gb  pbuf.o [12]
pbuf_copy_partial        0x801'c0b1    0xae  Code  Gb  pbuf.o [12]
pbuf_free                0x801'beef    0x86  Code  Gb  pbuf.o [12]
pbuf_header              0x801'bec7    0x14  Code  Gb  pbuf.o [12]
pbuf_header_force        0x801'bedb    0x14  Code  Gb  pbuf.o [12]
pbuf_header_impl         0x801'bdf9    0xce  Code  Lc  pbuf.o [12]
pbuf_realloc             0x801'bd63    0x96  Code  Gb  pbuf.o [12]
pbuf_ref                 0x801'bf87     0xc  Code  Gb  pbuf.o [12]
pbuf_take                0x801'c15f    0x98  Code  Gb  pbuf.o [12]
plug_holes               0x801'7fa9    0x64  Code  Lc  mem.o [12]
pmEthernet_Rx_struct    0x2000'e0fc     0x4  Data  Gb  main.o [2]
processAudioAmpProcess   0x801'5d6d    0x96  Code  Gb  naranja_boron.o [2]
processChargeLed         0x801'5c7f    0xb2  Code  Gb  naranja_boron.o [2]
processChargeLed::sTimeCnt
                        0x2000'e15c     0x4  Data  Lc  naranja_boron.o [2]
processCurrentVal        0x801'4297   0x190  Code  Gb  I2C.o [2]
processCurrentVal::bCurLedCtr
                        0x2000'00a4     0x4  Data  Lc  I2C.o [2]
processGetBatVol         0x801'5e03    0x5a  Code  Gb  naranja_boron.o [2]
processLightLed          0x801'5d31    0x3c  Code  Gb  naranja_boron.o [2]
processLightLed::sCnnt  0x2000'e160     0x4  Data  Lc  naranja_boron.o [2]
processRfLed             0x801'5c69    0x16  Code  Gb  naranja_boron.o [2]
processTestDebug         0x801'5e5d    0x9a  Code  Gb  naranja_boron.o [2]
qcount                   0x801'7b09    0x1c  Code  Gb  QBuf.o [2]
qget                     0x801'7b69    0x26  Code  Gb  QBuf.o [2]
qput                     0x801'7b25    0x44  Code  Gb  QBuf.o [2]
ram                     0x2000'e124     0x4  Data  Lc  mem.o [12]
ram_end                 0x2000'e128     0x4  Data  Lc  mem.o [12]
ram_heap                0x2000'62c0  0x2814  Data  Gb  mem.o [12]
rand                     0x802'05a1    0x8a  Code  Gb  rand.o [15]
raw_input                0x801'c349    0xa4  Code  Gb  raw.o [12]
raw_input_match          0x801'c315    0x34  Code  Lc  raw.o [12]
raw_netif_ip_addr_changed
                         0x801'c3ed    0x34  Code  Gb  raw.o [12]
raw_pcbs                0x2000'e17c     0x4  Data  Lc  raw.o [12]
readline                 0x801'5661   0x15a  Code  Gb  cli.o [2]
reassdatagrams          0x2000'e0f0     0x4  Data  Lc  ip4_frag.o [13]
recv_acked              0x2000'e1f4     0x2  Data  Lc  tcp_in.o [12]
recv_data               0x2000'e1a8     0x4  Data  Lc  tcp_in.o [12]
recv_flags              0x2000'e213     0x1  Data  Lc  tcp_in.o [12]
rfLedOff                 0x801'5b29    0x12  Code  Gb  naranja_boron.o [2]
rfLedOn                  0x801'5b17    0x12  Code  Gb  naranja_boron.o [2]
sCmdOccPaStart          0x2000'00dc     0x4  Data  Gb  occpa.o [2]
sCmdOccPaStop           0x2000'00e0     0x4  Data  Gb  occpa.o [2]
s_n16Val                0x2000'e1d8     0x2  Data  Gb  I2C.o [2]
salarmstructure         0x2000'df40    0x28  Data  Gb  main.o [2]
scalbln                  0x802'0b4d          Code  Gb  ldexp.o [16]
scalblnl                 0x802'0b4d          Code  Gb  ldexp.o [16]
scalbn                   0x802'0b4d          Code  Gb  ldexp.o [16]
scalbnl                  0x802'0b4d          Code  Gb  ldexp.o [16]
scale                    0x801'e1e1    0x46  Code  Lc  xprintffull_nomb.o [15]
sdatestructure          0x2000'e100     0x4  Data  Gb  main.o [2]
sdatestructureget       0x2000'e104     0x4  Data  Gb  main.o [2]
sec_hand                0x2000'e1d4     0x4  Data  Lc  xfail_s.o [15]
seqno                   0x2000'e1a0     0x4  Data  Lc  tcp_in.o [12]
setAMP_Standby           0x801'736d    0x20  Code  Gb  AmpGpio.o [2]
sprintf                  0x801'9c2d    0x40  Code  Gb  sprintf.o [15]
stimestructure          0x2000'e04c    0x14  Data  Gb  main.o [2]
stimestructureget       0x2000'e060    0x14  Data  Gb  main.o [2]
strchr                   0x801'c2f1          Code  Gb  strchr.o [17]
strcmp                   0x801'c2c5          Code  Gb  strcmp.o [17]
strcpy                   0x801'c2d9          Code  Gb  strcpy.o [17]
strcspn                  0x802'07b3    0x22  Code  Gb  strcspn.o [15]
strlen                   0x801'7ca9          Code  Gb  strlen.o [17]
strncmp                  0x801'7ba1    0x2a  Code  Gb  strncmp.o [15]
strspn                   0x802'0791    0x22  Code  Gb  strspn.o [15]
strtok_r                 0x801'c289    0x38  Code  Gb  strtok_r.o [15]
strtol                   0x801'c283     0x4  Code  Gb  iar_Stolx.o [15]
sys_check_timeouts       0x801'538b    0x70  Code  Gb  timeouts.o [12]
sys_now                  0x801'5101     0x8  Code  Gb  ethernetif.o [2]
sys_timeout              0x801'52c7    0xc4  Code  Gb  timeouts.o [12]
sys_timeouts_init        0x801'52a1    0x26  Code  Gb  timeouts.o [12]
tcp_abandon              0x801'8f39    0xe0  Code  Gb  tcp.o [12]
tcp_abort                0x801'9019     0xe  Code  Gb  tcp.o [12]
tcp_active_pcbs         0x2000'e190     0x4  Data  Gb  tcp.o [12]
tcp_active_pcbs_changed
                        0x2000'e20f     0x1  Data  Gb  tcp.o [12]
tcp_alloc                0x801'96f5    0xf6  Code  Gb  tcp.o [12]
tcp_backoff              0x802'2c94    0x10  Data  Lc  tcp.o [12]
tcp_bound_pcbs          0x2000'e188     0x4  Data  Gb  tcp.o [12]
tcp_close                0x801'8f0f    0x2a  Code  Gb  tcp.o [12]
tcp_close_shutdown       0x801'8d61   0x1ae  Code  Lc  tcp.o [12]
tcp_create_segment       0x801'ea1b    0xbc  Code  Lc  tcp_out.o [12]
tcp_debug_print          0x801'999b   0x11a  Code  Gb  tcp.o [12]
tcp_debug_print_flags    0x801'9acb    0x6c  Code  Gb  tcp.o [12]
tcp_debug_print_state    0x801'9ab5    0x16  Code  Gb  tcp.o [12]
tcp_eff_send_mss_impl    0x801'98e1    0x3e  Code  Gb  tcp.o [12]
tcp_enqueue_flags        0x801'ead7    0xfa  Code  Gb  tcp_out.o [12]
tcp_fasttmr              0x801'9463    0x6c  Code  Gb  tcp.o [12]
tcp_getoptbyte           0x802'0471    0x42  Code  Lc  tcp_in.o [12]
tcp_init                 0x801'8d0d     0x2  Code  Gb  tcp.o [12]
tcp_input                0x801'f259   0x4fe  Code  Gb  tcp_in.o [12]
tcp_input_pcb           0x2000'e1ac     0x4  Data  Gb  tcp_in.o [12]
tcp_keepalive            0x801'f107    0x5a  Code  Gb  tcp_out.o [12]
tcp_kill_prio            0x801'9607    0x5c  Code  Lc  tcp.o [12]
tcp_kill_state           0x801'9663    0x4e  Code  Lc  tcp.o [12]
tcp_kill_timewait        0x801'96b1    0x40  Code  Lc  tcp.o [12]
tcp_listen_closed        0x801'8d41    0x20  Code  Lc  tcp.o [12]
tcp_listen_input         0x801'f757   0x11e  Code  Lc  tcp_in.o [12]
tcp_listen_pcbs         0x2000'e18c     0x4  Data  Gb  tcp.o [12]
tcp_netif_ip_addr_changed
                         0x801'994d    0x4e  Code  Gb  tcp.o [12]
tcp_netif_ip_addr_changed_pcblist
                         0x801'991f    0x2e  Code  Lc  tcp.o [12]
tcp_next_iss             0x801'98cf    0x12  Code  Gb  tcp.o [12]
tcp_next_iss::iss       0x2000'00ec     0x4  Data  Lc  tcp.o [12]
tcp_optidx              0x2000'e1f2     0x2  Data  Lc  tcp_in.o [12]
tcp_output               0x801'ec57   0x23c  Code  Gb  tcp_out.o [12]
tcp_output_alloc_header
                         0x801'e94d    0x84  Code  Lc  tcp_out.o [12]
tcp_output_segment       0x801'ee93    0xca  Code  Lc  tcp_out.o [12]
tcp_parseopt             0x802'04bd    0xa8  Code  Lc  tcp_in.o [12]
tcp_pcb_lists            0x802'2ca4    0x10  Data  Gb  tcp.o [12]
tcp_pcb_purge            0x801'97f1    0x74  Code  Gb  tcp.o [12]
tcp_pcb_remove           0x801'9869    0x66  Code  Gb  tcp.o [12]
tcp_pcbs_sane            0x801'9c29     0x2  Code  Gb  tcp.o [12]
tcp_persist_backoff      0x802'2f84     0x8  Data  Lc  tcp.o [12]
tcp_process              0x801'f8ff   0x52e  Code  Lc  tcp_in.o [12]
tcp_process_refused_data
                         0x801'94dd    0xaa  Code  Gb  tcp.o [12]
tcp_receive              0x801'fe71   0x600  Code  Lc  tcp_in.o [12]
tcp_recv_null            0x801'95d5    0x32  Code  Gb  tcp.o [12]
tcp_recved               0x801'9073    0x58  Code  Gb  tcp.o [12]
tcp_remove_listener      0x801'8d2b    0x16  Code  Lc  tcp.o [12]
tcp_rexmit               0x801'f03f    0x5a  Code  Gb  tcp_out.o [12]
tcp_rexmit_fast          0x801'f099    0x6e  Code  Gb  tcp_out.o [12]
tcp_rexmit_rto           0x801'f007    0x38  Code  Gb  tcp_out.o [12]
tcp_rst                  0x801'ef69    0x9e  Code  Gb  tcp_out.o [12]
tcp_seg_free             0x801'95b7    0x1e  Code  Gb  tcp.o [12]
tcp_segs_free            0x801'95a1    0x16  Code  Gb  tcp.o [12]
tcp_send_empty_ack       0x801'ebd1    0x86  Code  Gb  tcp_out.o [12]
tcp_send_fin             0x801'e9d1    0x4a  Code  Gb  tcp_out.o [12]
tcp_slowtmr              0x801'90cb   0x398  Code  Gb  tcp.o [12]
tcp_state_str            0x802'1fbc    0x2c  Data  Lc  tcp.o [12]
tcp_ticks               0x2000'e184     0x4  Data  Gb  tcp.o [12]
tcp_timer               0x2000'e210     0x1  Data  Lc  tcp.o [12]
tcp_timer_ctr           0x2000'e211     0x1  Data  Lc  tcp.o [12]
tcp_timer_needed         0x801'5261    0x2a  Code  Gb  timeouts.o [12]
tcp_timewait_input       0x801'f875    0x8a  Code  Lc  tcp_in.o [12]
tcp_tmr                  0x801'8d0f    0x1c  Code  Gb  tcp.o [12]
tcp_trigger_input_pcb_close
                         0x802'0565     0xc  Code  Gb  tcp_in.o [12]
tcp_tw_pcbs             0x2000'e194     0x4  Data  Gb  tcp.o [12]
tcp_update_rcv_ann_wnd   0x801'9027    0x4c  Code  Gb  tcp.o [12]
tcp_zero_window_probe    0x801'f161    0xf8  Code  Gb  tcp_out.o [12]
tcphdr                  0x2000'e198     0x4  Data  Lc  tcp_in.o [12]
tcphdr_opt1len          0x2000'e1f0     0x2  Data  Lc  tcp_in.o [12]
tcphdr_opt2             0x2000'e19c     0x4  Data  Lc  tcp_in.o [12]
tcphdr_optlen           0x2000'e1ee     0x2  Data  Lc  tcp_in.o [12]
tcpip_tcp_timer          0x801'5235    0x2c  Code  Lc  timeouts.o [12]
tcpip_tcp_timer_active  0x2000'e1b8     0x4  Data  Lc  timeouts.o [12]
tcplen                  0x2000'e1f6     0x2  Data  Lc  tcp_in.o [12]
timeouts_last_time      0x2000'e1b4     0x4  Data  Lc  timeouts.o [12]
toggleLed100Red          0x801'59fd    0x10  Code  Gb  naranja_boron.o [2]
toggleLed75              0x801'59c9    0x10  Code  Gb  naranja_boron.o [2]
tolower                  0x802'1769    0x14  Code  Gb  tolower.o [15]
u16AmpSettingTick       0x2000'e1e8     0x2  Data  Gb  naranja_boron.o [2]
u16BatVol               0x2000'e1ea     0x2  Data  Gb  naranja_boron.o [2]
u16BatVolSum            0x2000'e158     0x4  Data  Gb  naranja_boron.o [2]
u16CntBatVol            0x2000'e1ec     0x2  Data  Gb  naranja_boron.o [2]
u16Led100UnderFlickerTick
                        0x2000'e1e6     0x2  Data  Gb  naranja_boron.o [2]
u16Led75UnderFlickerTick
                        0x2000'e1e4     0x2  Data  Gb  naranja_boron.o [2]
u16LedChangeTick        0x2000'e1e2     0x2  Data  Gb  naranja_boron.o [2]
uAudioPlayFlag          0x2000'e20d     0x1  Data  Gb  naranja_boron.o [2]
uDI_getMasterIn         0x2000'e20c     0x1  Data  Gb  naranja_boron.o [2]
udp_SysLog_Connect       0x801'6b35    0xd8  Code  Gb  udp_echoclient.o [2]
udp_SysLog_Connect::szBuf
                        0x2000'c040   0x400  Data  Lc  udp_echoclient.o [2]
udp_bind                 0x801'8ac5    0xce  Code  Gb  udp.o [12]
udp_connect              0x801'8b93    0x66  Code  Gb  udp.o [12]
udp_init                 0x801'8395     0x2  Code  Gb  udp.o [12]
udp_input                0x801'843d   0x4dc  Code  Gb  udp.o [12]
udp_input_local_match    0x801'83e7    0x56  Code  Lc  udp.o [12]
udp_netif_ip_addr_changed
                         0x801'8c61    0x34  Code  Gb  udp.o [12]
udp_new                  0x801'8c3b    0x26  Code  Gb  udp.o [12]
udp_new_port             0x801'8397    0x50  Code  Lc  udp.o [12]
udp_pcbs                0x2000'e1c4     0x4  Data  Gb  udp.o [12]
udp_port                0x2000'01ca     0x2  Data  Lc  udp.o [12]
udp_receive_callback     0x801'6c0d    0x2e  Code  Gb  udp_echoclient.o [2]
udp_recv                 0x801'8bf9     0x6  Code  Gb  udp.o [12]
udp_remove               0x801'8bff    0x3c  Code  Gb  udp.o [12]
udp_send                 0x801'8921    0x1e  Code  Gb  udp.o [12]
udp_sendto               0x801'893f    0x42  Code  Gb  udp.o [12]
udp_sendto_if            0x801'8981    0x64  Code  Gb  udp.o [12]
udp_sendto_if_src        0x801'89e5    0xe0  Code  Gb  udp.o [12]
upcb                    0x2000'e1cc     0x4  Data  Gb  udp_echoclient.o [2]
user_command_table      0x2000'0004    0x90  Data  Gb  cli.o [2]
uwTick                  0x2000'e180     0x4  Data  Gb  stm32f4xx_hal.o [7]
viaChargeState          0x2000'e20a     0x1  Data  Gb  naranja_boron.o [2]
vsprintf                 0x801'7c75    0x34  Code  Gb  vsprintf.o [15]


[1] = C:\D\Git_Hub\EPD_5_8\File\EWARM\STM324xG_EVAL\Obj\Application\EWARM
[2] = C:\D\Git_Hub\EPD_5_8\File\EWARM\STM324xG_EVAL\Obj\Application\User
[3] = C:\D\Git_Hub\EPD_5_8\File\EWARM\STM324xG_EVAL\Obj\Application\Utilities\Fonts
[4] = C:\D\Git_Hub\EPD_5_8\File\EWARM\STM324xG_EVAL\Obj\Drivers\BSP\Components
[5] = C:\D\Git_Hub\EPD_5_8\File\EWARM\STM324xG_EVAL\Obj\Drivers\BSP\STM324xG_EVAL
[6] = C:\D\Git_Hub\EPD_5_8\File\EWARM\STM324xG_EVAL\Obj\Drivers\CMSIS
[7] = C:\D\Git_Hub\EPD_5_8\File\EWARM\STM324xG_EVAL\Obj\Drivers\STM32F4xx_HAL_Driver
[8] = C:\D\Git_Hub\EPD_5_8\File\EWARM\STM324xG_EVAL\Obj\Drivers\display\Config
[9] = C:\D\Git_Hub\EPD_5_8\File\EWARM\STM324xG_EVAL\Obj\Drivers\display\Example
[10] = C:\D\Git_Hub\EPD_5_8\File\EWARM\STM324xG_EVAL\Obj\Drivers\display\GUI
[11] = C:\D\Git_Hub\EPD_5_8\File\EWARM\STM324xG_EVAL\Obj\Middlewares\LwIP\Api
[12] = C:\D\Git_Hub\EPD_5_8\File\EWARM\STM324xG_EVAL\Obj\Middlewares\LwIP\Core
[13] = C:\D\Git_Hub\EPD_5_8\File\EWARM\STM324xG_EVAL\Obj\Middlewares\LwIP\Core\IPv4
[14] = C:\D\Git_Hub\EPD_5_8\File\EWARM\STM324xG_EVAL\Obj\Middlewares\LwIP\Netif
[15] = dl7M_tlf.a
[16] = m7M_tls.a
[17] = rt7M_tl.a
[18] = shb_l.a

  72'521 bytes of readonly  code memory
   5'779 bytes of readonly  data memory
  66'068 bytes of readwrite data memory

Errors: none
Warnings: none
