###############################################################################
#
# IAR ELF Linker V9.30.1.335/W64 for ARM                  14/Jul/2023  19:51:09
# Copyright 2007-2022 IAR Systems AB.
#
#    Output file  =
#        C:\D\JDS_DATA\LEDC_EMU_TEST\File\EWARM\STM324xG_EVAL\Exe\Project.out
#    Map file     =
#        C:\D\JDS_DATA\LEDC_EMU_TEST\File\EWARM\STM324xG_EVAL\List\Project.map
#    Command line =
#        -f
#        C:\D\JDS_DATA\LEDC_EMU_TEST\File\EWARM\STM324xG_EVAL\Exe\Project.out.rsp
#        (C:\D\JDS_DATA\LEDC_EMU_TEST\File\EWARM\STM324xG_EVAL\Obj\Application\User\AmpGpio.o
#        C:\D\JDS_DATA\LEDC_EMU_TEST\File\EWARM\STM324xG_EVAL\Obj\Middlewares\LwIP\Api\api_lib.o
#        C:\D\JDS_DATA\LEDC_EMU_TEST\File\EWARM\STM324xG_EVAL\Obj\Middlewares\LwIP\Api\api_msg.o
#        C:\D\JDS_DATA\LEDC_EMU_TEST\File\EWARM\STM324xG_EVAL\Obj\Application\User\app_ethernet.o
#        C:\D\JDS_DATA\LEDC_EMU_TEST\File\EWARM\STM324xG_EVAL\Obj\Middlewares\LwIP\Core\IPv4\autoip.o
#        C:\D\JDS_DATA\LEDC_EMU_TEST\File\EWARM\STM324xG_EVAL\Obj\Application\User\CRC8.o
#        C:\D\JDS_DATA\LEDC_EMU_TEST\File\EWARM\STM324xG_EVAL\Obj\Application\User\debug_task.o
#        C:\D\JDS_DATA\LEDC_EMU_TEST\File\EWARM\STM324xG_EVAL\Obj\Middlewares\LwIP\Core\def.o
#        C:\D\JDS_DATA\LEDC_EMU_TEST\File\EWARM\STM324xG_EVAL\Obj\Drivers\display\Config\DEV_Config.o
#        C:\D\JDS_DATA\LEDC_EMU_TEST\File\EWARM\STM324xG_EVAL\Obj\Middlewares\LwIP\Core\IPv4\dhcp.o
#        C:\D\JDS_DATA\LEDC_EMU_TEST\File\EWARM\STM324xG_EVAL\Obj\Middlewares\LwIP\Core\dns.o
#        C:\D\JDS_DATA\LEDC_EMU_TEST\File\EWARM\STM324xG_EVAL\Obj\Middlewares\LwIP\Api\err.o
#        C:\D\JDS_DATA\LEDC_EMU_TEST\File\EWARM\STM324xG_EVAL\Obj\Middlewares\LwIP\Core\IPv4\etharp.o
#        C:\D\JDS_DATA\LEDC_EMU_TEST\File\EWARM\STM324xG_EVAL\Obj\Middlewares\LwIP\Netif\ethernet.o
#        C:\D\JDS_DATA\LEDC_EMU_TEST\File\EWARM\STM324xG_EVAL\Obj\Application\User\ethernetif.o
#        C:\D\JDS_DATA\LEDC_EMU_TEST\File\EWARM\STM324xG_EVAL\Obj\Application\User\Flash.o
#        C:\D\JDS_DATA\LEDC_EMU_TEST\File\EWARM\STM324xG_EVAL\Obj\Application\Utilities\Fonts\font12.o
#        C:\D\JDS_DATA\LEDC_EMU_TEST\File\EWARM\STM324xG_EVAL\Obj\Application\Utilities\Fonts\font12CN.o
#        C:\D\JDS_DATA\LEDC_EMU_TEST\File\EWARM\STM324xG_EVAL\Obj\Application\Utilities\Fonts\font16.o
#        C:\D\JDS_DATA\LEDC_EMU_TEST\File\EWARM\STM324xG_EVAL\Obj\Application\Utilities\Fonts\font20.o
#        C:\D\JDS_DATA\LEDC_EMU_TEST\File\EWARM\STM324xG_EVAL\Obj\Application\Utilities\Fonts\font24.o
#        C:\D\JDS_DATA\LEDC_EMU_TEST\File\EWARM\STM324xG_EVAL\Obj\Application\Utilities\Fonts\font24CN.o
#        C:\D\JDS_DATA\LEDC_EMU_TEST\File\EWARM\STM324xG_EVAL\Obj\Application\Utilities\Fonts\font8.o
#        C:\D\JDS_DATA\LEDC_EMU_TEST\File\EWARM\STM324xG_EVAL\Obj\Drivers\display\GUI\GUI_Paint.o
#        C:\D\JDS_DATA\LEDC_EMU_TEST\File\EWARM\STM324xG_EVAL\Obj\Application\User\I2C.o
#        C:\D\JDS_DATA\LEDC_EMU_TEST\File\EWARM\STM324xG_EVAL\Obj\Middlewares\LwIP\Core\IPv4\icmp.o
#        C:\D\JDS_DATA\LEDC_EMU_TEST\File\EWARM\STM324xG_EVAL\Obj\Middlewares\LwIP\Core\IPv4\igmp.o
#        C:\D\JDS_DATA\LEDC_EMU_TEST\File\EWARM\STM324xG_EVAL\Obj\Drivers\BSP\Components\ili9325.o
#        C:\D\JDS_DATA\LEDC_EMU_TEST\File\EWARM\STM324xG_EVAL\Obj\Drivers\display\Example\ImageData.o
#        C:\D\JDS_DATA\LEDC_EMU_TEST\File\EWARM\STM324xG_EVAL\Obj\Middlewares\LwIP\Core\inet_chksum.o
#        C:\D\JDS_DATA\LEDC_EMU_TEST\File\EWARM\STM324xG_EVAL\Obj\Middlewares\LwIP\Core\init.o
#        C:\D\JDS_DATA\LEDC_EMU_TEST\File\EWARM\STM324xG_EVAL\Obj\Middlewares\LwIP\Core\ip.o
#        C:\D\JDS_DATA\LEDC_EMU_TEST\File\EWARM\STM324xG_EVAL\Obj\Middlewares\LwIP\Core\IPv4\ip4.o
#        C:\D\JDS_DATA\LEDC_EMU_TEST\File\EWARM\STM324xG_EVAL\Obj\Middlewares\LwIP\Core\IPv4\ip4_addr.o
#        C:\D\JDS_DATA\LEDC_EMU_TEST\File\EWARM\STM324xG_EVAL\Obj\Middlewares\LwIP\Core\IPv4\ip4_frag.o
#        C:\D\JDS_DATA\LEDC_EMU_TEST\File\EWARM\STM324xG_EVAL\Obj\Application\User\main.o
#        C:\D\JDS_DATA\LEDC_EMU_TEST\File\EWARM\STM324xG_EVAL\Obj\Middlewares\LwIP\Core\mem.o
#        C:\D\JDS_DATA\LEDC_EMU_TEST\File\EWARM\STM324xG_EVAL\Obj\Middlewares\LwIP\Core\memp.o
#        C:\D\JDS_DATA\LEDC_EMU_TEST\File\EWARM\STM324xG_EVAL\Obj\Middlewares\LwIP\Api\netbuf.o
#        C:\D\JDS_DATA\LEDC_EMU_TEST\File\EWARM\STM324xG_EVAL\Obj\Middlewares\LwIP\Api\netdb.o
#        C:\D\JDS_DATA\LEDC_EMU_TEST\File\EWARM\STM324xG_EVAL\Obj\Middlewares\LwIP\Core\netif.o
#        C:\D\JDS_DATA\LEDC_EMU_TEST\File\EWARM\STM324xG_EVAL\Obj\Middlewares\LwIP\Api\netifapi.o
#        C:\D\JDS_DATA\LEDC_EMU_TEST\File\EWARM\STM324xG_EVAL\Obj\Drivers\display\OLED\OLED_1in3_c.o
#        C:\D\JDS_DATA\LEDC_EMU_TEST\File\EWARM\STM324xG_EVAL\Obj\Drivers\display\Example\OLED_1in3_c_test.o
#        C:\D\JDS_DATA\LEDC_EMU_TEST\File\EWARM\STM324xG_EVAL\Obj\Middlewares\LwIP\Core\pbuf.o
#        C:\D\JDS_DATA\LEDC_EMU_TEST\File\EWARM\STM324xG_EVAL\Obj\Middlewares\LwIP\Core\raw.o
#        C:\D\JDS_DATA\LEDC_EMU_TEST\File\EWARM\STM324xG_EVAL\Obj\Middlewares\LwIP\Api\sockets.o
#        C:\D\JDS_DATA\LEDC_EMU_TEST\File\EWARM\STM324xG_EVAL\Obj\Application\EWARM\startup_stm32f407xx.o
#        C:\D\JDS_DATA\LEDC_EMU_TEST\File\EWARM\STM324xG_EVAL\Obj\Middlewares\LwIP\Core\stats.o
#        C:\D\JDS_DATA\LEDC_EMU_TEST\File\EWARM\STM324xG_EVAL\Obj\Drivers\BSP\STM324xG_EVAL\stm324xg_eval.o
#        C:\D\JDS_DATA\LEDC_EMU_TEST\File\EWARM\STM324xG_EVAL\Obj\Drivers\BSP\STM324xG_EVAL\stm324xg_eval_io.o
#        C:\D\JDS_DATA\LEDC_EMU_TEST\File\EWARM\STM324xG_EVAL\Obj\Drivers\BSP\STM324xG_EVAL\stm324xg_eval_sram.o
#        C:\D\JDS_DATA\LEDC_EMU_TEST\File\EWARM\STM324xG_EVAL\Obj\Drivers\STM32F4xx_HAL_Driver\stm32f4xx_hal.o
#        C:\D\JDS_DATA\LEDC_EMU_TEST\File\EWARM\STM324xG_EVAL\Obj\Drivers\STM32F4xx_HAL_Driver\stm32f4xx_hal_adc.o
#        C:\D\JDS_DATA\LEDC_EMU_TEST\File\EWARM\STM324xG_EVAL\Obj\Drivers\STM32F4xx_HAL_Driver\stm32f4xx_hal_cortex.o
#        C:\D\JDS_DATA\LEDC_EMU_TEST\File\EWARM\STM324xG_EVAL\Obj\Drivers\STM32F4xx_HAL_Driver\stm32f4xx_hal_dma.o
#        C:\D\JDS_DATA\LEDC_EMU_TEST\File\EWARM\STM324xG_EVAL\Obj\Drivers\STM32F4xx_HAL_Driver\stm32f4xx_hal_dma_ex.o
#        C:\D\JDS_DATA\LEDC_EMU_TEST\File\EWARM\STM324xG_EVAL\Obj\Drivers\STM32F4xx_HAL_Driver\stm32f4xx_hal_eth.o
#        C:\D\JDS_DATA\LEDC_EMU_TEST\File\EWARM\STM324xG_EVAL\Obj\Drivers\STM32F4xx_HAL_Driver\stm32f4xx_hal_flash.o
#        C:\D\JDS_DATA\LEDC_EMU_TEST\File\EWARM\STM324xG_EVAL\Obj\Drivers\STM32F4xx_HAL_Driver\stm32f4xx_hal_flash_ex.o
#        C:\D\JDS_DATA\LEDC_EMU_TEST\File\EWARM\STM324xG_EVAL\Obj\Drivers\STM32F4xx_HAL_Driver\stm32f4xx_hal_gpio.o
#        C:\D\JDS_DATA\LEDC_EMU_TEST\File\EWARM\STM324xG_EVAL\Obj\Drivers\STM32F4xx_HAL_Driver\stm32f4xx_hal_i2c.o
#        C:\D\JDS_DATA\LEDC_EMU_TEST\File\EWARM\STM324xG_EVAL\Obj\Drivers\STM32F4xx_HAL_Driver\stm32f4xx_hal_i2c_ex.o
#        C:\D\JDS_DATA\LEDC_EMU_TEST\File\EWARM\STM324xG_EVAL\Obj\Drivers\STM32F4xx_HAL_Driver\stm32f4xx_hal_i2s.o
#        C:\D\JDS_DATA\LEDC_EMU_TEST\File\EWARM\STM324xG_EVAL\Obj\Drivers\STM32F4xx_HAL_Driver\stm32f4xx_hal_i2s_ex.o
#        C:\D\JDS_DATA\LEDC_EMU_TEST\File\EWARM\STM324xG_EVAL\Obj\Application\User\stm32f4xx_hal_msp.o
#        C:\D\JDS_DATA\LEDC_EMU_TEST\File\EWARM\STM324xG_EVAL\Obj\Drivers\STM32F4xx_HAL_Driver\stm32f4xx_hal_pwr.o
#        C:\D\JDS_DATA\LEDC_EMU_TEST\File\EWARM\STM324xG_EVAL\Obj\Drivers\STM32F4xx_HAL_Driver\stm32f4xx_hal_pwr_ex.o
#        C:\D\JDS_DATA\LEDC_EMU_TEST\File\EWARM\STM324xG_EVAL\Obj\Drivers\STM32F4xx_HAL_Driver\stm32f4xx_hal_rcc.o
#        C:\D\JDS_DATA\LEDC_EMU_TEST\File\EWARM\STM324xG_EVAL\Obj\Drivers\STM32F4xx_HAL_Driver\stm32f4xx_hal_rcc_ex.o
#        C:\D\JDS_DATA\LEDC_EMU_TEST\File\EWARM\STM324xG_EVAL\Obj\Drivers\STM32F4xx_HAL_Driver\stm32f4xx_hal_rtc.o
#        C:\D\JDS_DATA\LEDC_EMU_TEST\File\EWARM\STM324xG_EVAL\Obj\Drivers\STM32F4xx_HAL_Driver\stm32f4xx_hal_rtc_ex.o
#        C:\D\JDS_DATA\LEDC_EMU_TEST\File\EWARM\STM324xG_EVAL\Obj\Drivers\STM32F4xx_HAL_Driver\stm32f4xx_hal_spi.o
#        C:\D\JDS_DATA\LEDC_EMU_TEST\File\EWARM\STM324xG_EVAL\Obj\Drivers\STM32F4xx_HAL_Driver\stm32f4xx_hal_sram.o
#        C:\D\JDS_DATA\LEDC_EMU_TEST\File\EWARM\STM324xG_EVAL\Obj\Drivers\STM32F4xx_HAL_Driver\stm32f4xx_hal_tim.o
#        C:\D\JDS_DATA\LEDC_EMU_TEST\File\EWARM\STM324xG_EVAL\Obj\Drivers\STM32F4xx_HAL_Driver\stm32f4xx_hal_tim_ex.o
#        C:\D\JDS_DATA\LEDC_EMU_TEST\File\EWARM\STM324xG_EVAL\Obj\Drivers\STM32F4xx_HAL_Driver\stm32f4xx_hal_uart.o
#        C:\D\JDS_DATA\LEDC_EMU_TEST\File\EWARM\STM324xG_EVAL\Obj\Drivers\STM32F4xx_HAL_Driver\stm32f4xx_hal_wwdg.o
#        C:\D\JDS_DATA\LEDC_EMU_TEST\File\EWARM\STM324xG_EVAL\Obj\Application\User\stm32f4xx_it.o
#        C:\D\JDS_DATA\LEDC_EMU_TEST\File\EWARM\STM324xG_EVAL\Obj\Drivers\STM32F4xx_HAL_Driver\stm32f4xx_ll_fsmc.o
#        C:\D\JDS_DATA\LEDC_EMU_TEST\File\EWARM\STM324xG_EVAL\Obj\Drivers\BSP\Components\stmpe811.o
#        C:\D\JDS_DATA\LEDC_EMU_TEST\File\EWARM\STM324xG_EVAL\Obj\Middlewares\LwIP\Core\sys.o
#        C:\D\JDS_DATA\LEDC_EMU_TEST\File\EWARM\STM324xG_EVAL\Obj\Drivers\CMSIS\system_stm32f4xx.o
#        C:\D\JDS_DATA\LEDC_EMU_TEST\File\EWARM\STM324xG_EVAL\Obj\Middlewares\LwIP\Core\tcp.o
#        C:\D\JDS_DATA\LEDC_EMU_TEST\File\EWARM\STM324xG_EVAL\Obj\Application\User\tcp_echoserver.o
#        C:\D\JDS_DATA\LEDC_EMU_TEST\File\EWARM\STM324xG_EVAL\Obj\Middlewares\LwIP\Core\tcp_in.o
#        C:\D\JDS_DATA\LEDC_EMU_TEST\File\EWARM\STM324xG_EVAL\Obj\Middlewares\LwIP\Core\tcp_out.o
#        C:\D\JDS_DATA\LEDC_EMU_TEST\File\EWARM\STM324xG_EVAL\Obj\Middlewares\LwIP\Api\tcpip.o
#        C:\D\JDS_DATA\LEDC_EMU_TEST\File\EWARM\STM324xG_EVAL\Obj\Middlewares\LwIP\Core\tftp_server.o
#        C:\D\JDS_DATA\LEDC_EMU_TEST\File\EWARM\STM324xG_EVAL\Obj\Middlewares\LwIP\Core\timeouts.o
#        C:\D\JDS_DATA\LEDC_EMU_TEST\File\EWARM\STM324xG_EVAL\Obj\Application\User\Timer.o
#        C:\D\JDS_DATA\LEDC_EMU_TEST\File\EWARM\STM324xG_EVAL\Obj\Middlewares\LwIP\Core\udp.o
#        C:\D\JDS_DATA\LEDC_EMU_TEST\File\EWARM\STM324xG_EVAL\Obj\Application\User\udp_echoclient.o
#        C:\D\JDS_DATA\LEDC_EMU_TEST\File\EWARM\STM324xG_EVAL\Obj\Application\User\USRAT.o
#        C:\D\JDS_DATA\LEDC_EMU_TEST\File\EWARM\STM324xG_EVAL\Obj\Application\User\WWDG.o
#        --redirect _Printf=_PrintfFullNoMb --redirect _Scanf=_ScanfFullNoMb
#        --no_out_extension -o
#        C:\D\JDS_DATA\LEDC_EMU_TEST\File\EWARM\STM324xG_EVAL\Exe\Project.out
#        --map
#        C:\D\JDS_DATA\LEDC_EMU_TEST\File\EWARM\STM324xG_EVAL\List\Project.map
#        --config C:\D\JDS_DATA\LEDC_EMU_TEST\File\EWARM\stm32f407xx_flash.icf
#        --semihosting --entry __iar_program_start --vfe --text_out locale
#        --cpu=Cortex-M4 --fpu=VFPv4_sp)
#
###############################################################################

*******************************************************************************
*** RUNTIME MODEL ATTRIBUTES
***

CppFlavor       = *
__CPP_Runtime   = 1
__SystemLibrary = DLib
__dlib_version  = 6


*******************************************************************************
*** HEAP SELECTION
***

The basic heap was selected because --advanced_heap
was not specified and the application did not appear to
be primarily optimized for speed.


*******************************************************************************
*** PLACEMENT SUMMARY
***

"A0":  place at address 0x801'0000 { ro section .intvec };
"P1":  place in [from 0x801'0000 to 0x80f'ffff] { ro };
define block CSTACK with size = 8K, alignment = 8 { };
define block HEAP with size = 1K, alignment = 8 { };
"P2":  place in [from 0x2000'0000 to 0x2001'ffff] {
          rw, block CSTACK, block HEAP };
initialize by copy { rw };

  Section            Kind         Address      Size  Object
  -------            ----         -------      ----  ------
"A0":                                         0x188
  .intvec            ro code   0x801'0000     0x188  startup_stm32f407xx.o [1]
                             - 0x801'0188     0x188

"P1":                                      0x1'056b
  .text              ro code   0x801'0188    0x1898  stm32f4xx_hal_i2c.o [7]
  .text              ro code   0x801'1a20     0x1b4  stm32f4xx_hal_msp.o [2]
  .text              ro code   0x801'1bd4     0x1d0  stm32f4xx_hal_rcc.o [7]
  .text              ro code   0x801'1da4       0xc  stm32f4xx_hal.o [7]
  .text              ro code   0x801'1db0       0x2  stm32f4xx_hal_i2c.o [7]
  .text              ro code   0x801'1db2       0x2  stm32f4xx_hal_i2c.o [7]
  .text              ro code   0x801'1db4       0x2  stm32f4xx_hal_i2c.o [7]
  .text              ro code   0x801'1db6       0x2  stm32f4xx_hal_i2c.o [7]
  .text              ro code   0x801'1db8       0x2  stm32f4xx_hal_i2c.o [7]
  .text              ro code   0x801'1dba       0x2  stm32f4xx_hal_i2c.o [7]
  .text              ro code   0x801'1dbc       0x2  stm32f4xx_hal_i2c.o [7]
  .text              ro code   0x801'1dbe       0x2  stm32f4xx_hal_i2c.o [7]
  .text              ro code   0x801'1dc0     0x240  stm32f4xx_hal_dma.o [7]
  .text              ro code   0x801'2000       0x2  stm32f4xx_hal_i2c.o [7]
  .text              ro code   0x801'2002       0x2  stm32f4xx_hal_i2c.o [7]
  .text              ro code   0x801'2004     0x1b0  stm32f4xx_hal_cortex.o [7]
  .text              ro code   0x801'21b4     0x2dc  stm32f4xx_hal_tim.o [7]
  .text              ro code   0x801'2490      0x66  ABImemset.o [18]
  .text              ro code   0x801'24f6      0x3a  packbits_init_single.o [18]
  .text              ro code   0x801'2530     0x290  stm32f4xx_hal_gpio.o [7]
  .text              ro code   0x801'27c0      0x84  stm32f4xx_hal_rcc.o [7]
  .text              ro code   0x801'2844      0x28  stm32f4xx_hal.o [7]
  .text              ro code   0x801'286c       0x2  stm32f4xx_hal_tim.o [7]
  .text              ro code   0x801'286e       0x2  stm32f4xx_hal_tim.o [7]
  .text              ro code   0x801'2870       0x2  stm32f4xx_hal_tim.o [7]
  .text              ro code   0x801'2872       0xa  xsprout.o [16]
  .text              ro code   0x801'287c      0xf4  Timer.o [2]
  .text              ro code   0x801'2970       0x2  stm32f4xx_hal_tim_ex.o [7]
  .text              ro code   0x801'2972       0x2  stm32f4xx_hal_tim.o [7]
  .text              ro code   0x801'2974       0x2  stm32f4xx_hal_tim_ex.o [7]
  .rodata            const     0x801'2976       0x2  xlocale_c.o [16]
  .text              ro code   0x801'2978     0x816  main.o [2]
  .text              ro code   0x801'318e      0x1e  stm32f4xx_hal.o [7]
  .text              ro code   0x801'31ac      0x3e  Flash.o [2]
  .rodata            const     0x801'31ea       0x1  xlocale_c.o [16]
  .text              ro code   0x801'31ec     0x6e0  USRAT.o [2]
  .text              ro code   0x801'38cc      0x38  stm32f4xx_hal.o [7]
  .text              ro code   0x801'3904      0x1c  init.o [13]
  .text              ro code   0x801'3920     0x1d0  app_ethernet.o [2]
  .text              ro code   0x801'3af0     0x58c  I2C.o [2]
  .text              ro code   0x801'407c      0x40  sprintf.o [16]
  .text              ro code   0x801'40bc     0x630  ethernetif.o [2]
  .text              ro code   0x801'46ec     0x1e8  timeouts.o [13]
  .text              ro code   0x801'48d4     0x222  netif.o [13]
  .text              ro code   0x801'4af8     0x34c  stm32f4xx_hal_rcc.o [7]
  .text              ro code   0x801'4e44     0x20c  AmpGpio.o [2]
  .text              ro code   0x801'5050     0x110  ip4_addr.o [14]
  .text              ro code   0x801'5160     0x128  udp_echoclient.o [2]
  .text              ro code   0x801'5288     0x368  stm32f4xx_hal_rtc.o [7]
  .text              ro code   0x801'55f0     0x21c  debug_task.o [2]
  .text              ro code   0x801'580c     0x194  stm32f4xx_hal_flash_ex.o [7]
  .text              ro code   0x801'59a0     0x6d4  stm32f4xx_hal_uart.o [7]
  .text              ro code   0x801'6074      0x2a  strncmp.o [16]
  .text              ro code   0x801'60a0      0xa6  ABImemcpy.o [18]
  .text              ro code   0x801'6148      0x34  vsprintf.o [16]
  .text              ro code   0x801'617c      0x36  strlen.o [18]
  .text              ro code   0x801'61b2       0x2  stm32f4xx_hal.o [7]
  .text              ro code   0x801'61b4     0x330  mem.o [13]
  .text              ro code   0x801'64e4      0xbc  memp.o [13]
  .text              ro code   0x801'65a0     0x978  udp.o [13]
  .text              ro code   0x801'6f18     0xd3a  tcp.o [13]
  .text              ro code   0x801'7c54    0x1292  dhcp.o [14]
  .text              ro code   0x801'8ee8      0x48  FltToDbl.o [17]
  .text              ro code   0x801'8f30     0x246  DblDiv.o [17]
  .text              ro code   0x801'9178      0x36  DblToS32.o [17]
  .text              ro code   0x801'91b0     0xeaa  xprintffull_nomb.o [16]
  .text              ro code   0x801'a05c     0xc44  stm32f4xx_hal_eth.o [7]
  .text              ro code   0x801'aca0     0x6b2  pbuf.o [13]
  .text              ro code   0x801'b354     0x114  raw.o [13]
  .text              ro code   0x801'b468     0x9ac  etharp.o [14]
  .text              ro code   0x801'be14       0x2  stm32f4xx_hal_rtc_ex.o [7]
  .text              ro code   0x801'be18      0xc0  stm32f4xx_hal_flash.o [7]
  .text              ro code   0x801'bed8      0x2c  def.o [13]
  .text              ro code   0x801'bf04     0x286  icmp.o [14]
  .text              ro code   0x801'c18c     0x3e8  ip4.o [14]
  .text              ro code   0x801'c574     0x90c  tcp_out.o [13]
  .text              ro code   0x801'ce80    0x1348  tcp_in.o [13]
  .text              ro code   0x801'e1c8      0x9c  rand.o [16]
  .text              ro code   0x801'e264      0x16  strchr.o [18]
  .text              ro code   0x801'e27c      0x40  xfail_s.o [16]
  .text              ro code   0x801'e2bc      0x58  memchr.o [18]
  .text              ro code   0x801'e314      0x70  frexp.o [17]
  .text              ro code   0x801'e384      0x34  DblCmpLe.o [17]
  .text              ro code   0x801'e3b8      0x34  DblCmpGe.o [17]
  .text              ro code   0x801'e3ec     0x13a  ldexp.o [17]
  .text              ro code   0x801'e528      0x22  S32ToDbl.o [17]
  .text              ro code   0x801'e54c     0x24e  DblAddSub.o [17]
  .text              ro code   0x801'e79c      0x22  DblToU32.o [17]
  .text              ro code   0x801'e7c0      0x1c  U32ToDbl.o [17]
  .text              ro code   0x801'e7dc     0x1aa  DblMul.o [17]
  .text              ro code   0x801'e988       0x8  xlocale_c.o [16]
  .text              ro code   0x801'e990     0x230  I64DivMod.o [18]
  .text              ro code   0x801'ebc0     0x146  ethernet.o [15]
  .text              ro code   0x801'ed06      0xca  inet_chksum.o [13]
  .text              ro code   0x801'edd0     0x760  ip4_frag.o [14]
  .text              ro code   0x801'f530       0x6  abort.o [16]
  .text              ro code   0x801'f538       0x2  I64DivZer.o [18]
  .text              ro code   0x801'f53c      0x68  memcmp.o [18]
  .text              ro code   0x801'f5a4      0x14  exit.o [19]
  .text              ro code   0x801'f5b8      0x2c  iarttio.o [19]
  .text              ro code   0x801'f5e4       0x8  XShttio.o [16]
  .text              ro code   0x801'f5ec      0x7c  stm32f4xx_it.o [2]
  .text              ro code   0x801'f668      0x10  stm32f4xx_hal.o [7]
  .text              ro code   0x801'f678      0x64  system_stm32f4xx.o [6]
  .rodata            const     0x801'f6dc      0x4c  main.o [2]
  .rodata            const     0x801'f728      0x3c  I2C.o [2]
  .rodata            const     0x801'f764      0x3c  tcp.o [13]
  .rodata            const     0x801'f7a0      0x38  app_ethernet.o [2]
  .rodata            const     0x801'f7d8      0x38  tcp.o [13]
  .rodata            const     0x801'f810      0x38  tcp.o [13]
  .text              ro code   0x801'f848      0x38  zero_init3.o [18]
  .rodata            const     0x801'f880      0x34  app_ethernet.o [2]
  .rodata            const     0x801'f8b4      0x34  app_ethernet.o [2]
  .rodata            const     0x801'f8e8      0x34  app_ethernet.o [2]
  .rodata            const     0x801'f91c      0x34  main.o [2]
  .rodata            const     0x801'f950      0x34  tcp.o [13]
  .rodata            const     0x801'f984      0x34  tcp.o [13]
  .rodata            const     0x801'f9b8      0x34  tcp.o [13]
  .rodata            const     0x801'f9ec      0x34  tcp.o [13]
  .rodata            const     0x801'fa20      0x30  main.o [2]
  .rodata            const     0x801'fa50      0x30  main.o [2]
  .rodata            const     0x801'fa80      0x30  tcp.o [13]
  .rodata            const     0x801'fab0      0x30  tcp.o [13]
  .rodata            const     0x801'fae0      0x30  tcp.o [13]
  .text              ro code   0x801'fb10      0x30  stm32f4xx_hal_wwdg.o [7]
  .text              ro code   0x801'fb40      0x26  WWDG.o [2]
  .rodata            const     0x801'fb68      0x2c  I2C.o [2]
  .rodata            const     0x801'fb94      0x2c  tcp.o [13]
  .rodata            const     0x801'fbc0      0x2c  tcp.o [13]
  .rodata            const     0x801'fbec      0x28  app_ethernet.o [2]
  .rodata            const     0x801'fc14      0x28  I2C.o [2]
  .rodata            const     0x801'fc3c      0x28  I2C.o [2]
  .rodata            const     0x801'fc64      0x28  main.o [2]
  .rodata            const     0x801'fc8c      0x28  memp.o [13]
  .rodata            const     0x801'fcb4      0x28  tcp.o [13]
  .rodata            const     0x801'fcdc      0x28  tcp.o [13]
  .rodata            const     0x801'fd04      0x28  tcp.o [13]
  .rodata            const     0x801'fd2c      0x28  tcp.o [13]
  .rodata            const     0x801'fd54      0x28  timeouts.o [13]
  .text              ro code   0x801'fd7c      0x28  data_init.o [18]
  .rodata            const     0x801'fda4      0x24  ethernetif.o [2]
  .rodata            const     0x801'fdc8      0x24  I2C.o [2]
  .rodata            const     0x801'fdec      0x24  main.o [2]
  .rodata            const     0x801'fe10      0x24  main.o [2]
  .rodata            const     0x801'fe34      0x24  main.o [2]
  .rodata            const     0x801'fe58      0x24  tcp.o [13]
  .rodata            const     0x801'fe7c      0x24  tcp.o [13]
  .rodata            const     0x801'fea0      0x24  tcp.o [13]
  .rodata            const     0x801'fec4      0x24  tcp.o [13]
  .rodata            const     0x801'fee8      0x24  udp.o [13]
  .rodata            const     0x801'ff0c      0x24  udp_echoclient.o [2]
  .rodata            const     0x801'ff30      0x24  udp_echoclient.o [2]
  .text              ro code   0x801'ff54      0x22  fpinit_M.o [17]
  .iar.init_table    const     0x801'ff78      0x20  - Linker created -
  .rodata            const     0x801'ff98      0x20  app_ethernet.o [2]
  .rodata            const     0x801'ffb8      0x20  app_ethernet.o [2]
  .rodata            const     0x801'ffd8      0x20  app_ethernet.o [2]
  .rodata            const     0x801'fff8      0x20  main.o [2]
  .rodata            const     0x802'0018      0x20  tcp.o [13]
  .rodata            const     0x802'0038      0x20  tcp.o [13]
  .text              ro code   0x802'0058      0x1e  cmain.o [18]
  .text              ro code   0x802'0076       0x4  low_level_init.o [16]
  .text              ro code   0x802'007a       0x4  exit.o [16]
  .text              ro code   0x802'0080       0xa  cexit.o [18]
  .rodata            const     0x802'008c      0x1c  debug_task.o [2]
  .rodata            const     0x802'00a8      0x1c  debug_task.o [2]
  .rodata            const     0x802'00c4      0x1c  I2C.o [2]
  .rodata            const     0x802'00e0      0x1c  main.o [2]
  .rodata            const     0x802'00fc      0x1c  main.o [2]
  .rodata            const     0x802'0118      0x1c  main.o [2]
  .rodata            const     0x802'0134      0x1c  main.o [2]
  .rodata            const     0x802'0150      0x1c  main.o [2]
  .rodata            const     0x802'016c      0x1c  main.o [2]
  .rodata            const     0x802'0188      0x1c  tcp.o [13]
  .rodata            const     0x802'01a4      0x1c  tcp.o [13]
  .text              ro code   0x802'01c0      0x1c  cstartup_M.o [18]
  .rodata            const     0x802'01dc      0x18  I2C.o [2]
  .rodata            const     0x802'01f4      0x18  I2C.o [2]
  .rodata            const     0x802'020c      0x18  main.o [2]
  .rodata            const     0x802'0224      0x18  tcp.o [13]
  .rodata            const     0x802'023c      0x18  udp.o [13]
  .rodata            const     0x802'0254      0x14  I2C.o [2]
  .rodata            const     0x802'0268      0x14  udp.o [13]
  .rodata            const     0x802'027c      0x14  udp.o [13]
  .rodata            const     0x802'0290      0x14  udp.o [13]
  .rodata            const     0x802'02a4      0x14  udp.o [13]
  .rodata            const     0x802'02b8      0x10  I2C.o [2]
  .rodata            const     0x802'02c8      0x10  I2C.o [2]
  .rodata            const     0x802'02d8      0x10  main.o [2]
  .rodata            const     0x802'02e8      0x10  main.o [2]
  .rodata            const     0x802'02f8      0x10  main.o [2]
  .rodata            const     0x802'0308      0x10  main.o [2]
  .rodata            const     0x802'0318      0x10  system_stm32f4xx.o [6]
  .rodata            const     0x802'0328      0x10  tcp.o [13]
  .rodata            const     0x802'0338      0x10  tcp.o [13]
  .rodata            const     0x802'0348      0x10  tcp.o [13]
  .rodata            const     0x802'0358      0x10  udp.o [13]
  .rodata            const     0x802'0368      0x10  udp.o [13]
  .rodata            const     0x802'0378      0x10  udp.o [13]
  .rodata            const     0x802'0388      0x10  udp.o [13]
  .text              ro code   0x802'0398      0x10  startup_stm32f407xx.o [1]
  .rodata            const     0x802'03a8       0xc  I2C.o [2]
  .rodata            const     0x802'03b4       0xc  main.o [2]
  .rodata            const     0x802'03c0       0xc  memp.o [13]
  .rodata            const     0x802'03cc       0xc  memp.o [13]
  .rodata            const     0x802'03d8       0xc  memp.o [13]
  .rodata            const     0x802'03e4       0xc  memp.o [13]
  .rodata            const     0x802'03f0       0xc  memp.o [13]
  .rodata            const     0x802'03fc       0xc  memp.o [13]
  .rodata            const     0x802'0408       0xc  memp.o [13]
  .rodata            const     0x802'0414       0xc  memp.o [13]
  .rodata            const     0x802'0420       0xc  memp.o [13]
  .rodata            const     0x802'042c       0xc  memp.o [13]
  .rodata            const     0x802'0438       0xc  tcp.o [13]
  .rodata            const     0x802'0444       0xc  tcp.o [13]
  .rodata            const     0x802'0450       0xc  tcp.o [13]
  .rodata            const     0x802'045c       0xc  tcp.o [13]
  .rodata            const     0x802'0468       0xc  tcp.o [13]
  .rodata            const     0x802'0474       0xc  tcp.o [13]
  .rodata            const     0x802'0480       0xc  tcp.o [13]
  .rodata            const     0x802'048c       0xc  tcp.o [13]
  .rodata            const     0x802'0498       0xc  tcp.o [13]
  .rodata            const     0x802'04a4       0xc  udp.o [13]
  .rodata            const     0x802'04b0       0xc  udp.o [13]
  .rodata            const     0x802'04bc       0xc  udp.o [13]
  .rodata            const     0x802'04c8       0xc  udp.o [13]
  .rodata            const     0x802'04d4       0xc  udp.o [13]
  .rodata            const     0x802'04e0       0x8  ethernet.o [15]
  .rodata            const     0x802'04e8       0x8  ethernet.o [15]
  .rodata            const     0x802'04f0       0x8  ethernetif.o [2]
  .rodata            const     0x802'04f8       0x8  main.o [2]
  .rodata            const     0x802'0500       0x8  main.o [2]
  .rodata            const     0x802'0508       0x8  main.o [2]
  .rodata            const     0x802'0510       0x8  main.o [2]
  .rodata            const     0x802'0518       0x8  main.o [2]
  .rodata            const     0x802'0520       0x8  main.o [2]
  .rodata            const     0x802'0528       0x8  system_stm32f4xx.o [6]
  .rodata            const     0x802'0530       0x8  tcp.o [13]
  .rodata            const     0x802'0538       0x8  tcp.o [13]
  .rodata            const     0x802'0540       0x8  tcp.o [13]
  .rodata            const     0x802'0548       0x8  tcp.o [13]
  .rodata            const     0x802'0550       0x8  udp.o [13]
  .rodata            const     0x802'0558       0x8  udp.o [13]
  .rodata            const     0x802'0560       0x8  udp.o [13]
  .rodata            const     0x802'0568       0x8  udp.o [13]
  .rodata            const     0x802'0570       0x8  udp.o [13]
  .rodata            const     0x802'0578       0x8  USRAT.o [2]
  .rodata            const     0x802'0580       0x4  ip4_addr.o [14]
  .rodata            const     0x802'0584       0x4  ip4_addr.o [14]
  .text              ro code   0x802'0588       0x4  startup_stm32f407xx.o [1]
  .text              ro code   0x802'058c       0x4  startup_stm32f407xx.o [1]
  .text              ro code   0x802'0590       0x4  startup_stm32f407xx.o [1]
  .text              ro code   0x802'0594       0x4  startup_stm32f407xx.o [1]
  .text              ro code   0x802'0598       0x4  startup_stm32f407xx.o [1]
  .text              ro code   0x802'059c       0x4  startup_stm32f407xx.o [1]
  .text              ro code   0x802'05a0       0x4  startup_stm32f407xx.o [1]
  .text              ro code   0x802'05a4       0x4  startup_stm32f407xx.o [1]
  .text              ro code   0x802'05a8       0x4  startup_stm32f407xx.o [1]
  .text              ro code   0x802'05ac       0x4  startup_stm32f407xx.o [1]
  .text              ro code   0x802'05b0       0x4  startup_stm32f407xx.o [1]
  .text              ro code   0x802'05b4       0x4  startup_stm32f407xx.o [1]
  .text              ro code   0x802'05b8       0x4  startup_stm32f407xx.o [1]
  .text              ro code   0x802'05bc       0x4  startup_stm32f407xx.o [1]
  .text              ro code   0x802'05c0       0x4  startup_stm32f407xx.o [1]
  .text              ro code   0x802'05c4       0x4  startup_stm32f407xx.o [1]
  .text              ro code   0x802'05c8       0x4  startup_stm32f407xx.o [1]
  .text              ro code   0x802'05cc       0x4  startup_stm32f407xx.o [1]
  .text              ro code   0x802'05d0       0x4  startup_stm32f407xx.o [1]
  .text              ro code   0x802'05d4       0x4  startup_stm32f407xx.o [1]
  .text              ro code   0x802'05d8       0x4  startup_stm32f407xx.o [1]
  .text              ro code   0x802'05dc       0x4  startup_stm32f407xx.o [1]
  .text              ro code   0x802'05e0       0x4  startup_stm32f407xx.o [1]
  .text              ro code   0x802'05e4       0x4  startup_stm32f407xx.o [1]
  .text              ro code   0x802'05e8       0x4  startup_stm32f407xx.o [1]
  .text              ro code   0x802'05ec       0x4  startup_stm32f407xx.o [1]
  .text              ro code   0x802'05f0       0x4  startup_stm32f407xx.o [1]
  .text              ro code   0x802'05f4       0x4  startup_stm32f407xx.o [1]
  .text              ro code   0x802'05f8       0x4  startup_stm32f407xx.o [1]
  .text              ro code   0x802'05fc       0x4  startup_stm32f407xx.o [1]
  .text              ro code   0x802'0600       0x4  startup_stm32f407xx.o [1]
  .text              ro code   0x802'0604       0x4  startup_stm32f407xx.o [1]
  .text              ro code   0x802'0608       0x4  startup_stm32f407xx.o [1]
  .text              ro code   0x802'060c       0x4  startup_stm32f407xx.o [1]
  .text              ro code   0x802'0610       0x4  startup_stm32f407xx.o [1]
  .text              ro code   0x802'0614       0x4  startup_stm32f407xx.o [1]
  .text              ro code   0x802'0618       0x4  startup_stm32f407xx.o [1]
  .text              ro code   0x802'061c       0x4  startup_stm32f407xx.o [1]
  .text              ro code   0x802'0620       0x4  startup_stm32f407xx.o [1]
  .text              ro code   0x802'0624       0x4  startup_stm32f407xx.o [1]
  .text              ro code   0x802'0628       0x4  startup_stm32f407xx.o [1]
  .text              ro code   0x802'062c       0x4  startup_stm32f407xx.o [1]
  .text              ro code   0x802'0630       0x4  startup_stm32f407xx.o [1]
  .text              ro code   0x802'0634       0x4  startup_stm32f407xx.o [1]
  .text              ro code   0x802'0638       0x4  startup_stm32f407xx.o [1]
  .text              ro code   0x802'063c       0x4  startup_stm32f407xx.o [1]
  .text              ro code   0x802'0640       0x4  startup_stm32f407xx.o [1]
  .text              ro code   0x802'0644       0x4  startup_stm32f407xx.o [1]
  .text              ro code   0x802'0648       0x4  startup_stm32f407xx.o [1]
  .text              ro code   0x802'064c       0x4  startup_stm32f407xx.o [1]
  .text              ro code   0x802'0650       0x4  startup_stm32f407xx.o [1]
  .text              ro code   0x802'0654       0x4  startup_stm32f407xx.o [1]
  .text              ro code   0x802'0658       0x4  startup_stm32f407xx.o [1]
  .text              ro code   0x802'065c       0x4  startup_stm32f407xx.o [1]
  .text              ro code   0x802'0660       0x4  startup_stm32f407xx.o [1]
  .text              ro code   0x802'0664       0x4  startup_stm32f407xx.o [1]
  .text              ro code   0x802'0668       0x4  startup_stm32f407xx.o [1]
  .text              ro code   0x802'066c       0x4  startup_stm32f407xx.o [1]
  .text              ro code   0x802'0670       0x4  startup_stm32f407xx.o [1]
  .text              ro code   0x802'0674       0x4  startup_stm32f407xx.o [1]
  .text              ro code   0x802'0678       0x4  startup_stm32f407xx.o [1]
  .text              ro code   0x802'067c       0x4  startup_stm32f407xx.o [1]
  .text              ro code   0x802'0680       0x4  startup_stm32f407xx.o [1]
  .text              ro code   0x802'0684       0x4  startup_stm32f407xx.o [1]
  .text              ro code   0x802'0688       0x4  startup_stm32f407xx.o [1]
  .text              ro code   0x802'068c       0x4  startup_stm32f407xx.o [1]
  .rodata            const     0x802'0690       0x0  zero_init3.o [18]
  .rodata            const     0x802'0690       0x0  packbits_init_single.o [18]
  Initializer bytes  const     0x802'0690      0x63  <for P2-1>
                             - 0x802'06f3  0x1'056b

"P2", part 1 of 3:                             0x96
  P2-1                        0x2000'0000      0x96  <Init block>
    .data            inited   0x2000'0000       0x4  dhcp.o [14]
    .data            inited   0x2000'0004       0x4  Flash.o [2]
    .data            inited   0x2000'0008       0x4  I2C.o [2]
    .data            inited   0x2000'000c      0x34  main.o [2]
    .data            inited   0x2000'0040       0x4  system_stm32f4xx.o [6]
    .data            inited   0x2000'0044       0x4  tcp.o [13]
    .data            inited   0x2000'0048       0x8  rand.o [16]
    .data            inited   0x2000'0050      0x38  xlocale_c.o [16]
    .data            inited   0x2000'0088       0x8  XShttio.o [16]
    .data            inited   0x2000'0090       0x2  Flash.o [2]
    .data            inited   0x2000'0092       0x2  udp.o [13]
    .data            inited   0x2000'0094       0x1  app_ethernet.o [2]
    .data            inited   0x2000'0095       0x1  main.o [2]
                            - 0x2000'0096      0x96

"P2", part 2 of 3:                           0xde3c
  .bss               zero     0x2000'0098    0x32cc  USRAT.o [2]
  .bss               zero     0x2000'3364    0x2e24  memp.o [13]
  .bss               zero     0x2000'6188    0x2814  mem.o [13]
  .bss               zero     0x2000'899c    0x17d0  ethernetif.o [2]
  .bss               zero     0x2000'a16c    0x17d0  ethernetif.o [2]
  .bss               zero     0x2000'b93c     0x5cc  memp.o [13]
  .bss               zero     0x2000'bf08     0x400  udp_echoclient.o [2]
  .bss               zero     0x2000'c308     0x400  USRAT.o [2]
  .bss               zero     0x2000'c708     0x200  main.o [2]
  .bss               zero     0x2000'c908     0x16c  memp.o [13]
  .bss               zero     0x2000'ca74     0x100  main.o [2]
  .bss               zero     0x2000'cb74     0x100  USRAT.o [2]
  .bss               zero     0x2000'cc74     0x100  USRAT.o [2]
  .bss               zero     0x2000'cd74     0x100  USRAT.o [2]
  .bss               zero     0x2000'ce74     0x100  USRAT.o [2]
  .bss               zero     0x2000'cf74     0x100  USRAT.o [2]
  .bss               zero     0x2000'd074     0x100  USRAT.o [2]
  .bss               zero     0x2000'd174      0xf0  etharp.o [14]
  .bss               zero     0x2000'd264      0xc4  memp.o [13]
  .bss               zero     0x2000'd328      0xa4  memp.o [13]
  .bss               zero     0x2000'd3cc      0xa4  memp.o [13]
  .bss               zero     0x2000'd470      0xa4  memp.o [13]
  .bss               zero     0x2000'd514      0x94  main.o [2]
  .bss               zero     0x2000'd5a8      0x90  memp.o [13]
  .bss               zero     0x2000'd638      0x84  memp.o [13]
  .bss               zero     0x2000'd6bc      0x84  rand.o [16]
  .bss               zero     0x2000'd740      0x80  ethernetif.o [2]
  .bss               zero     0x2000'd7c0      0x80  ethernetif.o [2]
  .bss               zero     0x2000'd840      0x74  memp.o [13]
  .bss               zero     0x2000'd8b4      0x60  USRAT.o [2]
  .bss               zero     0x2000'd914      0x60  USRAT.o [2]
  .bss               zero     0x2000'd974      0x54  I2C.o [2]
  .bss               zero     0x2000'd9c8      0x54  I2C.o [2]
  .bss               zero     0x2000'da1c      0x48  ethernetif.o [2]
  .bss               zero     0x2000'da64      0x48  main.o [2]
  .bss               zero     0x2000'daac      0x48  main.o [2]
  .bss               zero     0x2000'daf4      0x40  USRAT.o [2]
  .bss               zero     0x2000'db34      0x40  USRAT.o [2]
  .bss               zero     0x2000'db74      0x40  USRAT.o [2]
  .bss               zero     0x2000'dbb4      0x3c  Timer.o [2]
  .bss               zero     0x2000'dbf0      0x3c  Timer.o [2]
  .bss               zero     0x2000'dc2c      0x38  main.o [2]
  .bss               zero     0x2000'dc64      0x28  dhcp.o [14]
  .bss               zero     0x2000'dc8c      0x28  main.o [2]
  .bss               zero     0x2000'dcb4      0x28  USRAT.o [2]
  .bss               zero     0x2000'dcdc      0x28  USRAT.o [2]
  .bss               zero     0x2000'dd04      0x20  main.o [2]
  .bss               zero     0x2000'dd24      0x20  stm32f4xx_hal_flash.o [7]
  .bss               zero     0x2000'dd44      0x18  ip.o [13]
  .bss               zero     0x2000'dd5c      0x14  Flash.o [2]
  .bss               zero     0x2000'dd70      0x14  main.o [2]
  .bss               zero     0x2000'dd84      0x14  WWDG.o [2]
  .bss               zero     0x2000'dd98      0x10  ip4_addr.o [14]
  .bss               zero     0x2000'dda8      0x10  tcp_in.o [13]
  .bss               zero     0x2000'ddb8       0xc  dhcp.o [14]
  .bss               zero     0x2000'ddc4       0x8  USRAT.o [2]
  .bss               zero     0x2000'ddcc       0x8  USRAT.o [2]
  .bss               zero     0x2000'ddd4       0x4  app_ethernet.o [2]
  .bss               zero     0x2000'ddd8       0x4  dhcp.o [14]
  .bss               zero     0x2000'dddc       0x4  dhcp.o [14]
  .bss               zero     0x2000'dde0       0x4  Flash.o [2]
  .bss               zero     0x2000'dde4       0x4  ip4_frag.o [14]
  .bss               zero     0x2000'dde8       0x4  main.o [2]
  .bss               zero     0x2000'ddec       0x4  main.o [2]
  .bss               zero     0x2000'ddf0       0x4  main.o [2]
  .bss               zero     0x2000'ddf4       0x4  main.o [2]
  .bss               zero     0x2000'ddf8       0x4  main.o [2]
  .bss               zero     0x2000'ddfc       0x4  main.o [2]
  .bss               zero     0x2000'de00       0x4  main.o [2]
  .bss               zero     0x2000'de04       0x4  main.o [2]
  .bss               zero     0x2000'de08       0x4  main.o [2]
  .bss               zero     0x2000'de0c       0x4  mem.o [13]
  .bss               zero     0x2000'de10       0x4  mem.o [13]
  .bss               zero     0x2000'de14       0x4  mem.o [13]
  .bss               zero     0x2000'de18       0x4  memp.o [13]
  .bss               zero     0x2000'de1c       0x4  memp.o [13]
  .bss               zero     0x2000'de20       0x4  memp.o [13]
  .bss               zero     0x2000'de24       0x4  memp.o [13]
  .bss               zero     0x2000'de28       0x4  memp.o [13]
  .bss               zero     0x2000'de2c       0x4  memp.o [13]
  .bss               zero     0x2000'de30       0x4  memp.o [13]
  .bss               zero     0x2000'de34       0x4  memp.o [13]
  .bss               zero     0x2000'de38       0x4  memp.o [13]
  .bss               zero     0x2000'de3c       0x4  memp.o [13]
  .bss               zero     0x2000'de40       0x4  netif.o [13]
  .bss               zero     0x2000'de44       0x4  netif.o [13]
  .bss               zero     0x2000'de48       0x4  raw.o [13]
  .bss               zero     0x2000'de4c       0x4  stm32f4xx_hal.o [7]
  .bss               zero     0x2000'de50       0x4  tcp.o [13]
  .bss               zero     0x2000'de54       0x4  tcp.o [13]
  .bss               zero     0x2000'de58       0x4  tcp.o [13]
  .bss               zero     0x2000'de5c       0x4  tcp.o [13]
  .bss               zero     0x2000'de60       0x4  tcp.o [13]
  .bss               zero     0x2000'de64       0x4  tcp_in.o [13]
  .bss               zero     0x2000'de68       0x4  tcp_in.o [13]
  .bss               zero     0x2000'de6c       0x4  tcp_in.o [13]
  .bss               zero     0x2000'de70       0x4  tcp_in.o [13]
  .bss               zero     0x2000'de74       0x4  tcp_in.o [13]
  .bss               zero     0x2000'de78       0x4  tcp_in.o [13]
  .bss               zero     0x2000'de7c       0x4  timeouts.o [13]
  .bss               zero     0x2000'de80       0x4  timeouts.o [13]
  .bss               zero     0x2000'de84       0x4  timeouts.o [13]
  .bss               zero     0x2000'de88       0x4  Timer.o [2]
  .bss               zero     0x2000'de8c       0x4  Timer.o [2]
  .bss               zero     0x2000'de90       0x4  udp.o [13]
  .bss               zero     0x2000'de94       0x4  udp_echoclient.o [2]
  .bss               zero     0x2000'de98       0x4  udp_echoclient.o [2]
  .bss               zero     0x2000'de9c       0x4  USRAT.o [2]
  .bss               zero     0x2000'dea0       0x4  xfail_s.o [16]
  .bss               zero     0x2000'dea4       0x2  debug_task.o [2]
  .bss               zero     0x2000'dea6       0x2  ip4.o [14]
  .bss               zero     0x2000'dea8       0x2  ip4_frag.o [14]
  .bss               zero     0x2000'deaa       0x2  main.o [2]
  .bss               zero     0x2000'deac       0x2  tcp_in.o [13]
  .bss               zero     0x2000'deae       0x2  tcp_in.o [13]
  .bss               zero     0x2000'deb0       0x2  tcp_in.o [13]
  .bss               zero     0x2000'deb2       0x2  tcp_in.o [13]
  .bss               zero     0x2000'deb4       0x2  tcp_in.o [13]
  .bss               zero     0x2000'deb6       0x2  udp.o [13]
  .bss               zero     0x2000'deb8       0x1  debug_task.o [2]
  .bss               zero     0x2000'deb9       0x1  debug_task.o [2]
  .bss               zero     0x2000'deba       0x1  debug_task.o [2]
  .bss               zero     0x2000'debb       0x1  debug_task.o [2]
  .bss               zero     0x2000'debc       0x1  debug_task.o [2]
  .bss               zero     0x2000'debd       0x1  debug_task.o [2]
  .bss               zero     0x2000'debe       0x1  debug_task.o [2]
  .bss               zero     0x2000'debf       0x1  debug_task.o [2]
  .bss               zero     0x2000'dec0       0x1  dhcp.o [14]
  .bss               zero     0x2000'dec1       0x1  etharp.o [14]
  .bss               zero     0x2000'dec2       0x1  main.o [2]
  .bss               zero     0x2000'dec3       0x1  main.o [2]
  .bss               zero     0x2000'dec4       0x1  main.o [2]
  .bss               zero     0x2000'dec5       0x1  main.o [2]
  .bss               zero     0x2000'dec6       0x1  main.o [2]
  .bss               zero     0x2000'dec7       0x1  main.o [2]
  .bss               zero     0x2000'dec8       0x1  main.o [2]
  .bss               zero     0x2000'dec9       0x1  main.o [2]
  .bss               zero     0x2000'deca       0x1  netif.o [13]
  .bss               zero     0x2000'decb       0x1  tcp.o [13]
  .bss               zero     0x2000'decc       0x1  tcp.o [13]
  .bss               zero     0x2000'decd       0x1  tcp.o [13]
  .bss               zero     0x2000'dece       0x1  tcp_in.o [13]
  .bss               zero     0x2000'decf       0x1  tcp_in.o [13]
  .bss               zero     0x2000'ded0       0x1  udp_echoclient.o [2]
  .bss               zero     0x2000'ded1       0x1  udp_echoclient.o [2]
                            - 0x2000'ded2    0xde3a

"P2", part 3 of 3:                           0x2000
  CSTACK                      0x2000'ded8    0x2000  <Block>
    CSTACK           uninit   0x2000'ded8    0x2000  <Block tail>
                            - 0x2000'fed8    0x2000

Unused ranges:

         From           To      Size
         ----           --      ----
   0x802'06f3   0x80f'ffff  0xd'f90d
  0x2000'0096  0x2000'0097       0x2
  0x2000'ded4  0x2000'ded7       0x4
  0x2000'fed8  0x2001'ffff  0x1'0128


*******************************************************************************
*** INIT TABLE
***

          Address      Size
          -------      ----
Zero (__iar_zero_init3)
    1 destination range, total size 0xde3a:
          0x2000'0098  0xde3a

Copy/packbits (__iar_packbits_init_single3)
    1 source range, total size 0x63 (66% of destination):
           0x802'0690    0x63
    1 destination range, total size 0x96:
          0x2000'0000    0x96



*******************************************************************************
*** MODULE SUMMARY
***

    Module                    ro code  ro data  rw data
    ------                    -------  -------  -------
command line/config:
    ---------------------------------------------------
    Total:

C:\D\JDS_DATA\LEDC_EMU_TEST\File\EWARM\STM324xG_EVAL\Obj\Application\EWARM: [1]
    startup_stm32f407xx.o         672
    ---------------------------------------------------
    Total:                        672

C:\D\JDS_DATA\LEDC_EMU_TEST\File\EWARM\STM324xG_EVAL\Obj\Application\User: [2]
    AmpGpio.o                     524
    Flash.o                        62        4       30
    I2C.o                       1'420      362      172
    Timer.o                       244               128
    USRAT.o                     1'760        8   16'048
    WWDG.o                         38                20
    app_ethernet.o                464      349        5
    debug_task.o                  540       56       10
    ethernetif.o                1'584       44   12'520
    main.o                      2'070      756    1'307
    stm32f4xx_hal_msp.o           436
    stm32f4xx_it.o                124
    udp_echoclient.o              296       72    1'034
    ---------------------------------------------------
    Total:                      9'562    1'651   31'274

C:\D\JDS_DATA\LEDC_EMU_TEST\File\EWARM\STM324xG_EVAL\Obj\Application\Utilities\Fonts: [3]
    ---------------------------------------------------
    Total:

C:\D\JDS_DATA\LEDC_EMU_TEST\File\EWARM\STM324xG_EVAL\Obj\Drivers\BSP\Components: [4]
    ---------------------------------------------------
    Total:

C:\D\JDS_DATA\LEDC_EMU_TEST\File\EWARM\STM324xG_EVAL\Obj\Drivers\BSP\STM324xG_EVAL: [5]
    ---------------------------------------------------
    Total:

C:\D\JDS_DATA\LEDC_EMU_TEST\File\EWARM\STM324xG_EVAL\Obj\Drivers\CMSIS: [6]
    system_stm32f4xx.o            100       26        4
    ---------------------------------------------------
    Total:                        100       26        4

C:\D\JDS_DATA\LEDC_EMU_TEST\File\EWARM\STM324xG_EVAL\Obj\Drivers\STM32F4xx_HAL_Driver: [7]
    stm32f4xx_hal.o               156                 4
    stm32f4xx_hal_cortex.o        432
    stm32f4xx_hal_dma.o           576
    stm32f4xx_hal_eth.o         3'140
    stm32f4xx_hal_flash.o         192                32
    stm32f4xx_hal_flash_ex.o      404
    stm32f4xx_hal_gpio.o          656
    stm32f4xx_hal_i2c.o         6'316
    stm32f4xx_hal_rcc.o         1'440
    stm32f4xx_hal_rtc.o           872
    stm32f4xx_hal_rtc_ex.o          2
    stm32f4xx_hal_tim.o           740
    stm32f4xx_hal_tim_ex.o          4
    stm32f4xx_hal_uart.o        1'748
    stm32f4xx_hal_wwdg.o           48
    ---------------------------------------------------
    Total:                     16'726                36

C:\D\JDS_DATA\LEDC_EMU_TEST\File\EWARM\STM324xG_EVAL\Obj\Drivers\display\Config: [8]
    ---------------------------------------------------
    Total:

C:\D\JDS_DATA\LEDC_EMU_TEST\File\EWARM\STM324xG_EVAL\Obj\Drivers\display\Example: [9]
    ---------------------------------------------------
    Total:

C:\D\JDS_DATA\LEDC_EMU_TEST\File\EWARM\STM324xG_EVAL\Obj\Drivers\display\GUI: [10]
    ---------------------------------------------------
    Total:

C:\D\JDS_DATA\LEDC_EMU_TEST\File\EWARM\STM324xG_EVAL\Obj\Drivers\display\OLED: [11]
    ---------------------------------------------------
    Total:

C:\D\JDS_DATA\LEDC_EMU_TEST\File\EWARM\STM324xG_EVAL\Obj\Middlewares\LwIP\Api: [12]
    ---------------------------------------------------
    Total:

C:\D\JDS_DATA\LEDC_EMU_TEST\File\EWARM\STM324xG_EVAL\Obj\Middlewares\LwIP\Core: [13]
    def.o                          44
    inet_chksum.o                 202
    init.o                         28
    ip.o                                             24
    mem.o                         816            10'272
    memp.o                        188      160   14'780
    netif.o                       546                 9
    pbuf.o                      1'714
    raw.o                         276                 4
    tcp.o                       3'386    1'251       27
    tcp_in.o                    4'936                52
    tcp_out.o                   2'316
    timeouts.o                    488       40       12
    udp.o                       2'424      305        8
    ---------------------------------------------------
    Total:                     17'364    1'756   25'188

C:\D\JDS_DATA\LEDC_EMU_TEST\File\EWARM\STM324xG_EVAL\Obj\Middlewares\LwIP\Core\IPv4: [14]
    dhcp.o                      4'754        2       65
    etharp.o                    2'476               241
    icmp.o                        646
    ip4.o                       1'000                 2
    ip4_addr.o                    272        8       16
    ip4_frag.o                  1'888                 6
    ---------------------------------------------------
    Total:                     11'036       10      330

C:\D\JDS_DATA\LEDC_EMU_TEST\File\EWARM\STM324xG_EVAL\Obj\Middlewares\LwIP\Netif: [15]
    ethernet.o                    326       16
    ---------------------------------------------------
    Total:                        326       16

dl7M_tlf.a: [16]
    XShttio.o                       8        6        8
    abort.o                         6
    exit.o                          4
    low_level_init.o                4
    rand.o                        156        5      140
    sprintf.o                      64
    strncmp.o                      42
    vsprintf.o                     52
    xfail_s.o                      64                 4
    xlocale_c.o                     8       40       56
    xprintffull_nomb.o          3'754
    xsprout.o                      10
    ---------------------------------------------------
    Total:                      4'172       51      208

m7M_tls.a: [17]
    DblAddSub.o                   590
    DblCmpGe.o                     52
    DblCmpLe.o                     52
    DblDiv.o                      582
    DblMul.o                      426
    DblToS32.o                     54
    DblToU32.o                     34
    FltToDbl.o                     72
    S32ToDbl.o                     34
    U32ToDbl.o                     28
    fpinit_M.o                     34
    frexp.o                       112
    ldexp.o                       314
    ---------------------------------------------------
    Total:                      2'384

rt7M_tl.a: [18]
    ABImemcpy.o                   166
    ABImemset.o                   102
    I64DivMod.o                   560
    I64DivZer.o                     2
    cexit.o                        10
    cmain.o                        30
    cstartup_M.o                   28
    data_init.o                    40
    memchr.o                       88
    memcmp.o                      104
    packbits_init_single.o         58
    strchr.o                       22
    strlen.o                       54
    zero_init3.o                   56
    ---------------------------------------------------
    Total:                      1'320

shb_l.a: [19]
    exit.o                         20
    iarttio.o                      44
    ---------------------------------------------------
    Total:                         64

    Gaps                           41        6
    Linker created                          32    8'192
-------------------------------------------------------
    Grand Total:               63'767    3'548   65'232


*******************************************************************************
*** ENTRY LIST
***

Entry                       Address    Size  Type      Object
-----                       -------    ----  ----      ------
.iar.init_table$$Base    0x801'ff78           --   Gb  - Linker created -
.iar.init_table$$Limit   0x801'ff98           --   Gb  - Linker created -
?main                    0x802'0059          Code  Gb  cmain.o [18]
ADC_IRQHandler           0x802'05c9          Code  Wk  startup_stm32f407xx.o [1]
AHBPrescTable            0x802'0318    0x10  Data  Gb  system_stm32f4xx.o [6]
AMP_Init                 0x801'3da5   0x11c  Code  Gb  I2C.o [2]
AMP_Init::__func__       0x802'03a8     0xc  Data  Lc  I2C.o [2]
AMP_Mute_ON              0x801'3ec1   0x15c  Code  Gb  I2C.o [2]
APBPrescTable            0x802'0528     0x8  Data  Gb  system_stm32f4xx.o [6]
AUDIO_AMP_Boot_Set       0x801'2fb1    0xda  Code  Gb  main.o [2]
AdcHandle1              0x2000'da64    0x48  Data  Gb  main.o [2]
AdcHandle3              0x2000'daac    0x48  Data  Gb  main.o [2]
BCD_BIN                  0x801'35d5    0x40  Code  Gb  USRAT.o [2]
BIN_BCD                  0x801'3615    0x54  Code  Gb  USRAT.o [2]
BSP_Config               0x801'2a77    0x56  Code  Lc  main.o [2]
BusFault_Handler         0x801'f5f3     0x2  Code  Gb  stm32f4xx_it.o [2]
CAN1_RX0_IRQHandler      0x802'05d1          Code  Wk  startup_stm32f407xx.o [1]
CAN1_RX1_IRQHandler      0x802'05d5          Code  Wk  startup_stm32f407xx.o [1]
CAN1_SCE_IRQHandler      0x802'05d9          Code  Wk  startup_stm32f407xx.o [1]
CAN1_TX_IRQHandler       0x802'05cd          Code  Wk  startup_stm32f407xx.o [1]
CAN2_RX0_IRQHandler      0x802'064d          Code  Wk  startup_stm32f407xx.o [1]
CAN2_RX1_IRQHandler      0x802'0651          Code  Wk  startup_stm32f407xx.o [1]
CAN2_SCE_IRQHandler      0x802'0655          Code  Wk  startup_stm32f407xx.o [1]
CAN2_TX_IRQHandler       0x802'0649          Code  Wk  startup_stm32f407xx.o [1]
CSTACK$$Base            0x2000'ded8           --   Gb  - Linker created -
CSTACK$$Limit           0x2000'fed8           --   Gb  - Linker created -
ConvAsc2Hex              0x801'3669    0x54  Code  Gb  USRAT.o [2]
DCMI_IRQHandler          0x802'0685          Code  Wk  startup_stm32f407xx.o [1]
DHCP_Periodic_Handle     0x801'3a97    0x22  Code  Gb  app_ethernet.o [2]
DHCP_Process             0x801'3995   0x102  Code  Gb  app_ethernet.o [2]
DHCP_state              0x2000'0094     0x1  Data  Gb  app_ethernet.o [2]
DHCPfineTimer           0x2000'ddd4     0x4  Data  Gb  app_ethernet.o [2]
DMA1_Stream0_IRQHandler
                         0x802'05b5          Code  Wk  startup_stm32f407xx.o [1]
DMA1_Stream1_IRQHandler
                         0x802'05b9          Code  Wk  startup_stm32f407xx.o [1]
DMA1_Stream2_IRQHandler
                         0x801'34a5     0xc  Code  Gb  USRAT.o [2]
DMA1_Stream3_IRQHandler
                         0x802'05bd          Code  Wk  startup_stm32f407xx.o [1]
DMA1_Stream4_IRQHandler
                         0x801'34b1     0xc  Code  Gb  USRAT.o [2]
DMA1_Stream5_IRQHandler
                         0x802'05c1          Code  Wk  startup_stm32f407xx.o [1]
DMA1_Stream6_IRQHandler
                         0x802'05c5          Code  Wk  startup_stm32f407xx.o [1]
DMA1_Stream7_IRQHandler
                         0x802'0619          Code  Wk  startup_stm32f407xx.o [1]
DMA2_Stream0_IRQHandler
                         0x801'f63d     0xc  Code  Gb  stm32f4xx_it.o [2]
DMA2_Stream1_IRQHandler
                         0x802'0635          Code  Wk  startup_stm32f407xx.o [1]
DMA2_Stream2_IRQHandler
                         0x802'0639          Code  Wk  startup_stm32f407xx.o [1]
DMA2_Stream3_IRQHandler
                         0x802'063d          Code  Wk  startup_stm32f407xx.o [1]
DMA2_Stream4_IRQHandler
                         0x801'f649     0xc  Code  Gb  stm32f4xx_it.o [2]
DMA2_Stream5_IRQHandler
                         0x802'065d          Code  Wk  startup_stm32f407xx.o [1]
DMA2_Stream6_IRQHandler
                         0x802'0661          Code  Wk  startup_stm32f407xx.o [1]
DMA2_Stream7_IRQHandler
                         0x802'0665          Code  Wk  startup_stm32f407xx.o [1]
DMARxDscrTab            0x2000'd740    0x80  Data  Gb  ethernetif.o [2]
DMATxDscrTab            0x2000'd7c0    0x80  Data  Gb  ethernetif.o [2]
DP_RING_BUF_POP          0x801'380b    0x5a  Code  Gb  USRAT.o [2]
DP_RING_BUF_PUSH         0x801'3745    0xc6  Code  Gb  USRAT.o [2]
DebugMon_Handler         0x801'f5f7     0x2  Code  Gb  stm32f4xx_it.o [2]
ETH_DMAReceptionDisable
                         0x801'ac13    0x12  Code  Lc  stm32f4xx_hal_eth.o [7]
ETH_DMAReceptionEnable   0x801'ac01    0x12  Code  Lc  stm32f4xx_hal_eth.o [7]
ETH_DMATransmissionDisable
                         0x801'abef    0x12  Code  Lc  stm32f4xx_hal_eth.o [7]
ETH_DMATransmissionEnable
                         0x801'abdd    0x12  Code  Lc  stm32f4xx_hal_eth.o [7]
ETH_Delay                0x801'ac51    0x26  Code  Lc  stm32f4xx_hal_eth.o [7]
ETH_FlushTransmitFIFO    0x801'ac25    0x2c  Code  Lc  stm32f4xx_hal_eth.o [7]
ETH_IRQHandler           0x802'0641          Code  Wk  startup_stm32f407xx.o [1]
ETH_MACAddressConfig     0x801'ab03    0x2e  Code  Lc  stm32f4xx_hal_eth.o [7]
ETH_MACDMAConfig         0x801'a8bf   0x244  Code  Lc  stm32f4xx_hal_eth.o [7]
ETH_MACReceptionDisable
                         0x801'abb5    0x28  Code  Lc  stm32f4xx_hal_eth.o [7]
ETH_MACReceptionEnable   0x801'ab8d    0x28  Code  Lc  stm32f4xx_hal_eth.o [7]
ETH_MACTransmissionDisable
                         0x801'ab65    0x28  Code  Lc  stm32f4xx_hal_eth.o [7]
ETH_MACTransmissionEnable
                         0x801'ab3d    0x28  Code  Lc  stm32f4xx_hal_eth.o [7]
ETH_WKUP_IRQHandler      0x802'0645          Code  Wk  startup_stm32f407xx.o [1]
EXTI0_IRQHandler         0x801'f60b     0xa  Code  Gb  stm32f4xx_it.o [2]
EXTI15_10_IRQHandler     0x802'0601          Code  Wk  startup_stm32f407xx.o [1]
EXTI1_IRQHandler         0x802'05a5          Code  Wk  startup_stm32f407xx.o [1]
EXTI2_IRQHandler         0x802'05a9          Code  Wk  startup_stm32f407xx.o [1]
EXTI3_IRQHandler         0x802'05ad          Code  Wk  startup_stm32f407xx.o [1]
EXTI4_IRQHandler         0x802'05b1          Code  Wk  startup_stm32f407xx.o [1]
EXTI9_5_IRQHandler       0x802'05dd          Code  Wk  startup_stm32f407xx.o [1]
EraseInitStruct         0x2000'dd5c    0x14  Data  Lc  Flash.o [2]
Error_Handler            0x801'318d     0x2  Code  Gb  main.o [2]
EthHandle               0x2000'da1c    0x48  Data  Gb  ethernetif.o [2]
FLASH_Erase_Sector       0x801'58dd    0x64  Code  Gb  stm32f4xx_hal_flash_ex.o [7]
FLASH_FlushCaches        0x801'5941    0x50  Code  Gb  stm32f4xx_hal_flash_ex.o [7]
FLASH_IRQHandler         0x802'059d          Code  Wk  startup_stm32f407xx.o [1]
FLASH_MassErase          0x801'58b5    0x28  Code  Lc  stm32f4xx_hal_flash_ex.o [7]
FLASH_SetErrorCode       0x801'be69    0x68  Code  Lc  stm32f4xx_hal_flash.o [7]
FLASH_WaitForLastOperation
                         0x801'be19    0x50  Code  Gb  stm32f4xx_hal_flash.o [7]
FPU_IRQHandler           0x802'068d          Code  Wk  startup_stm32f407xx.o [1]
FSMC_IRQHandler          0x802'061d          Code  Wk  startup_stm32f407xx.o [1]
Flag                    0x2000'ded0     0x1  Data  Gb  udp_echoclient.o [2]
Flash_Errase             0x801'31c5    0x14  Code  Gb  Flash.o [2]
Flash_Error_Handler      0x801'31e9     0x2  Code  Lc  Flash.o [2]
Flash_TIM                0x801'31ad    0x18  Code  Gb  Flash.o [2]
HAL_DMA_Abort_IT         0x801'1dc1    0x28  Code  Gb  stm32f4xx_hal_dma.o [7]
HAL_DMA_IRQHandler       0x801'1de9   0x20c  Code  Gb  stm32f4xx_hal_dma.o [7]
HAL_Delay                0x801'318f    0x1e  Code  Wk  stm32f4xx_hal.o [7]
HAL_ETH_ConfigMAC        0x801'a765   0x15a  Code  Gb  stm32f4xx_hal_eth.o [7]
HAL_ETH_DMARxDescListInit
                         0x801'a345    0x82  Code  Gb  stm32f4xx_hal_eth.o [7]
HAL_ETH_DMATxDescListInit
                         0x801'a2c9    0x7c  Code  Gb  stm32f4xx_hal_eth.o [7]
HAL_ETH_GetReceivedFrame
                         0x801'a4fd    0xa0  Code  Gb  stm32f4xx_hal_eth.o [7]
HAL_ETH_Init             0x801'a05d   0x26c  Code  Gb  stm32f4xx_hal_eth.o [7]
HAL_ETH_MspInit          0x801'40bd   0x122  Code  Gb  ethernetif.o [2]
HAL_ETH_ReadPHYRegister
                         0x801'a59d    0x9a  Code  Gb  stm32f4xx_hal_eth.o [7]
HAL_ETH_Start            0x801'a6d1    0x4a  Code  Gb  stm32f4xx_hal_eth.o [7]
HAL_ETH_Stop             0x801'a71b    0x4a  Code  Gb  stm32f4xx_hal_eth.o [7]
HAL_ETH_TransmitFrame    0x801'a3c7   0x136  Code  Gb  stm32f4xx_hal_eth.o [7]
HAL_ETH_WritePHYRegister
                         0x801'a637    0x9a  Code  Gb  stm32f4xx_hal_eth.o [7]
HAL_FLASHEx_Erase        0x801'580d    0xa8  Code  Gb  stm32f4xx_hal_flash_ex.o [7]
HAL_GPIO_EXTI_Callback   0x801'2b3f    0x16  Code  Gb  main.o [2]
HAL_GPIO_EXTI_IRQHandler
                         0x801'2765    0x20  Code  Gb  stm32f4xx_hal_gpio.o [7]
HAL_GPIO_Init            0x801'2531   0x1f8  Code  Gb  stm32f4xx_hal_gpio.o [7]
HAL_GPIO_ReadPin         0x801'2729    0x16  Code  Gb  stm32f4xx_hal_gpio.o [7]
HAL_GPIO_TogglePin       0x801'2759     0xc  Code  Gb  stm32f4xx_hal_gpio.o [7]
HAL_GPIO_WritePin        0x801'273f    0x1a  Code  Gb  stm32f4xx_hal_gpio.o [7]
HAL_GetREVID             0x801'38f5     0x8  Code  Gb  stm32f4xx_hal.o [7]
HAL_GetTick              0x801'1da5     0xc  Code  Wk  stm32f4xx_hal.o [7]
HAL_I2C_AbortCpltCallback
                         0x801'2001     0x2  Code  Wk  stm32f4xx_hal_i2c.o [7]
HAL_I2C_AddrCallback     0x801'1dbd     0x2  Code  Wk  stm32f4xx_hal_i2c.o [7]
HAL_I2C_ER_IRQHandler    0x801'098d    0xea  Code  Gb  stm32f4xx_hal_i2c.o [7]
HAL_I2C_EV_IRQHandler    0x801'083d   0x150  Code  Gb  stm32f4xx_hal_i2c.o [7]
HAL_I2C_ErrorCallback    0x801'2003     0x2  Code  Wk  stm32f4xx_hal_i2c.o [7]
HAL_I2C_GetState         0x801'0a77     0x6  Code  Gb  stm32f4xx_hal_i2c.o [7]
HAL_I2C_Init             0x801'0189   0x122  Code  Gb  stm32f4xx_hal_i2c.o [7]
HAL_I2C_ListenCpltCallback
                         0x801'1dbf     0x2  Code  Wk  stm32f4xx_hal_i2c.o [7]
HAL_I2C_MasterRxCpltCallback
                         0x801'1db7     0x2  Code  Wk  stm32f4xx_hal_i2c.o [7]
HAL_I2C_MasterTxCpltCallback
                         0x801'1db1     0x2  Code  Wk  stm32f4xx_hal_i2c.o [7]
HAL_I2C_Master_Transmit_IT
                         0x801'02ab    0xce  Code  Gb  stm32f4xx_hal_i2c.o [7]
HAL_I2C_MemRxCpltCallback
                         0x801'1db5     0x2  Code  Wk  stm32f4xx_hal_i2c.o [7]
HAL_I2C_MemTxCpltCallback
                         0x801'1db3     0x2  Code  Wk  stm32f4xx_hal_i2c.o [7]
HAL_I2C_Mem_Read         0x801'0515   0x31e  Code  Gb  stm32f4xx_hal_i2c.o [7]
HAL_I2C_Mem_Write        0x801'0389   0x18c  Code  Gb  stm32f4xx_hal_i2c.o [7]
HAL_I2C_MspInit          0x801'1ab3   0x102  Code  Gb  stm32f4xx_hal_msp.o [2]
HAL_I2C_SlaveRxCpltCallback
                         0x801'1dbb     0x2  Code  Wk  stm32f4xx_hal_i2c.o [7]
HAL_I2C_SlaveTxCpltCallback
                         0x801'1db9     0x2  Code  Wk  stm32f4xx_hal_i2c.o [7]
HAL_IncTick              0x801'f669    0x10  Code  Wk  stm32f4xx_hal.o [7]
HAL_Init                 0x801'38cd    0x28  Code  Gb  stm32f4xx_hal.o [7]
HAL_InitTick             0x801'2845    0x28  Code  Wk  stm32f4xx_hal.o [7]
HAL_MspInit              0x801'61b3     0x2  Code  Wk  stm32f4xx_hal.o [7]
HAL_NVIC_ClearPendingIRQ
                         0x801'217f     0xe  Code  Gb  stm32f4xx_hal_cortex.o [7]
HAL_NVIC_EnableIRQ       0x801'215d     0xe  Code  Gb  stm32f4xx_hal_cortex.o [7]
HAL_NVIC_SetPriority     0x801'2133    0x2a  Code  Gb  stm32f4xx_hal_cortex.o [7]
HAL_NVIC_SetPriorityGrouping
                         0x801'2127     0xc  Code  Gb  stm32f4xx_hal_cortex.o [7]
HAL_NVIC_SystemReset     0x801'216b     0x8  Code  Gb  stm32f4xx_hal_cortex.o [7]
HAL_RCC_ClockConfig      0x801'1bd5   0x180  Code  Gb  stm32f4xx_hal_rcc.o [7]
HAL_RCC_GetHCLKFreq      0x801'1d55     0x6  Code  Gb  stm32f4xx_hal_rcc.o [7]
HAL_RCC_GetPCLK1Freq     0x801'1d5b    0x18  Code  Gb  stm32f4xx_hal_rcc.o [7]
HAL_RCC_GetPCLK2Freq     0x801'1d73    0x18  Code  Gb  stm32f4xx_hal_rcc.o [7]
HAL_RCC_GetSysClockFreq
                         0x801'27c1    0x84  Code  Wk  stm32f4xx_hal_rcc.o [7]
HAL_RCC_OscConfig        0x801'4af9   0x34c  Code  Wk  stm32f4xx_hal_rcc.o [7]
HAL_RTCEx_AlarmBEventCallback
                         0x801'be15     0x2  Code  Wk  stm32f4xx_hal_rtc_ex.o [7]
HAL_RTC_AlarmAEventCallback
                         0x801'2f93    0x1e  Code  Gb  main.o [2]
HAL_RTC_AlarmIRQHandler
                         0x801'554b    0x5e  Code  Gb  stm32f4xx_hal_rtc.o [7]
HAL_RTC_GetDate          0x801'52f1    0x54  Code  Gb  stm32f4xx_hal_rtc.o [7]
HAL_RTC_GetTime          0x801'5289    0x68  Code  Gb  stm32f4xx_hal_rtc.o [7]
HAL_RTC_SetAlarm_IT      0x801'5345   0x206  Code  Gb  stm32f4xx_hal_rtc.o [7]
HAL_SYSTICK_Config       0x801'2173     0xc  Code  Gb  stm32f4xx_hal_cortex.o [7]
HAL_TIMEx_BreakCallback
                         0x801'2971     0x2  Code  Wk  stm32f4xx_hal_tim_ex.o [7]
HAL_TIMEx_CommutationCallback
                         0x801'2975     0x2  Code  Wk  stm32f4xx_hal_tim_ex.o [7]
HAL_TIM_Base_Init        0x801'21b5    0x38  Code  Gb  stm32f4xx_hal_tim.o [7]
HAL_TIM_Base_MspInit     0x801'1a21    0x92  Code  Gb  stm32f4xx_hal_msp.o [2]
HAL_TIM_Base_Start_IT    0x801'21ed    0x1e  Code  Gb  stm32f4xx_hal_tim.o [7]
HAL_TIM_IC_CaptureCallback
                         0x801'286d     0x2  Code  Wk  stm32f4xx_hal_tim.o [7]
HAL_TIM_IRQHandler       0x801'220b   0x176  Code  Gb  stm32f4xx_hal_tim.o [7]
HAL_TIM_OC_DelayElapsedCallback
                         0x801'286f     0x2  Code  Wk  stm32f4xx_hal_tim.o [7]
HAL_TIM_PWM_PulseFinishedCallback
                         0x801'2871     0x2  Code  Wk  stm32f4xx_hal_tim.o [7]
HAL_TIM_PeriodElapsedCallback
                         0x801'28fd    0x4e  Code  Gb  Timer.o [2]
HAL_TIM_TriggerCallback
                         0x801'2973     0x2  Code  Wk  stm32f4xx_hal_tim.o [7]
HAL_UART_ErrorCallback   0x801'34fd     0x2  Code  Gb  USRAT.o [2]
HAL_UART_IRQHandler      0x801'5ad7   0x13a  Code  Gb  stm32f4xx_hal_uart.o [7]
HAL_UART_Init            0x801'59a1    0x76  Code  Gb  stm32f4xx_hal_uart.o [7]
HAL_UART_MspInit         0x801'31ed    0xe8  Code  Gb  USRAT.o [2]
HAL_UART_Receive_IT      0x801'5a71    0x66  Code  Gb  stm32f4xx_hal_uart.o [7]
HAL_UART_RxCpltCallback
                         0x801'34bf    0x3e  Code  Gb  USRAT.o [2]
HAL_UART_Transmit_IT     0x801'5a17    0x5a  Code  Gb  stm32f4xx_hal_uart.o [7]
HAL_UART_TxCpltCallback
                         0x801'34bd     0x2  Code  Gb  USRAT.o [2]
HAL_WWDG_EarlyWakeupCallback
                         0x801'fb4b    0x14  Code  Gb  WWDG.o [2]
HAL_WWDG_IRQHandler      0x801'fb1d    0x24  Code  Gb  stm32f4xx_hal_wwdg.o [7]
HAL_WWDG_Refresh         0x801'fb11     0xc  Code  Gb  stm32f4xx_hal_wwdg.o [7]
HASH_RNG_IRQHandler      0x802'0689          Code  Wk  startup_stm32f407xx.o [1]
HardFault_Handler        0x801'f5ef     0x2  Code  Gb  stm32f4xx_it.o [2]
I2C1_ER_IRQHandler       0x801'f629     0xa  Code  Gb  stm32f4xx_it.o [2]
I2C1_EV_IRQHandler       0x801'f615     0xa  Code  Gb  stm32f4xx_it.o [2]
I2C2_ER_IRQHandler       0x801'f633     0xa  Code  Gb  stm32f4xx_it.o [2]
I2C2_EV_IRQHandler       0x801'f61f     0xa  Code  Gb  stm32f4xx_it.o [2]
I2C3_ER_IRQHandler       0x802'0671          Code  Wk  startup_stm32f407xx.o [1]
I2C3_EV_IRQHandler       0x802'066d          Code  Wk  startup_stm32f407xx.o [1]
I2C_DMAAbort             0x801'1751    0x6e  Code  Lc  stm32f4xx_hal_i2c.o [7]
I2C_HAL_ReadBytes        0x801'3d61    0x44  Code  Gb  I2C.o [2]
I2C_HAL_WriteBytes       0x801'3d17    0x4a  Code  Gb  I2C.o [2]
I2C_ITError              0x801'1373   0x156  Code  Lc  stm32f4xx_hal_i2c.o [7]
I2C_IsAcknowledgeFailed
                         0x801'19f3    0x2e  Code  Lc  stm32f4xx_hal_i2c.o [7]
I2C_MasterReceive_BTF    0x801'0d37    0xf2  Code  Lc  stm32f4xx_hal_i2c.o [7]
I2C_MasterReceive_RXNE   0x801'0c75    0xc2  Code  Lc  stm32f4xx_hal_i2c.o [7]
I2C_MasterTransmit_BTF   0x801'0bcb    0xa4  Code  Lc  stm32f4xx_hal_i2c.o [7]
I2C_MasterTransmit_TXE   0x801'0a7d   0x14e  Code  Lc  stm32f4xx_hal_i2c.o [7]
I2C_Master_ADD10         0x801'0eb7     0xe  Code  Lc  stm32f4xx_hal_i2c.o [7]
I2C_Master_ADDR          0x801'0ec5   0x204  Code  Lc  stm32f4xx_hal_i2c.o [7]
I2C_Master_SB            0x801'0e29    0x8e  Code  Lc  stm32f4xx_hal_i2c.o [7]
I2C_RequestMemoryRead    0x801'15d3   0x174  Code  Lc  stm32f4xx_hal_i2c.o [7]
I2C_RequestMemoryWrite   0x801'14e5    0xee  Code  Lc  stm32f4xx_hal_i2c.o [7]
I2C_SlaveReceive_BTF     0x801'117f    0x1e  Code  Lc  stm32f4xx_hal_i2c.o [7]
I2C_SlaveReceive_RXNE    0x801'1135    0x4a  Code  Lc  stm32f4xx_hal_i2c.o [7]
I2C_SlaveTransmit_BTF    0x801'1117    0x1e  Code  Lc  stm32f4xx_hal_i2c.o [7]
I2C_SlaveTransmit_TXE    0x801'10cd    0x4a  Code  Lc  stm32f4xx_hal_i2c.o [7]
I2C_Slave_ADDR           0x801'119d    0x34  Code  Lc  stm32f4xx_hal_i2c.o [7]
I2C_Slave_AF             0x801'12d1    0xa2  Code  Lc  stm32f4xx_hal_i2c.o [7]
I2C_Slave_STOPF          0x801'11d1   0x100  Code  Lc  stm32f4xx_hal_i2c.o [7]
I2C_WaitOnBTFFlagUntilTimeout
                         0x801'193f    0x52  Code  Lc  stm32f4xx_hal_i2c.o [7]
I2C_WaitOnFlagUntilTimeout
                         0x801'17bf    0x8c  Code  Lc  stm32f4xx_hal_i2c.o [7]
I2C_WaitOnMasterAddressFlagUntilTimeout
                         0x801'184b    0xa2  Code  Lc  stm32f4xx_hal_i2c.o [7]
I2C_WaitOnRXNEFlagUntilTimeout
                         0x801'1991    0x62  Code  Lc  stm32f4xx_hal_i2c.o [7]
I2C_WaitOnTXEFlagUntilTimeout
                         0x801'18ed    0x52  Code  Lc  stm32f4xx_hal_i2c.o [7]
IP_ADDR1_INPUT_DATA     0x2000'dec2     0x1  Data  Gb  main.o [2]
IP_ADDR2_INPUT_DATA     0x2000'dec3     0x1  Data  Gb  main.o [2]
IP_ADDR_VAL_DATA        0x2000'ddf0     0x4  Data  Gb  main.o [2]
MX_I2C1_Init             0x801'3af1    0x96  Code  Gb  I2C.o [2]
MemManage_Handler        0x801'f5f1     0x2  Code  Gb  stm32f4xx_it.o [2]
MyPrintf_USART1          0x801'3585    0x50  Code  Gb  USRAT.o [2]
MyPrintf_USART1::szBuf  0x2000'c308   0x400  Data  Lc  USRAT.o [2]
NMI_Handler              0x801'f5ed     0x2  Code  Gb  stm32f4xx_it.o [2]
NVIC_EncodePriority      0x801'209d    0x40  Code  Lc  stm32f4xx_hal_cortex.o [7]
Netif_Config             0x801'2acd    0x72  Code  Lc  main.o [2]
ONTD                     0x801'2c05    0x4a  Code  Gb  main.o [2]
OTG_FS_IRQHandler        0x802'0659          Code  Wk  startup_stm32f407xx.o [1]
OTG_FS_WKUP_IRQHandler   0x802'0605          Code  Wk  startup_stm32f407xx.o [1]
OTG_HS_EP1_IN_IRQHandler
                         0x802'0679          Code  Wk  startup_stm32f407xx.o [1]
OTG_HS_EP1_OUT_IRQHandler
                         0x802'0675          Code  Wk  startup_stm32f407xx.o [1]
OTG_HS_IRQHandler        0x802'0681          Code  Wk  startup_stm32f407xx.o [1]
OTG_HS_WKUP_IRQHandler   0x802'067d          Code  Wk  startup_stm32f407xx.o [1]
PVD_IRQHandler           0x802'0591          Code  Wk  startup_stm32f407xx.o [1]
PendSV_Handler           0x802'058d          Code  Wk  startup_stm32f407xx.o [1]
RCC_IRQHandler           0x802'05a1          Code  Wk  startup_stm32f407xx.o [1]
RTC_Alarm_IRQHandler     0x801'f601     0xa  Code  Gb  stm32f4xx_it.o [2]
RTC_Bcd2ToByte           0x801'55d9    0x18  Code  Gb  stm32f4xx_hal_rtc.o [7]
RTC_ByteToBcd2           0x801'55c1    0x18  Code  Gb  stm32f4xx_hal_rtc.o [7]
RTC_TimeShow             0x801'2e39   0x15a  Code  Lc  main.o [2]
RTC_WKUP_IRQHandler      0x802'0599          Code  Wk  startup_stm32f407xx.o [1]
Region$$Table$$Base      0x801'ff78           --   Gb  - Linker created -
Region$$Table$$Limit     0x801'ff98           --   Gb  - Linker created -
Reset_Handler            0x802'0399          Code  Wk  startup_stm32f407xx.o [1]
RingBuf                 0x2000'0098  0x32cc  Data  Gb  USRAT.o [2]
RtcHandle               0x2000'dd04    0x20  Data  Gb  main.o [2]
Rx_Buff                 0x2000'899c  0x17d0  Data  Gb  ethernetif.o [2]
SDIO_IRQHandler          0x802'0621          Code  Wk  startup_stm32f407xx.o [1]
SPI1_IRQHandler          0x802'05f5          Code  Wk  startup_stm32f407xx.o [1]
SPI2_IRQHandler          0x802'05f9          Code  Wk  startup_stm32f407xx.o [1]
SPI3_IRQHandler          0x802'0625          Code  Wk  startup_stm32f407xx.o [1]
SVC_Handler              0x802'0589          Code  Wk  startup_stm32f407xx.o [1]
SectorError             0x2000'dde0     0x4  Data  Gb  Flash.o [2]
SysTick_Config           0x801'20f7    0x30  Code  Lc  stm32f4xx_hal_cortex.o [7]
SysTick_Handler          0x801'f5f9     0x8  Code  Gb  stm32f4xx_it.o [2]
Syslog_Flag             0x2000'ded1     0x1  Data  Gb  udp_echoclient.o [2]
SystemClock_Config       0x801'2b55    0xb0  Code  Lc  main.o [2]
SystemCoreClock         0x2000'0040     0x4  Data  Gb  system_stm32f4xx.o [6]
SystemInit               0x801'f679    0x3e  Code  Gb  system_stm32f4xx.o [6]
TAMP_STAMP_IRQHandler    0x802'0595          Code  Wk  startup_stm32f407xx.o [1]
TIM1_BRK_TIM9_IRQHandler
                         0x802'05e1          Code  Wk  startup_stm32f407xx.o [1]
TIM1_CC_IRQHandler       0x802'05ed          Code  Wk  startup_stm32f407xx.o [1]
TIM1_TRG_COM_TIM11_IRQHandler
                         0x802'05e9          Code  Wk  startup_stm32f407xx.o [1]
TIM1_UP_TIM10_IRQHandler
                         0x802'05e5          Code  Wk  startup_stm32f407xx.o [1]
TIM2_IRQHandler          0x802'05f1          Code  Wk  startup_stm32f407xx.o [1]
TIM3_IRQHandler          0x801'28e7     0x2  Code  Gb  Timer.o [2]
TIM4_IRQHandler          0x801'28e9     0xa  Code  Gb  Timer.o [2]
TIM5_IRQHandler          0x801'28f3     0xa  Code  Gb  Timer.o [2]
TIM6_DAC_IRQHandler      0x802'062d          Code  Wk  startup_stm32f407xx.o [1]
TIM7_IRQHandler          0x802'0631          Code  Wk  startup_stm32f407xx.o [1]
TIM8_BRK_TIM12_IRQHandler
                         0x802'0609          Code  Wk  startup_stm32f407xx.o [1]
TIM8_CC_IRQHandler       0x802'0615          Code  Wk  startup_stm32f407xx.o [1]
TIM8_TRG_COM_TIM14_IRQHandler
                         0x802'0611          Code  Wk  startup_stm32f407xx.o [1]
TIM8_UP_TIM13_IRQHandler
                         0x802'060d          Code  Wk  startup_stm32f407xx.o [1]
TIM_Base_SetConfig       0x801'2381    0xe4  Code  Gb  stm32f4xx_hal_tim.o [7]
TimHandle4              0x2000'dbb4    0x3c  Data  Gb  Timer.o [2]
TimHandle5              0x2000'dbf0    0x3c  Data  Gb  Timer.o [2]
Time_Main                0x801'2c4f   0x1ea  Code  Gb  main.o [2]
Timer_init               0x801'287d    0x6a  Code  Gb  Timer.o [2]
Tx_Buff                 0x2000'a16c  0x17d0  Data  Gb  ethernetif.o [2]
UART4_IRQHandler         0x801'3499     0xc  Code  Gb  USRAT.o [2]
UART5_IRQHandler         0x802'0629          Code  Wk  startup_stm32f407xx.o [1]
UART_DMAAbortOnError     0x801'5c35    0x16  Code  Lc  stm32f4xx_hal_uart.o [7]
UART_EndRxTransfer       0x801'5c11    0x20  Code  Lc  stm32f4xx_hal_uart.o [7]
UART_EndTransmit_IT      0x801'5cbb    0x20  Code  Lc  stm32f4xx_hal_uart.o [7]
UART_Receive_IT          0x801'5cdb    0xa2  Code  Lc  stm32f4xx_hal_uart.o [7]
UART_SetConfig           0x801'5d7d   0x2ec  Code  Lc  stm32f4xx_hal_uart.o [7]
UART_Transmit_IT         0x801'5c4d    0x6e  Code  Lc  stm32f4xx_hal_uart.o [7]
USART1_IRQHandler        0x801'3481     0xc  Code  Gb  USRAT.o [2]
USART2_IRQHandler        0x802'05fd          Code  Wk  startup_stm32f407xx.o [1]
USART3_IRQHandler        0x801'348d     0xc  Code  Gb  USRAT.o [2]
USART6_IRQHandler        0x802'0669          Code  Wk  startup_stm32f407xx.o [1]
USARTRX_MainPro          0x801'34ff    0x1e  Code  Gb  USRAT.o [2]
USART_1CH_PRO            0x801'351d    0x56  Code  Gb  USRAT.o [2]
USART_1Ch               0x2000'dcb4    0x28  Data  Gb  USRAT.o [2]
USART_3Ch               0x2000'dcdc    0x28  Data  Gb  USRAT.o [2]
USART_RingBuf_Pro        0x801'36bd    0x88  Code  Gb  USRAT.o [2]
USART_TIM                0x801'3573    0x12  Code  Gb  USRAT.o [2]
USRAT_init               0x801'32d5   0x1ac  Code  Gb  USRAT.o [2]
UartHandle1             0x2000'daf4    0x40  Data  Gb  USRAT.o [2]
UartHandle3             0x2000'db34    0x40  Data  Gb  USRAT.o [2]
UartHandle4             0x2000'db74    0x40  Data  Gb  USRAT.o [2]
UsageFault_Handler       0x801'f5f5     0x2  Code  Gb  stm32f4xx_it.o [2]
User_notification        0x801'3921    0x32  Code  Gb  app_ethernet.o [2]
WWDG_Error_Handler       0x801'fb65     0x2  Code  Lc  WWDG.o [2]
WWDG_IRQHandler          0x801'fb41     0xa  Code  Gb  WWDG.o [2]
WwdgHandle              0x2000'dd84    0x14  Data  Gb  WWDG.o [2]
_LC                      0x801'91b1     0x6  Code  Lc  xprintffull_nomb.o [16]
_LitobFullNoMb           0x801'9e79   0x114  Code  Lc  xprintffull_nomb.o [16]
_Locale_lconv           0x2000'0050    0x38  Data  Lc  xlocale_c.o [16]
_PrintfFullNoMb          0x801'91b7   0xc92  Code  Gb  xprintffull_nomb.o [16]
_PutcharsFullNoMb        0x801'9fe5    0x2e  Code  Lc  xprintffull_nomb.o [16]
_Rand_idx               0x2000'd73c     0x4  Data  Lc  rand.o [16]
_Rand_rv                0x2000'd6bc    0x80  Data  Lc  rand.o [16]
_Randinit               0x2000'0048     0x1  Data  Gb  rand.o [16]
_Randseed               0x2000'004c     0x4  Data  Gb  rand.o [16]
_SProut                  0x801'2873     0xa  Code  Gb  xsprout.o [16]
__NVIC_ClearPendingIRQ   0x801'2053    0x1e  Code  Lc  stm32f4xx_hal_cortex.o [7]
__NVIC_EnableIRQ         0x801'2035    0x1e  Code  Lc  stm32f4xx_hal_cortex.o [7]
__NVIC_GetPriorityGrouping
                         0x801'2027     0xc  Code  Lc  stm32f4xx_hal_cortex.o [7]
__NVIC_SetPriority       0x801'2071    0x2c  Code  Lc  stm32f4xx_hal_cortex.o [7]
__NVIC_SetPriorityGrouping
                         0x801'2005    0x22  Code  Lc  stm32f4xx_hal_cortex.o [7]
__NVIC_SystemReset       0x801'20dd    0x1a  Code  Lc  stm32f4xx_hal_cortex.o [7]
__aeabi_cdcmple          0x801'e385          Code  Gb  DblCmpLe.o [17]
[...]
ip_reass_free_complete_datagram
                         0x801'ee01    0xa2  Code  Lc  ip4_frag.o [14]
ip_reass_pbufcount      0x2000'dea8     0x2  Data  Lc  ip4_frag.o [14]
ip_reass_remove_oldest_datagram
                         0x801'eea3    0x94  Code  Lc  ip4_frag.o [14]
ip_reass_tmr             0x801'edd1    0x30  Code  Gb  ip4_frag.o [14]
ipfrag_free_pbuf_custom
                         0x801'f30f    0x1a  Code  Lc  ip4_frag.o [14]
ldexp                    0x801'e3ed          Code  Gb  ldexp.o [17]
ldexpl                   0x801'e3ed          Code  Gb  ldexp.o [17]
lfree                   0x2000'de14     0x4  Data  Lc  mem.o [13]
localeconv               0x801'e989     0x4  Code  Gb  xlocale_c.o [16]
loudness_ctrl           0x2000'debd     0x1  Data  Gb  debug_task.o [2]
low_level_init           0x801'41df   0x164  Code  Lc  ethernetif.o [2]
low_level_input          0x801'4439   0x124  Code  Lc  ethernetif.o [2]
low_level_output         0x801'4343    0xf6  Code  Lc  ethernetif.o [2]
lwip_cyclic_timers       0x801'fd54    0x28  Data  Gb  timeouts.o [13]
lwip_htonl               0x801'bee9    0x1c  Code  Gb  def.o [13]
lwip_htons               0x801'bed9    0x10  Code  Gb  def.o [13]
lwip_init                0x801'3905    0x1c  Code  Gb  init.o [13]
lwip_standard_chksum     0x801'ed07    0x6e  Code  Gb  inet_chksum.o [13]
mAlarmAEventCallback_Flag
                        0x2000'0095     0x1  Data  Gb  main.o [2]
mAnsSetFlag             0x2000'deaa     0x2  Data  Gb  main.o [2]
mChen                   0x2000'de9c     0x4  Data  Gb  USRAT.o [2]
mDI_CheckFlag           0x2000'dec5     0x1  Data  Gb  main.o [2]
mFLASH_TIM_Cnt          0x2000'0004     0x4  Data  Gb  Flash.o [2]
mFlashSaveCnt           0x2000'0090     0x2  Data  Gb  Flash.o [2]
mLCDPrintBuf            0x2000'c708   0x200  Data  Gb  main.o [2]
mLCDPrintBuf_2          0x2000'ca74   0x100  Data  Gb  main.o [2]
mLed_Process_Flag       0x2000'd514    0x94  Data  Gb  main.o [2]
mTimerFlag_10s          0x2000'dec4     0x1  Data  Gb  main.o [2]
mUSART_GetRXBuf_1ch     0x2000'ddc4     0x8  Data  Gb  USRAT.o [2]
mUSART_GetRXBuf_3ch     0x2000'ddcc     0x8  Data  Gb  USRAT.o [2]
mUSART_RXBufBackUp_1ch  0x2000'cd74   0x100  Data  Gb  USRAT.o [2]
mUSART_RXBufBackUp_3ch  0x2000'd074   0x100  Data  Gb  USRAT.o [2]
mUSART_RXBuf_1ch        0x2000'cb74   0x100  Data  Gb  USRAT.o [2]
mUSART_RXBuf_3ch        0x2000'ce74   0x100  Data  Gb  USRAT.o [2]
mUSART_TXBuf_1ch        0x2000'cc74   0x100  Data  Gb  USRAT.o [2]
mUSART_TXBuf_3ch        0x2000'cf74   0x100  Data  Gb  USRAT.o [2]
m_Main_TIM_Cnt          0x2000'dde8     0x4  Data  Gb  main.o [2]
m_Main_TIM_Cnt_Reset    0x2000'ddec     0x4  Data  Gb  main.o [2]
main                     0x801'2979    0xfe  Code  Gb  main.o [2]
main_vol_gain           0x2000'deb8     0x1  Data  Gb  debug_task.o [2]
mem_free                 0x801'6255    0x34  Code  Gb  mem.o [13]
mem_init                 0x801'6219    0x3c  Code  Gb  mem.o [13]
mem_malloc               0x801'63c9   0x10a  Code  Gb  mem.o [13]
mem_trim                 0x801'6289   0x140  Code  Gb  mem.o [13]
memchr                   0x801'e2bd          Code  Gb  memchr.o [18]
memcmp                   0x801'f53d          Code  Gb  memcmp.o [18]
memp_FRAG_PBUF           0x802'0408     0xc  Data  Gb  memp.o [13]
memp_PBUF                0x802'0420     0xc  Data  Gb  memp.o [13]
memp_PBUF_POOL           0x802'042c     0xc  Data  Gb  memp.o [13]
memp_RAW_PCB             0x802'03c0     0xc  Data  Gb  memp.o [13]
memp_REASSDATA           0x802'03fc     0xc  Data  Gb  memp.o [13]
memp_SYS_TIMEOUT         0x802'0414     0xc  Data  Gb  memp.o [13]
memp_TCP_PCB             0x802'03d8     0xc  Data  Gb  memp.o [13]
memp_TCP_PCB_LISTEN      0x802'03e4     0xc  Data  Gb  memp.o [13]
memp_TCP_SEG             0x802'03f0     0xc  Data  Gb  memp.o [13]
memp_UDP_PCB             0x802'03cc     0xc  Data  Gb  memp.o [13]
memp_free                0x801'6575    0x24  Code  Gb  memp.o [13]
memp_init                0x801'650f    0x20  Code  Gb  memp.o [13]
memp_init_pool           0x801'64e5    0x2a  Code  Gb  memp.o [13]
memp_malloc              0x801'6547    0x20  Code  Gb  memp.o [13]
memp_memory_FRAG_PBUF_base
                        0x2000'c908   0x16c  Data  Gb  memp.o [13]
memp_memory_PBUF_POOL_base
                        0x2000'3364  0x2e24  Data  Gb  memp.o [13]
memp_memory_PBUF_base   0x2000'd470    0xa4  Data  Gb  memp.o [13]
memp_memory_RAW_PCB_base
                        0x2000'd840    0x74  Data  Gb  memp.o [13]
memp_memory_REASSDATA_base
                        0x2000'd328    0xa4  Data  Gb  memp.o [13]
memp_memory_SYS_TIMEOUT_base
                        0x2000'd3cc    0xa4  Data  Gb  memp.o [13]
memp_memory_TCP_PCB_LISTEN_base
                        0x2000'd5a8    0x90  Data  Gb  memp.o [13]
memp_memory_TCP_PCB_base
                        0x2000'b93c   0x5cc  Data  Gb  memp.o [13]
memp_memory_TCP_SEG_base
                        0x2000'd638    0x84  Data  Gb  memp.o [13]
memp_memory_UDP_PCB_base
                        0x2000'd264    0xc4  Data  Gb  memp.o [13]
memp_pools               0x801'fc8c    0x28  Data  Gb  memp.o [13]
memp_tab_FRAG_PBUF      0x2000'de30     0x4  Data  Lc  memp.o [13]
memp_tab_PBUF           0x2000'de38     0x4  Data  Lc  memp.o [13]
memp_tab_PBUF_POOL      0x2000'de3c     0x4  Data  Lc  memp.o [13]
memp_tab_RAW_PCB        0x2000'de18     0x4  Data  Lc  memp.o [13]
memp_tab_REASSDATA      0x2000'de2c     0x4  Data  Lc  memp.o [13]
memp_tab_SYS_TIMEOUT    0x2000'de34     0x4  Data  Lc  memp.o [13]
memp_tab_TCP_PCB        0x2000'de20     0x4  Data  Lc  memp.o [13]
memp_tab_TCP_PCB_LISTEN
                        0x2000'de24     0x4  Data  Lc  memp.o [13]
memp_tab_TCP_SEG        0x2000'de28     0x4  Data  Lc  memp.o [13]
memp_tab_UDP_PCB        0x2000'de1c     0x4  Data  Lc  memp.o [13]
message_count           0x2000'de94     0x4  Data  Gb  udp_echoclient.o [2]
nTime_Flage_100us       0x2000'de8c     0x4  Data  Gb  Timer.o [2]
nTime_Flage_1ms         0x2000'de88     0x4  Data  Gb  Timer.o [2]
netif_add                0x801'48d7    0x7c  Code  Gb  netif.o [13]
netif_default           0x2000'de44     0x4  Data  Gb  netif.o [13]
netif_init               0x801'48d5     0x2  Code  Gb  netif.o [13]
netif_issue_reports      0x801'4a43    0x22  Code  Lc  netif.o [13]
netif_list              0x2000'de40     0x4  Data  Gb  netif.o [13]
netif_num               0x2000'deca     0x1  Data  Lc  netif.o [13]
netif_set_addr           0x801'4953    0x48  Code  Gb  netif.o [13]
netif_set_default        0x801'4a03     0x6  Code  Gb  netif.o [13]
netif_set_down           0x801'4a65    0x28  Code  Gb  netif.o [13]
netif_set_gw             0x801'49e7     0xe  Code  Gb  netif.o [13]
netif_set_ipaddr         0x801'499b    0x4c  Code  Gb  netif.o [13]
netif_set_link_callback
                         0x801'4aef     0x8  Code  Gb  netif.o [13]
netif_set_link_down      0x801'4ac9    0x26  Code  Gb  netif.o [13]
netif_set_link_up        0x801'4a8d    0x3c  Code  Gb  netif.o [13]
netif_set_netmask        0x801'49f5     0xe  Code  Gb  netif.o [13]
netif_set_up             0x801'4a19    0x2a  Code  Gb  netif.o [13]
next_timeout            0x2000'de7c     0x4  Data  Lc  timeouts.o [13]
njw1192_default_value    0x801'566d   0x16c  Code  Gb  debug_task.o [2]
njw1192_mute             0x801'561d    0x4e  Code  Gb  debug_task.o [2]
njw1192_tx_data         0x2000'dea4     0x2  Data  Gb  debug_task.o [2]
njw1192_write            0x801'55f1    0x2c  Code  Gb  debug_task.o [2]
njw1192_write::njw_i2c_err
                        0x2000'debf     0x1  Data  Lc  debug_task.o [2]
pFlash                  0x2000'dd24    0x20  Data  Gb  stm32f4xx_hal_flash.o [7]
pbuf_alloc               0x801'aca1   0x194  Code  Gb  pbuf.o [13]
pbuf_alloced_custom      0x801'ae35    0x8a  Code  Gb  pbuf.o [13]
pbuf_cat                 0x801'b0ef    0x2e  Code  Gb  pbuf.o [13]
pbuf_chain               0x801'b11d    0x16  Code  Gb  pbuf.o [13]
pbuf_clen                0x801'b0d1    0x12  Code  Gb  pbuf.o [13]
pbuf_copy                0x801'b133    0xda  Code  Gb  pbuf.o [13]
pbuf_copy_partial        0x801'b20d    0xae  Code  Gb  pbuf.o [13]
pbuf_free                0x801'b04b    0x86  Code  Gb  pbuf.o [13]
pbuf_header              0x801'b023    0x14  Code  Gb  pbuf.o [13]
pbuf_header_force        0x801'b037    0x14  Code  Gb  pbuf.o [13]
pbuf_header_impl         0x801'af55    0xce  Code  Lc  pbuf.o [13]
pbuf_realloc             0x801'aebf    0x96  Code  Gb  pbuf.o [13]
pbuf_ref                 0x801'b0e3     0xc  Code  Gb  pbuf.o [13]
pbuf_take                0x801'b2bb    0x98  Code  Gb  pbuf.o [13]
plug_holes               0x801'61b5    0x64  Code  Lc  mem.o [13]
pmEthernet_Rx_struct    0x2000'ddf4     0x4  Data  Gb  main.o [2]
processCurrentVal        0x801'3b87   0x190  Code  Gb  I2C.o [2]
processCurrentVal::bCurLedCtr
                        0x2000'0008     0x4  Data  Lc  I2C.o [2]
ram                     0x2000'de0c     0x4  Data  Lc  mem.o [13]
ram_end                 0x2000'de10     0x4  Data  Lc  mem.o [13]
ram_heap                0x2000'6188  0x2814  Data  Gb  mem.o [13]
rand                     0x801'e1c9    0x8a  Code  Gb  rand.o [16]
raw_input                0x801'b389    0xa4  Code  Gb  raw.o [13]
raw_input_match          0x801'b355    0x34  Code  Lc  raw.o [13]
raw_netif_ip_addr_changed
                         0x801'b42d    0x34  Code  Gb  raw.o [13]
raw_pcbs                0x2000'de48     0x4  Data  Lc  raw.o [13]
reassdatagrams          0x2000'dde4     0x4  Data  Lc  ip4_frag.o [14]
recv_acked              0x2000'deb2     0x2  Data  Lc  tcp_in.o [13]
recv_data               0x2000'de74     0x4  Data  Lc  tcp_in.o [13]
recv_flags              0x2000'decf     0x1  Data  Lc  tcp_in.o [13]
room_vol_gain           0x2000'deb9     0x1  Data  Gb  debug_task.o [2]
salarmstructure         0x2000'dc8c    0x28  Data  Gb  main.o [2]
scalbln                  0x801'e3ed          Code  Gb  ldexp.o [17]
scalblnl                 0x801'e3ed          Code  Gb  ldexp.o [17]
scalbn                   0x801'e3ed          Code  Gb  ldexp.o [17]
scalbnl                  0x801'e3ed          Code  Gb  ldexp.o [17]
scale                    0x801'9f8d    0x46  Code  Lc  xprintffull_nomb.o [16]
sdatestructureget       0x2000'ddf8     0x4  Data  Gb  main.o [2]
sec_hand                0x2000'dea0     0x4  Data  Lc  xfail_s.o [16]
seqno                   0x2000'de6c     0x4  Data  Lc  tcp_in.o [13]
setAMP_Standby           0x801'4ead    0x20  Code  Gb  AmpGpio.o [2]
setAmp_Mute_1            0x801'4ffd    0x24  Code  Gb  AmpGpio.o [2]
setAmp_Mute_2            0x801'5021    0x24  Code  Gb  AmpGpio.o [2]
setBk_Out_1              0x801'4ecd    0x4c  Code  Gb  AmpGpio.o [2]
setBk_Out_3              0x801'4f19    0x4c  Code  Gb  AmpGpio.o [2]
setBk_Out_5              0x801'4f65    0x4c  Code  Gb  AmpGpio.o [2]
setBk_Out_6              0x801'4fb1    0x4c  Code  Gb  AmpGpio.o [2]
sprintf                  0x801'407d    0x40  Code  Gb  sprintf.o [16]
stimestructureget       0x2000'dd70    0x14  Data  Gb  main.o [2]
strchr                   0x801'e265          Code  Gb  strchr.o [18]
strlen                   0x801'617d          Code  Gb  strlen.o [18]
strncmp                  0x801'6075    0x2a  Code  Gb  strncmp.o [16]
sys_check_timeouts       0x801'4843    0x70  Code  Gb  timeouts.o [13]
sys_now                  0x801'45b3     0x8  Code  Gb  ethernetif.o [2]
sys_timeout              0x801'477f    0xc4  Code  Gb  timeouts.o [13]
sys_timeouts_init        0x801'4759    0x26  Code  Gb  timeouts.o [13]
tcp_abandon              0x801'7145    0xe0  Code  Gb  tcp.o [13]
tcp_abort                0x801'7225     0xe  Code  Gb  tcp.o [13]
tcp_active_pcbs         0x2000'de5c     0x4  Data  Gb  tcp.o [13]
tcp_active_pcbs_changed
                        0x2000'decb     0x1  Data  Gb  tcp.o [13]
tcp_alloc                0x801'7901    0xf6  Code  Gb  tcp.o [13]
tcp_backoff              0x802'0338    0x10  Data  Lc  tcp.o [13]
tcp_bound_pcbs          0x2000'de54     0x4  Data  Gb  tcp.o [13]
tcp_close                0x801'711b    0x2a  Code  Gb  tcp.o [13]
tcp_close_shutdown       0x801'6f6d   0x1ae  Code  Lc  tcp.o [13]
tcp_create_segment       0x801'c643    0xbc  Code  Lc  tcp_out.o [13]
tcp_debug_print          0x801'7b9f     0x2  Code  Gb  tcp.o [13]
tcp_debug_print_state    0x801'7ba1    0x16  Code  Gb  tcp.o [13]
tcp_eff_send_mss_impl    0x801'7ae3    0x3e  Code  Gb  tcp.o [13]
tcp_enqueue_flags        0x801'c6ff    0xfa  Code  Gb  tcp_out.o [13]
tcp_fasttmr              0x801'766f    0x6c  Code  Gb  tcp.o [13]
tcp_getoptbyte           0x801'e099    0x42  Code  Lc  tcp_in.o [13]
tcp_init                 0x801'6f19     0x2  Code  Gb  tcp.o [13]
tcp_input                0x801'ce81   0x4fe  Code  Gb  tcp_in.o [13]
tcp_input_pcb           0x2000'de78     0x4  Data  Gb  tcp_in.o [13]
tcp_keepalive            0x801'cd2f    0x5a  Code  Gb  tcp_out.o [13]
tcp_kill_prio            0x801'7813    0x5c  Code  Lc  tcp.o [13]
tcp_kill_state           0x801'786f    0x4e  Code  Lc  tcp.o [13]
tcp_kill_timewait        0x801'78bd    0x40  Code  Lc  tcp.o [13]
tcp_listen_closed        0x801'6f4d    0x20  Code  Lc  tcp.o [13]
tcp_listen_input         0x801'd37f   0x11e  Code  Lc  tcp_in.o [13]
tcp_listen_pcbs         0x2000'de58     0x4  Data  Gb  tcp.o [13]
tcp_netif_ip_addr_changed
                         0x801'7b51    0x4e  Code  Gb  tcp.o [13]
tcp_netif_ip_addr_changed_pcblist
                         0x801'7b21    0x2e  Code  Lc  tcp.o [13]
tcp_next_iss             0x801'7ad3    0x10  Code  Gb  tcp.o [13]
tcp_next_iss::iss       0x2000'0044     0x4  Data  Lc  tcp.o [13]
tcp_optidx              0x2000'deb0     0x2  Data  Lc  tcp_in.o [13]
tcp_output               0x801'c87f   0x23c  Code  Gb  tcp_out.o [13]
tcp_output_alloc_header
                         0x801'c575    0x84  Code  Lc  tcp_out.o [13]
tcp_output_segment       0x801'cabb    0xca  Code  Lc  tcp_out.o [13]
tcp_parseopt             0x801'e0e5    0xa8  Code  Lc  tcp_in.o [13]
tcp_pcb_lists            0x802'0348    0x10  Data  Gb  tcp.o [13]
tcp_pcb_purge            0x801'79fd    0x6c  Code  Gb  tcp.o [13]
tcp_pcb_remove           0x801'7a6d    0x66  Code  Gb  tcp.o [13]
tcp_pcbs_sane            0x801'7c51     0x2  Code  Gb  tcp.o [13]
tcp_persist_backoff      0x802'0548     0x8  Data  Lc  tcp.o [13]
tcp_process              0x801'd527   0x52e  Code  Lc  tcp_in.o [13]
tcp_process_refused_data
                         0x801'76e9    0xaa  Code  Gb  tcp.o [13]
tcp_receive              0x801'da99   0x600  Code  Lc  tcp_in.o [13]
tcp_recv_null            0x801'77e1    0x32  Code  Gb  tcp.o [13]
tcp_recved               0x801'727f    0x58  Code  Gb  tcp.o [13]
tcp_remove_listener      0x801'6f37    0x16  Code  Lc  tcp.o [13]
tcp_rexmit               0x801'cc67    0x5a  Code  Gb  tcp_out.o [13]
tcp_rexmit_fast          0x801'ccc1    0x6e  Code  Gb  tcp_out.o [13]
tcp_rexmit_rto           0x801'cc2f    0x38  Code  Gb  tcp_out.o [13]
tcp_rst                  0x801'cb91    0x9e  Code  Gb  tcp_out.o [13]
tcp_seg_free             0x801'77c3    0x1e  Code  Gb  tcp.o [13]
tcp_segs_free            0x801'77ad    0x16  Code  Gb  tcp.o [13]
tcp_send_empty_ack       0x801'c7f9    0x86  Code  Gb  tcp_out.o [13]
tcp_send_fin             0x801'c5f9    0x4a  Code  Gb  tcp_out.o [13]
tcp_slowtmr              0x801'72d7   0x398  Code  Gb  tcp.o [13]
tcp_state_str            0x801'fbc0    0x2c  Data  Lc  tcp.o [13]
tcp_ticks               0x2000'de50     0x4  Data  Gb  tcp.o [13]
tcp_timer               0x2000'decc     0x1  Data  Lc  tcp.o [13]
tcp_timer_ctr           0x2000'decd     0x1  Data  Lc  tcp.o [13]
tcp_timer_needed         0x801'4719    0x2a  Code  Gb  timeouts.o [13]
tcp_timewait_input       0x801'd49d    0x8a  Code  Lc  tcp_in.o [13]
tcp_tmr                  0x801'6f1b    0x1c  Code  Gb  tcp.o [13]
tcp_trigger_input_pcb_close
                         0x801'e18d     0xc  Code  Gb  tcp_in.o [13]
tcp_tw_pcbs             0x2000'de60     0x4  Data  Gb  tcp.o [13]
tcp_update_rcv_ann_wnd   0x801'7233    0x4c  Code  Gb  tcp.o [13]
tcp_zero_window_probe    0x801'cd89    0xf8  Code  Gb  tcp_out.o [13]
tcphdr                  0x2000'de64     0x4  Data  Lc  tcp_in.o [13]
tcphdr_opt1len          0x2000'deae     0x2  Data  Lc  tcp_in.o [13]
tcphdr_opt2             0x2000'de68     0x4  Data  Lc  tcp_in.o [13]
tcphdr_optlen           0x2000'deac     0x2  Data  Lc  tcp_in.o [13]
tcpip_tcp_timer          0x801'46ed    0x2c  Code  Lc  timeouts.o [13]
tcpip_tcp_timer_active  0x2000'de84     0x4  Data  Lc  timeouts.o [13]
tcplen                  0x2000'deb4     0x2  Data  Lc  tcp_in.o [13]
timeouts_last_time      0x2000'de80     0x4  Data  Lc  timeouts.o [13]
tonebass_gain           0x2000'debb     0x1  Data  Gb  debug_task.o [2]
tonetreble_gain         0x2000'debc     0x1  Data  Gb  debug_task.o [2]
udp_SysLog_Connect       0x801'5161    0xda  Code  Gb  udp_echoclient.o [2]
udp_SysLog_Connect::szBuf
                        0x2000'bf08   0x400  Data  Lc  udp_echoclient.o [2]
udp_bind                 0x801'6cd1    0xce  Code  Gb  udp.o [13]
udp_connect              0x801'6d9f    0x66  Code  Gb  udp.o [13]
udp_init                 0x801'65a1     0x2  Code  Gb  udp.o [13]
udp_input                0x801'6649   0x4dc  Code  Gb  udp.o [13]
udp_input_local_match    0x801'65f3    0x56  Code  Lc  udp.o [13]
udp_netif_ip_addr_changed
                         0x801'6e6d    0x34  Code  Gb  udp.o [13]
udp_new                  0x801'6e47    0x26  Code  Gb  udp.o [13]
udp_new_port             0x801'65a3    0x50  Code  Lc  udp.o [13]
udp_pcbs                0x2000'de90     0x4  Data  Gb  udp.o [13]
udp_port                0x2000'0092     0x2  Data  Lc  udp.o [13]
udp_receive_callback     0x801'523d    0x2e  Code  Gb  udp_echoclient.o [2]
udp_recv                 0x801'6e05     0x6  Code  Gb  udp.o [13]
udp_remove               0x801'6e0b    0x3c  Code  Gb  udp.o [13]
udp_send                 0x801'6b2d    0x1e  Code  Gb  udp.o [13]
udp_sendto               0x801'6b4b    0x42  Code  Gb  udp.o [13]
udp_sendto_if            0x801'6b8d    0x64  Code  Gb  udp.o [13]
udp_sendto_if_src        0x801'6bf1    0xe0  Code  Gb  udp.o [13]
upcb                    0x2000'de98     0x4  Data  Gb  udp_echoclient.o [2]
uwTick                  0x2000'de4c     0x4  Data  Gb  stm32f4xx_hal.o [7]
vsprintf                 0x801'6149    0x34  Code  Gb  vsprintf.o [16]


[1] = C:\D\JDS_DATA\LEDC_EMU_TEST\File\EWARM\STM324xG_EVAL\Obj\Application\EWARM
[2] = C:\D\JDS_DATA\LEDC_EMU_TEST\File\EWARM\STM324xG_EVAL\Obj\Application\User
[3] = C:\D\JDS_DATA\LEDC_EMU_TEST\File\EWARM\STM324xG_EVAL\Obj\Application\Utilities\Fonts
[4] = C:\D\JDS_DATA\LEDC_EMU_TEST\File\EWARM\STM324xG_EVAL\Obj\Drivers\BSP\Components
[5] = C:\D\JDS_DATA\LEDC_EMU_TEST\File\EWARM\STM324xG_EVAL\Obj\Drivers\BSP\STM324xG_EVAL
[6] = C:\D\JDS_DATA\LEDC_EMU_TEST\File\EWARM\STM324xG_EVAL\Obj\Drivers\CMSIS
[7] = C:\D\JDS_DATA\LEDC_EMU_TEST\File\EWARM\STM324xG_EVAL\Obj\Drivers\STM32F4xx_HAL_Driver
[8] = C:\D\JDS_DATA\LEDC_EMU_TEST\File\EWARM\STM324xG_EVAL\Obj\Drivers\display\Config
[9] = C:\D\JDS_DATA\LEDC_EMU_TEST\File\EWARM\STM324xG_EVAL\Obj\Drivers\display\Example
[10] = C:\D\JDS_DATA\LEDC_EMU_TEST\File\EWARM\STM324xG_EVAL\Obj\Drivers\display\GUI
[11] = C:\D\JDS_DATA\LEDC_EMU_TEST\File\EWARM\STM324xG_EVAL\Obj\Drivers\display\OLED
[12] = C:\D\JDS_DATA\LEDC_EMU_TEST\File\EWARM\STM324xG_EVAL\Obj\Middlewares\LwIP\Api
[13] = C:\D\JDS_DATA\LEDC_EMU_TEST\File\EWARM\STM324xG_EVAL\Obj\Middlewares\LwIP\Core
[14] = C:\D\JDS_DATA\LEDC_EMU_TEST\File\EWARM\STM324xG_EVAL\Obj\Middlewares\LwIP\Core\IPv4
[15] = C:\D\JDS_DATA\LEDC_EMU_TEST\File\EWARM\STM324xG_EVAL\Obj\Middlewares\LwIP\Netif
[16] = dl7M_tlf.a
[17] = m7M_tls.a
[18] = rt7M_tl.a
[19] = shb_l.a

  63'767 bytes of readonly  code memory
   3'548 bytes of readonly  data memory
  65'232 bytes of readwrite data memory

Errors: none
Warnings: none
